[   12926ms] [WARNING] A speculation rule set was inserted into the document but will be ignored. This might happen, for example, if it was previously inserted into another document, or if it was created using the innerHTML setter. @ https://www.google.com/search?q=react-globe.gl+what&oq=react-globe.gl+what&gs_lcrp=EgZjaHJvbWUyBggAEEUYOTIICAEQABgWGB4yDQgCEAAYhgMYgAQYigUyCggDEAAYgAQYogQyCggEEAAYgAQYogQyBwgFEAAY7wXSAQgxMTQyajBqNKgCALACAQ&sourceid=chrome&ie=UTF-8&source=chrome.ob&sei=qEIYaofxNr2fkdUP6rTUsQ0:58
[   19501ms] [INFO] Autofocus processing was blocked because a document already has a focused element. @ https://www.google.com/search?q=react-globe.gl+what&oq=react-globe.gl+what&gs_lcrp=EgZjaHJvbWUyBggAEEUYOTIICAEQABgWGB4yDQgCEAAYhgMYgAQYigUyCggDEAAYgAQYogQyCggEEAAYgAQYogQyBwgFEAAY7wXSAQgxMTQyajBqNKgCALACAQ&sourceid=chrome&ie=UTF-8&source=chrome.ob&sei=qEIYaofxNr2fkdUP6rTUsQ0:0
[   29492ms] [ERROR] Failed to load resource: the server responded with a status of 403 () @ https://codesandbox.io/favicon.ico:0
[   31554ms] [ERROR] Failed to load resource: the server responded with a status of 403 () @ https://codesandbox.io/favicon.ico:0
[   37114ms] [ERROR] Failed to load resource: the server responded with a status of 403 () @ https://codesandbox.io/changelog/version:0
[   37115ms] [WARNING] Failed to get latest changelog SyntaxError: Unexpected token '<', "<!DOCTYPE "... is not valid JSON @ https://codesandbox.io/p/assets/vendor-f6fee415.js:1257
[   37163ms] [ERROR] EntryNotFound (FileSystemError): File does not exist
    at NP.create (https://codesandbox.io/p/assets/vendor-f6fee415.js:696:9585)
    at yc (https://codesandbox.io/p/assets/vendor-f6fee415.js:696:9692)
    at https://codesandbox.io/p/assets/vendor-f6fee415.js:961:38353 @ https://codesandbox.io/p/assets/vendor-f6fee415.js:1257
[   37530ms] [ERROR] Failed to load resource: the server responded with a status of 403 () @ https://codesandbox.io/changelog/version:0
[   37533ms] [WARNING] Failed to get latest changelog SyntaxError: Unexpected token '<', "<!DOCTYPE "... is not valid JSON @ https://codesandbox.io/p/assets/vendor-f6fee415.js:1257
[   37547ms] [ERROR] Failed to load resource: the server responded with a status of 403 () @ https://codesandbox.io/changelog/version:0
[   37550ms] [WARNING] Failed to get latest changelog SyntaxError: Unexpected token '<', "<!DOCTYPE "... is not valid JSON @ https://codesandbox.io/p/assets/vendor-f6fee415.js:1257
[   38084ms] [ERROR] Failed to load resource: the server responded with a status of 401 () @ https://codesandbox.io/api/v1/users/current/integrations:0
[   38084ms] [ERROR] Failed to load resource: the server responded with a status of 401 () @ https://codesandbox.io/api/v1/users/current:0
[   38366ms] Error: (401) 
Could not sign in, please try to sign in again. (unauthenticated)
    at https://codesandbox.io/p/assets/index-b9ea2f0e.js:529:300
    at async $0.getUserGitHubToken (https://codesandbox.io/p/assets/index-b9ea2f0e.js:554:23586)
    at async Promise.all (index 0)
    at async $0.getCurrentSession (https://codesandbox.io/p/assets/index-b9ea2f0e.js:554:24055)
[   38597ms] [LOG] l10n: No bundle configured. 0 [l10n: No bundle configured.] @ https://codesandbox.io/p/assets/workerMain-75e76672.js:1
[   57712ms] [WARNING] task queue exceeded allotted deadline by 68ms @ https://codesandbox.io/p/assets/vendor-f6fee415.js:1257
[   78810ms] [WARNING] Failed to execute 'postMessage' on 'DOMWindow': The target origin provided ('https://8sl2ng-2222.csb.app') does not match the recipient window's origin ('https://codesandbox.io'). @ https://codesandbox.io/p/assets/Editor-2ff1b975.js:105
[   80060ms] [ERROR] Failed to load resource: the server responded with a status of 502 () @ https://8sl2ng-2222.csb.app/:0
[   84314ms] [ERROR] Failed to load resource: the server responded with a status of 502 () @ https://8sl2ng-2222.csb.app/:0
[   94846ms] [ERROR] Failed to load resource: the server responded with a status of 502 () @ https://8sl2ng-2222.csb.app/:0
[   95756ms] [ERROR] Failed to load resource: the server responded with a status of 403 () @ https://codesandbox.io/favicon.ico:0
[   96028ms] Canceled: Canceled
    at zL (https://codesandbox.io/p/assets/vendor-f6fee415.js:75:1015)
    at https://codesandbox.io/p/assets/vendor-f6fee415.js:963:27694
    at Array.forEach (<anonymous>)
    at lye.dispose (https://codesandbox.io/p/assets/vendor-f6fee415.js:963:27600)
    at ZFe.dispose (https://codesandbox.io/p/assets/vendor-f6fee415.js:963:41363)
    at xTt._doStopExtensionHosts (https://codesandbox.io/p/assets/vendor-f6fee415.js:970:18453)
    at v2e.value (https://codesandbox.io/p/assets/vendor-f6fee415.js:970:9483)
    at B._deliver (https://codesandbox.io/p/assets/vendor-f6fee415.js:95:2707)
    at B._deliverQueue (https://codesandbox.io/p/assets/vendor-f6fee415.js:95:2798)
    at B.fire (https://codesandbox.io/p/assets/vendor-f6fee415.js:95:3183)
    at F2t.onUnload (https://codesandbox.io/p/assets/vendor-f6fee415.js:1792:2902)
    at F2t.doShutdown (https://codesandbox.io/p/assets/vendor-f6fee415.js:1792:2533)
    at F2t.onBeforeUnload (https://codesandbox.io/p/assets/vendor-f6fee415.js:1792:1464)
    at https://codesandbox.io/p/assets/vendor-f6fee415.js:1792:1139
[   96089ms] [WARNING] A speculation rule set was inserted into the document but will be ignored. This might happen, for example, if it was previously inserted into another document, or if it was created using the innerHTML setter. @ https://www.google.com/search?q=react-globe.gl+what&oq=react-globe.gl+what&gs_lcrp=EgZjaHJvbWUyBggAEEUYOTIICAEQABgWGB4yDQgCEAAYhgMYgAQYigUyCggDEAAYgAQYogQyCggEEAAYgAQYogQyBwgFEAAY7wXSAQgxMTQyajBqNKgCALACAQ&sourceid=chrome&ie=UTF-8&source=chrome.ob&sei=qEIYaofxNr2fkdUP6rTUsQ0:58
[   96249ms] [ERROR] TypeError: Cannot read properties of null (reading 'sendMessage')
    at dt.sendMessage (https://www.gstatic.com/og/_/js/k=og.asy.en_US.jBzymAlzJ6A.2019.O/rt=j/m=_ac,_awd,ada,lldp,qads/exm=/d=1/ed=1/rs=AA2YrTtuUIIh-eJYlSSYynFJl89Tc3IfKA:458:482)
    at dt.Rd (https://www.gstatic.com/og/_/js/k=og.asy.en_US.jBzymAlzJ6A.2019.O/rt=j/m=_ac,_awd,ada,lldp,qads/exm=/d=1/ed=1/rs=AA2YrTtuUIIh-eJYlSSYynFJl89Tc3IfKA:468:472)
    at X.C (https://www.gstatic.com/og/_/js/k=og.asy.en_US.jBzymAlzJ6A.2019.O/rt=j/m=_ac,_awd,ada,lldp,qads/exm=/d=1/ed=1/rs=AA2YrTtuUIIh-eJYlSSYynFJl89Tc3IfKA:529:314)
    at RId (https://www.google.com/xjs/_/js/k=xjs.s.en_GB.0LXAfveyoAk.2019.O/ck=xjs.s.LJ-IA9N_EXQ.L.B1.O/am=AAAEAAAAQQAAABAAAAAAAAAECCACAAAAAAAAAAAAAAAAAABACAACAAAQAAAAAAAAAACAABAAAAAAAQAAAACAEAgAAAMAAAIBEAAAQAkAEACASEAEACYAAAAAAAAAoJA-QACABgAAAAAA8ABggBABAAAAAAAAAAAABAggAAEAQAIAAAAAAAAAEAAAAAAAAQAAQAgAAAAAGABAAAAQQBICAACgQgEAAAQAACAAAAAAAAAAAAAQRAAAAEBCCQAA4G_zDTQAAAAAAAEAAAAAABAAAAAAAAAAEAAAAMCARBpgAAAAAAAAYcACAAIACIUBAAAIAAICIAAAAAAAAICABCAAAAIGAAQAAEAAAAAAAAAAAAACAghCIQAAAoACEBAAABAAHAAAAAAAAAAAAQEAAAAAgAAAQAAAAgIQAggAAAAAAAUAAAUgAAAAADkAAAAAAAAACEQAIAABACPIAAAkCgAgAgAgAAAGAABEAAAAAAAAIIAEPwAgAAIAAAAAAMAJAAAAAEBAAAAAQALAEggEABgAAAAAkAPg8QAcIigAAAAAAAAAAAAAAAAAAAAAAAAAAAFQAONA8gsCIAAAAAAAAAAAAAAAAAAAAAAAAAAAAABIETYFAAAAAADYGgAQ/d=0/dg=0/br=1/ujg=1/rs=ACT90oGq_8Mul8b7aqVU_T6UiU0wdY80QA/cb=loaded_h_0/m=byfTOb,lsjVmc,LEikZe,sy97,kWgXee,ovKuLd,sgY6Zb,qafBPd,ebZ3mb,dowIGb,sy6bc,sy3h9,DpX64d,uKlGbf,sy6bd,EufiNb,sy1kd,gHhSjd,sy1kg,uUzMF,kN1Sic,sy1kk,sy1kh,Zby8rf,sy9rx,sy5o3,zmptHf,sy3hs,w4UyN,sy3ui,sy3tb,sy3ug,sy9nn,sy9nm,sy86q,sy7zi,sy7y6,sy7wq,sy7wn,sy7vk,sy7uq,sy7hs,sy79t,sy77e,sy726,sy71s,sy71r,sy71q,sy708,sy705,sy704,sy6zv,sy6yd,sy6uo,sy6tc,sy6ta,sy6sy,sy6kk,sy5xm,sy5xg,sy4yh,sy4tc,sy4fz,sy4fj,sy4ct,sy4co,sy3us,sy3u2,sy28x,sy28w,mGCtob,Snahre,sy3ux,sy9nl,QtOnSd,kNibNd,phtgnf,hvtMT,u09RR,HTSAKd,sy5r3,sy3uo,yMpBcb,sy5i9,sy3sz,y9WHyc,NJJMEe,QMVPaf,L8KGxe,wV5Pjc,ZNKFGf,sy2sd,sy1p4,sy1t2,g9xvRd,sy3uq,sy3up,sy3uw,sy3ur,sy5ho,sy50u,sy505,sy4h7,sy4bs,sy3uv,sy3un,sy3ul,PJdUfd,sy3u3,sy18i,sy17z,sy3u4,sy3u5,sy3t0,sy17o,sy17l,sy17k,sy15z,sy17m,sy17b,sy17c,sy17a,sy173,sy174,sy172,sy171,sy17p,sy178,sy179,sy170,sy175,sy39f,sy39g,sy13t,sy13u,syhk,sy3uk,sy3tx,sy2py,syv0,sy3ty,sy3u7,sy3tw,sy3tc,sy3ic,sy3ib,sy3i6,sy12x,Sp69O,OoK5v,PMS6Sd,rmWaj,syzz,syxz,sywh,Mbif2,ipWLfe,sy34m,sy34l,Kqhykb,CIZTGb,sy1p3,sy1p0,sy1p1,sy1oz,sy1ox,HIg7cd,sy102,QVaUhf,sy1p9,sy1p8,sy1p6,sy1p7,SJpD2c,eAR4Hf,sy6bv,nN2e1e,kQvlef,sy38b,WlNQGd,sy1v4,sy1w2,Tia57b,KpRAue,X8jtef,sy6bw,OXpAmf,sy5rs,sy375,sy15m,syvb,syp9,sy1tz,sy1tx,sy1u0,sy5rr,nRwWne,sy4c7,sy4c3,sy4bu?cb=121509378&xjs=s3:606:79)
    at https://www.google.com/xjs/_/js/k=xjs.s.en_GB.0LXAfveyoAk.2019.O/ck=xjs.s.LJ-IA9N_EXQ.L.B1.O/am=AAAEAAAAQQAAABAAAAAAAAAECCACAAAAAAAAAAAAAAAAAABACAACAAAQAAAAAAAAAACAABAAAAAAAQAAAACAEAgAAAMAAAIBEAAAQAkAEACASEAEACYAAAAAAAAAoJA-QACABgAAAAAA8ABggBABAAAAAAAAAAAABAggAAEAQAIAAAAAAAAAEAAAAAAAAQAAQAgAAAAAGABAAAAQQBICAACgQgEAAAQAACAAAAAAAAAAAAAQRAAAAEBCCQAA4G_zDTQAAAAAAAEAAAAAABAAAAAAAAAAEAAAAMCARBpgAAAAAAAAYcACAAIACIUBAAAIAAICIAAAAAAAAICABCAAAAIGAAQAAEAAAAAAAAAAAAACAghCIQAAAoACEBAAABAAHAAAAAAAAAAAAQEAAAAAgAAAQAAAAgIQAggAAAAAAAUAAAUgAAAAADkAAAAAAAAACEQAIAABACPIAAAkCgAgAgAgAAAGAABEAAAAAAAAIIAEPwAgAAIAAAAAAMAJAAAAAEBAAAAAQALAEggEABgAAAAAkAPg8QAcIigAAAAAAAAAAAAAAAAAAAAAAAAAAAFQAONA8gsCIAAAAAAAAAAAAAAAAAAAAAAAAAAAAABIETYFAAAAAADYGgAQ/d=0/dg=0/br=1/ujg=1/rs=ACT90oGq_8Mul8b7aqVU_T6UiU0wdY80QA/cb=loaded_h_0/m=byfTOb,lsjVmc,LEikZe,sy97,kWgXee,ovKuLd,sgY6Zb,qafBPd,ebZ3mb,dowIGb,sy6bc,sy3h9,DpX64d,uKlGbf,sy6bd,EufiNb,sy1kd,gHhSjd,sy1kg,uUzMF,kN1Sic,sy1kk,sy1kh,Zby8rf,sy9rx,sy5o3,zmptHf,sy3hs,w4UyN,sy3ui,sy3tb,sy3ug,sy9nn,sy9nm,sy86q,sy7zi,sy7y6,sy7wq,sy7wn,sy7vk,sy7uq,sy7hs,sy79t,sy77e,sy726,sy71s,sy71r,sy71q,sy708,sy705,sy704,sy6zv,sy6yd,sy6uo,sy6tc,sy6ta,sy6sy,sy6kk,sy5xm,sy5xg,sy4yh,sy4tc,sy4fz,sy4fj,sy4ct,sy4co,sy3us,sy3u2,sy28x,sy28w,mGCtob,Snahre,sy3ux,sy9nl,QtOnSd,kNibNd,phtgnf,hvtMT,u09RR,HTSAKd,sy5r3,sy3uo,yMpBcb,sy5i9,sy3sz,y9WHyc,NJJMEe,QMVPaf,L8KGxe,wV5Pjc,ZNKFGf,sy2sd,sy1p4,sy1t2,g9xvRd,sy3uq,sy3up,sy3uw,sy3ur,sy5ho,sy50u,sy505,sy4h7,sy4bs,sy3uv,sy3un,sy3ul,PJdUfd,sy3u3,sy18i,sy17z,sy3u4,sy3u5,sy3t0,sy17o,sy17l,sy17k,sy15z,sy17m,sy17b,sy17c,sy17a,sy173,sy174,sy172,sy171,sy17p,sy178,sy179,sy170,sy175,sy39f,sy39g,sy13t,sy13u,syhk,sy3uk,sy3tx,sy2py,syv0,sy3ty,sy3u7,sy3tw,sy3tc,sy3ic,sy3ib,sy3i6,sy12x,Sp69O,OoK5v,PMS6Sd,rmWaj,syzz,syxz,sywh,Mbif2,ipWLfe,sy34m,sy34l,Kqhykb,CIZTGb,sy1p3,sy1p0,sy1p1,sy1oz,sy1ox,HIg7cd,sy102,QVaUhf,sy1p9,sy1p8,sy1p6,sy1p7,SJpD2c,eAR4Hf,sy6bv,nN2e1e,kQvlef,sy38b,WlNQGd,sy1v4,sy1w2,Tia57b,KpRAue,X8jtef,sy6bw,OXpAmf,sy5rs,sy375,sy15m,syvb,syp9,sy1tz,sy1tx,sy1u0,sy5rr,nRwWne,sy4c7,sy4c3,sy4bu?cb=121509378&xjs=s3:606:456
    at https://www.google.com/xjs/_/js/k=xjs.s.en_GB.0LXAfveyoAk.2019.O/ck=xjs.s.LJ-IA9N_EXQ.L.B1.O/am=AAAEAAAAQQAAABAAAAAAAAAECCACAAAAAAAAAAAAAAAAAABACAACAAAQAAAAAAAAAACAABAAAAAAAQAAAACAEAgAAAMAAAIBEAAAQAkAEACASEAEACYAAAAAAAAAoJA-QACABgAAAAAA8ABggBABAAAAAAAAAAAABAggAAEAQAIAAAAAAAAAEAAAAAAAAQAAQAgAAAAAGABAAAAQQBICAACgQgEAAAQAACAAAAAAAAAAAAAQRAAAAEBCCQAA4G_zDTQAAAAAAAEAAAAAABAAAAAAAAAAEAAAAMCARBpgAAAAAAAAYcACAAIACIUBAAAIAAICIAAAAAAAAICABCAAAAIGAAQAAEAAAAAAAAAAAAACAghCIQAAAoACEBAAABAAHAAAAAAAAAAAAQEAAAAAgAAAQAAAAgIQAggAAAAAAAUAAAUgAAAAADkAAAAAAAAACEQAIAABACPIAAAkCgAgAgAgAAAGAABEAAAAAAAAIIAEPwAgAAIAAAAAAMAJAAAAAEBAAAAAQALAEggEABgAAAAAkAPg8QAcIigAAAAAAAAAAAAAAAAAAAAAAAAAAAFQAONA8gsCIAAAAAAAAAAAAAAAAAAAAAAAAAAAAABIETYFAAAAAADYGgAQ/d=0/dg=0/br=1/ujg=1/rs=ACT90oGq_8Mul8b7aqVU_T6UiU0wdY80QA/cb=loaded_h_0/m=byfTOb,lsjVmc,LEikZe,sy97,kWgXee,ovKuLd,sgY6Zb,qafBPd,ebZ3mb,dowIGb,sy6bc,sy3h9,DpX64d,uKlGbf,sy6bd,EufiNb,sy1kd,gHhSjd,sy1kg,uUzMF,kN1Sic,sy1kk,sy1kh,Zby8rf,sy9rx,sy5o3,zmptHf,sy3hs,w4UyN,sy3ui,sy3tb,sy3ug,sy9nn,sy9nm,sy86q,sy7zi,sy7y6,sy7wq,sy7wn,sy7vk,sy7uq,sy7hs,sy79t,sy77e,sy726,sy71s,sy71r,sy71q,sy708,sy705,sy704,sy6zv,sy6yd,sy6uo,sy6tc,sy6ta,sy6sy,sy6kk,sy5xm,sy5xg,sy4yh,sy4tc,sy4fz,sy4fj,sy4ct,sy4co,sy3us,sy3u2,sy28x,sy28w,mGCtob,Snahre,sy3ux,sy9nl,QtOnSd,kNibNd,phtgnf,hvtMT,u09RR,HTSAKd,sy5r3,sy3uo,yMpBcb,sy5i9,sy3sz,y9WHyc,NJJMEe,QMVPaf,L8KGxe,wV5Pjc,ZNKFGf,sy2sd,sy1p4,sy1t2,g9xvRd,sy3uq,sy3up,sy3uw,sy3ur,sy5ho,sy50u,sy505,sy4h7,sy4bs,sy3uv,sy3un,sy3ul,PJdUfd,sy3u3,sy18i,sy17z,sy3u4,sy3u5,sy3t0,sy17o,sy17l,sy17k,sy15z,sy17m,sy17b,sy17c,sy17a,sy173,sy174,sy172,sy171,sy17p,sy178,sy179,sy170,sy175,sy39f,sy39g,sy13t,sy13u,syhk,sy3uk,sy3tx,sy2py,syv0,sy3ty,sy3u7,sy3tw,sy3tc,sy3ic,sy3ib,sy3i6,sy12x,Sp69O,OoK5v,PMS6Sd,rmWaj,syzz,syxz,sywh,Mbif2,ipWLfe,sy34m,sy34l,Kqhykb,CIZTGb,sy1p3,sy1p0,sy1p1,sy1oz,sy1ox,HIg7cd,sy102,QVaUhf,sy1p9,sy1p8,sy1p6,sy1p7,SJpD2c,eAR4Hf,sy6bv,nN2e1e,kQvlef,sy38b,WlNQGd,sy1v4,sy1w2,Tia57b,KpRAue,X8jtef,sy6bw,OXpAmf,sy5rs,sy375,sy15m,syvb,syp9,sy1tz,sy1tx,sy1u0,sy5rr,nRwWne,sy4c7,sy4c3,sy4bu?cb=121509378&xjs=s3:567:932
    at _.Nh.v (https://www.gstatic.com/og/_/js/k=og.asy.en_US.jBzymAlzJ6A.2019.O/rt=j/m=_ac,_awd,ada,lldp,qads/exm=/d=1/ed=1/rs=AA2YrTtuUIIh-eJYlSSYynFJl89Tc3IfKA:128:285)
    at Array.forEach (<anonymous>)
    at _.Vd (https://www.gstatic.com/og/_/js/k=og.asy.en_US.jBzymAlzJ6A.2019.O/rt=j/m=_ac,_awd,ada,lldp,qads/exm=/d=1/ed=1/rs=AA2YrTtuUIIh-eJYlSSYynFJl89Tc3IfKA:69:881)
    at Ph (https://www.gstatic.com/og/_/js/k=og.asy.en_US.jBzymAlzJ6A.2019.O/rt=j/m=_ac,_awd,ada,lldp,qads/exm=/d=1/ed=1/rs=AA2YrTtuUIIh-eJYlSSYynFJl89Tc3IfKA:127:680) @ https://www.gstatic.com/og/_/js/k=og.asy.en_US.jBzymAlzJ6A.2019.O/rt=j/m=_ac,_awd,ada,lldp,qads/exm=/d=1/ed=1/rs=AA2YrTtuUIIh-eJYlSSYynFJl89Tc3IfKA:126
[  117517ms] [ERROR] Failed to load resource: the server responded with a status of 503 () @ https://collector.github.com/github/collect:0
[  117518ms] [ERROR] Failed to load resource: the server responded with a status of 503 () @ https://collector.github.com/github/collect:0
[  117693ms] [ERROR] Failed to load resource: the server responded with a status of 503 () @ https://collector.github.com/github/collect:0
[  340893ms] [ERROR] Failed to load resource: the server responded with a status of 503 () @ https://collector.github.com/github/collect:0
