[     223ms] [INFO] %cDownload the React DevTools for a better development experience: https://reactjs.org/link/react-devtools font-weight:bold @ http://localhost:3002/node_modules/.vite/deps/chunk-5FIUFYUJ.js?v=8c6aa4bf:21550
[     313ms] [WARNING] ⚠️ React Router Future Flag Warning: React Router will begin wrapping state updates in `React.startTransition` in v7. You can use the `v7_startTransition` future flag to opt-in early. For more information, see https://reactrouter.com/v6/upgrading/future#v7_starttransition. @ http://localhost:3002/node_modules/.vite/deps/react-router-dom.js?v=8c6aa4bf:4435
[     314ms] [WARNING] ⚠️ React Router Future Flag Warning: Relative route resolution within Splat routes is changing in v7. You can use the `v7_relativeSplatPath` future flag to opt-in early. For more information, see https://reactrouter.com/v6/upgrading/future#v7_relativesplatpath. @ http://localhost:3002/node_modules/.vite/deps/react-router-dom.js?v=8c6aa4bf:4435
[     326ms] [WARNING] THREE.Color: Alpha component of rgba(59,130,246,0.3) will be ignored. @ http://localhost:3002/node_modules/.vite/deps/react-globe__gl.js?v=8c6aa4bf:614
[     329ms] [WARNING] THREE.Color: Alpha component of rgba(59,130,246,0.3) will be ignored. @ http://localhost:3002/node_modules/.vite/deps/react-globe__gl.js?v=8c6aa4bf:614
[   34538ms] [WARNING] THREE.Color: Alpha component of rgba(59,130,246,0.3) will be ignored. @ http://localhost:3002/node_modules/.vite/deps/react-globe__gl.js?v=8c6aa4bf:614
[   34540ms] [WARNING] THREE.Color: Alpha component of rgba(59,130,246,0.3) will be ignored. @ http://localhost:3002/node_modules/.vite/deps/react-globe__gl.js?v=8c6aa4bf:614
[   34562ms] [WARNING] [.WebGL-0x104004eea00] GL_INVALID_FRAMEBUFFER_OPERATION: glClear: Framebuffer is incomplete: Attachment has zero size. @ http://localhost:3002/:0
[   34562ms] [WARNING] [.WebGL-0x104004eea00] GL_INVALID_FRAMEBUFFER_OPERATION: glClear: Framebuffer is incomplete: Attachment has zero size. @ http://localhost:3002/:0
[   34562ms] [WARNING] [.WebGL-0x104004eea00] GL_INVALID_FRAMEBUFFER_OPERATION: glDrawElements: Framebuffer is incomplete: Attachment has zero size. @ http://localhost:3002/:0
[   34562ms] [WARNING] [.WebGL-0x104004eea00] GL_INVALID_FRAMEBUFFER_OPERATION: glDrawElements: Framebuffer is incomplete: Attachment has zero size. @ http://localhost:3002/:0
[   34907ms] [WARNING] [.WebGL-0x104004eea00] GL_INVALID_FRAMEBUFFER_OPERATION: glClear: Framebuffer is incomplete: Attachment has zero size. @ http://localhost:3002/:0
[   34907ms] [WARNING] [.WebGL-0x104004eea00] GL_INVALID_FRAMEBUFFER_OPERATION: glClear: Framebuffer is incomplete: Attachment has zero size. @ http://localhost:3002/:0
[   34907ms] [WARNING] [.WebGL-0x104004eea00] GL_INVALID_FRAMEBUFFER_OPERATION: glDrawElements: Framebuffer is incomplete: Attachment has zero size. @ http://localhost:3002/:0
[   34907ms] [WARNING] [.WebGL-0x104004eea00] GL_INVALID_FRAMEBUFFER_OPERATION: glDrawElements: Framebuffer is incomplete: Attachment has zero size. @ http://localhost:3002/:0
[   34921ms] [WARNING] [.WebGL-0x104004eea00] GL_INVALID_FRAMEBUFFER_OPERATION: glClear: Framebuffer is incomplete: Attachment has zero size. @ http://localhost:3002/:0
[   34921ms] [WARNING] [.WebGL-0x104004eea00] GL_INVALID_FRAMEBUFFER_OPERATION: glClear: Framebuffer is incomplete: Attachment has zero size. @ http://localhost:3002/:0
[   34921ms] [WARNING] [.WebGL-0x104004eea00] GL_INVALID_FRAMEBUFFER_OPERATION: glDrawElements: Framebuffer is incomplete: Attachment has zero size. @ http://localhost:3002/:0
[   34921ms] [WARNING] [.WebGL-0x104004eea00] GL_INVALID_FRAMEBUFFER_OPERATION: glDrawElements: Framebuffer is incomplete: Attachment has zero size. @ http://localhost:3002/:0
[   34951ms] [WARNING] [.WebGL-0x104004eea00] GL_INVALID_FRAMEBUFFER_OPERATION: glClear: Framebuffer is incomplete: Attachment has zero size. @ http://localhost:3002/:0
[   34951ms] [WARNING] [.WebGL-0x104004eea00] GL_INVALID_FRAMEBUFFER_OPERATION: glClear: Framebuffer is incomplete: Attachment has zero size. @ http://localhost:3002/:0
[   34951ms] [WARNING] [.WebGL-0x104004eea00] GL_INVALID_FRAMEBUFFER_OPERATION: glDrawElements: Framebuffer is incomplete: Attachment has zero size. @ http://localhost:3002/:0
[   34951ms] [WARNING] [.WebGL-0x104004eea00] GL_INVALID_FRAMEBUFFER_OPERATION: glDrawElements: Framebuffer is incomplete: Attachment has zero size. @ http://localhost:3002/:0
[   34981ms] [WARNING] [.WebGL-0x104004eea00] GL_INVALID_FRAMEBUFFER_OPERATION: glClear: Framebuffer is incomplete: Attachment has zero size. @ http://localhost:3002/:0
[   34981ms] [WARNING] [.WebGL-0x104004eea00] GL_INVALID_FRAMEBUFFER_OPERATION: glClear: Framebuffer is incomplete: Attachment has zero size. @ http://localhost:3002/:0
[   34981ms] [WARNING] [.WebGL-0x104004eea00] GL_INVALID_FRAMEBUFFER_OPERATION: glDrawElements: Framebuffer is incomplete: Attachment has zero size. @ http://localhost:3002/:0
[   34981ms] [WARNING] [.WebGL-0x104004eea00] GL_INVALID_FRAMEBUFFER_OPERATION: glDrawElements: Framebuffer is incomplete: Attachment has zero size. @ http://localhost:3002/:0
[   34995ms] [WARNING] [.WebGL-0x104004eea00] GL_INVALID_FRAMEBUFFER_OPERATION: glClear: Framebuffer is incomplete: Attachment has zero size. @ http://localhost:3002/:0
[   34995ms] [WARNING] [.WebGL-0x104004eea00] GL_INVALID_FRAMEBUFFER_OPERATION: glClear: Framebuffer is incomplete: Attachment has zero size. @ http://localhost:3002/:0
[   34995ms] [WARNING] [.WebGL-0x104004eea00] GL_INVALID_FRAMEBUFFER_OPERATION: glDrawElements: Framebuffer is incomplete: Attachment has zero size. @ http://localhost:3002/:0
[   34995ms] [WARNING] [.WebGL-0x104004eea00] GL_INVALID_FRAMEBUFFER_OPERATION: glDrawElements: Framebuffer is incomplete: Attachment has zero size. @ http://localhost:3002/:0
[   35028ms] [WARNING] [.WebGL-0x104004eea00] GL_INVALID_FRAMEBUFFER_OPERATION: glClear: Framebuffer is incomplete: Attachment has zero size. @ http://localhost:3002/:0
[   35028ms] [WARNING] [.WebGL-0x104004eea00] GL_INVALID_FRAMEBUFFER_OPERATION: glClear: Framebuffer is incomplete: Attachment has zero size. @ http://localhost:3002/:0
[   35028ms] [WARNING] [.WebGL-0x104004eea00] GL_INVALID_FRAMEBUFFER_OPERATION: glDrawElements: Framebuffer is incomplete: Attachment has zero size. @ http://localhost:3002/:0
[   35028ms] [WARNING] [.WebGL-0x104004eea00] GL_INVALID_FRAMEBUFFER_OPERATION: glDrawElements: Framebuffer is incomplete: Attachment has zero size. @ http://localhost:3002/:0
[   35051ms] [WARNING] [.WebGL-0x104004eea00] GL_INVALID_FRAMEBUFFER_OPERATION: glClear: Framebuffer is incomplete: Attachment has zero size. @ http://localhost:3002/:0
[   35052ms] [WARNING] [.WebGL-0x104004eea00] GL_INVALID_FRAMEBUFFER_OPERATION: glClear: Framebuffer is incomplete: Attachment has zero size. @ http://localhost:3002/:0
[   35052ms] [WARNING] [.WebGL-0x104004eea00] GL_INVALID_FRAMEBUFFER_OPERATION: glDrawElements: Framebuffer is incomplete: Attachment has zero size. @ http://localhost:3002/:0
[   35052ms] [WARNING] [.WebGL-0x104004eea00] GL_INVALID_FRAMEBUFFER_OPERATION: glDrawElements: Framebuffer is incomplete: Attachment has zero size. @ http://localhost:3002/:0
[   35081ms] [WARNING] [.WebGL-0x104004eea00] GL_INVALID_FRAMEBUFFER_OPERATION: glClear: Framebuffer is incomplete: Attachment has zero size. @ http://localhost:3002/:0
[   35081ms] [WARNING] [.WebGL-0x104004eea00] GL_INVALID_FRAMEBUFFER_OPERATION: glClear: Framebuffer is incomplete: Attachment has zero size. @ http://localhost:3002/:0
[   35081ms] [WARNING] [.WebGL-0x104004eea00] GL_INVALID_FRAMEBUFFER_OPERATION: glDrawElements: Framebuffer is incomplete: Attachment has zero size. @ http://localhost:3002/:0
[   35081ms] [WARNING] [.WebGL-0x104004eea00] GL_INVALID_FRAMEBUFFER_OPERATION: glDrawElements: Framebuffer is incomplete: Attachment has zero size. @ http://localhost:3002/:0
[   35103ms] [WARNING] [.WebGL-0x104004eea00] GL_INVALID_FRAMEBUFFER_OPERATION: glClear: Framebuffer is incomplete: Attachment has zero size. @ http://localhost:3002/:0
[   35103ms] [WARNING] [.WebGL-0x104004eea00] GL_INVALID_FRAMEBUFFER_OPERATION: glClear: Framebuffer is incomplete: Attachment has zero size. @ http://localhost:3002/:0
[   35103ms] [WARNING] [.WebGL-0x104004eea00] GL_INVALID_FRAMEBUFFER_OPERATION: glDrawElements: Framebuffer is incomplete: Attachment has zero size. @ http://localhost:3002/:0
[   35103ms] [WARNING] [.WebGL-0x104004eea00] GL_INVALID_FRAMEBUFFER_OPERATION: glDrawElements: Framebuffer is incomplete: Attachment has zero size. @ http://localhost:3002/:0
[   35124ms] [WARNING] [.WebGL-0x104004eea00] GL_INVALID_FRAMEBUFFER_OPERATION: glClear: Framebuffer is incomplete: Attachment has zero size. @ http://localhost:3002/:0
[   35124ms] [WARNING] [.WebGL-0x104004eea00] GL_INVALID_FRAMEBUFFER_OPERATION: glClear: Framebuffer is incomplete: Attachment has zero size. @ http://localhost:3002/:0
[   35124ms] [WARNING] [.WebGL-0x104004eea00] GL_INVALID_FRAMEBUFFER_OPERATION: glDrawElements: Framebuffer is incomplete: Attachment has zero size. @ http://localhost:3002/:0
[   35124ms] [WARNING] [.WebGL-0x104004eea00] GL_INVALID_FRAMEBUFFER_OPERATION: glDrawElements: Framebuffer is incomplete: Attachment has zero size. @ http://localhost:3002/:0
[   35140ms] [WARNING] [.WebGL-0x104004eea00] GL_INVALID_FRAMEBUFFER_OPERATION: glClear: Framebuffer is incomplete: Attachment has zero size. @ http://localhost:3002/:0
[   35140ms] [WARNING] [.WebGL-0x104004eea00] GL_INVALID_FRAMEBUFFER_OPERATION: glClear: Framebuffer is incomplete: Attachment has zero size. @ http://localhost:3002/:0
[   35140ms] [WARNING] [.WebGL-0x104004eea00] GL_INVALID_FRAMEBUFFER_OPERATION: glDrawElements: Framebuffer is incomplete: Attachment has zero size. @ http://localhost:3002/:0
[   35140ms] [WARNING] [.WebGL-0x104004eea00] GL_INVALID_FRAMEBUFFER_OPERATION: glDrawElements: Framebuffer is incomplete: Attachment has zero size. @ http://localhost:3002/:0
[   35159ms] [WARNING] [.WebGL-0x104004eea00] GL_INVALID_FRAMEBUFFER_OPERATION: glClear: Framebuffer is incomplete: Attachment has zero size. @ http://localhost:3002/:0
[   35159ms] [WARNING] [.WebGL-0x104004eea00] GL_INVALID_FRAMEBUFFER_OPERATION: glClear: Framebuffer is incomplete: Attachment has zero size. @ http://localhost:3002/:0
[   35159ms] [WARNING] [.WebGL-0x104004eea00] GL_INVALID_FRAMEBUFFER_OPERATION: glDrawElements: Framebuffer is incomplete: Attachment has zero size. @ http://localhost:3002/:0
[   35159ms] [WARNING] [.WebGL-0x104004eea00] GL_INVALID_FRAMEBUFFER_OPERATION: glDrawElements: Framebuffer is incomplete: Attachment has zero size. @ http://localhost:3002/:0
[   35195ms] [WARNING] [.WebGL-0x104004eea00] GL_INVALID_FRAMEBUFFER_OPERATION: glClear: Framebuffer is incomplete: Attachment has zero size. @ http://localhost:3002/:0
[   35195ms] [WARNING] [.WebGL-0x104004eea00] GL_INVALID_FRAMEBUFFER_OPERATION: glClear: Framebuffer is incomplete: Attachment has zero size. @ http://localhost:3002/:0
[   35195ms] [WARNING] [.WebGL-0x104004eea00] GL_INVALID_FRAMEBUFFER_OPERATION: glDrawElements: Framebuffer is incomplete: Attachment has zero size. @ http://localhost:3002/:0
[   35195ms] [WARNING] [.WebGL-0x104004eea00] GL_INVALID_FRAMEBUFFER_OPERATION: glDrawElements: Framebuffer is incomplete: Attachment has zero size. @ http://localhost:3002/:0
[   35207ms] [WARNING] [.WebGL-0x104004eea00] GL_INVALID_FRAMEBUFFER_OPERATION: glClear: Framebuffer is incomplete: Attachment has zero size. @ http://localhost:3002/:0
[   35207ms] [WARNING] [.WebGL-0x104004eea00] GL_INVALID_FRAMEBUFFER_OPERATION: glClear: Framebuffer is incomplete: Attachment has zero size. @ http://localhost:3002/:0
[   35207ms] [WARNING] [.WebGL-0x104004eea00] GL_INVALID_FRAMEBUFFER_OPERATION: glDrawElements: Framebuffer is incomplete: Attachment has zero size. @ http://localhost:3002/:0
[   35207ms] [WARNING] [.WebGL-0x104004eea00] GL_INVALID_FRAMEBUFFER_OPERATION: glDrawElements: Framebuffer is incomplete: Attachment has zero size. @ http://localhost:3002/:0
[   35237ms] [WARNING] [.WebGL-0x104004eea00] GL_INVALID_FRAMEBUFFER_OPERATION: glClear: Framebuffer is incomplete: Attachment has zero size. @ http://localhost:3002/:0
[   35237ms] [WARNING] [.WebGL-0x104004eea00] GL_INVALID_FRAMEBUFFER_OPERATION: glClear: Framebuffer is incomplete: Attachment has zero size. @ http://localhost:3002/:0
[   35237ms] [WARNING] [.WebGL-0x104004eea00] GL_INVALID_FRAMEBUFFER_OPERATION: glDrawElements: Framebuffer is incomplete: Attachment has zero size. @ http://localhost:3002/:0
[   35237ms] [WARNING] [.WebGL-0x104004eea00] GL_INVALID_FRAMEBUFFER_OPERATION: glDrawElements: Framebuffer is incomplete: Attachment has zero size. @ http://localhost:3002/:0
[   35262ms] [WARNING] [.WebGL-0x104004eea00] GL_INVALID_FRAMEBUFFER_OPERATION: glClear: Framebuffer is incomplete: Attachment has zero size. @ http://localhost:3002/:0
[   35262ms] [WARNING] [.WebGL-0x104004eea00] GL_INVALID_FRAMEBUFFER_OPERATION: glClear: Framebuffer is incomplete: Attachment has zero size. @ http://localhost:3002/:0
[   35262ms] [WARNING] [.WebGL-0x104004eea00] GL_INVALID_FRAMEBUFFER_OPERATION: glDrawElements: Framebuffer is incomplete: Attachment has zero size. @ http://localhost:3002/:0
[   35262ms] [WARNING] [.WebGL-0x104004eea00] GL_INVALID_FRAMEBUFFER_OPERATION: glDrawElements: Framebuffer is incomplete: Attachment has zero size. @ http://localhost:3002/:0
[   35289ms] [WARNING] [.WebGL-0x104004eea00] GL_INVALID_FRAMEBUFFER_OPERATION: glClear: Framebuffer is incomplete: Attachment has zero size. @ http://localhost:3002/:0
[   35289ms] [WARNING] [.WebGL-0x104004eea00] GL_INVALID_FRAMEBUFFER_OPERATION: glClear: Framebuffer is incomplete: Attachment has zero size. @ http://localhost:3002/:0
[   35289ms] [WARNING] [.WebGL-0x104004eea00] GL_INVALID_FRAMEBUFFER_OPERATION: glDrawElements: Framebuffer is incomplete: Attachment has zero size. @ http://localhost:3002/:0
[   35289ms] [WARNING] [.WebGL-0x104004eea00] GL_INVALID_FRAMEBUFFER_OPERATION: glDrawElements: Framebuffer is incomplete: Attachment has zero size. @ http://localhost:3002/:0
[   35317ms] [WARNING] [.WebGL-0x104004eea00] GL_INVALID_FRAMEBUFFER_OPERATION: glClear: Framebuffer is incomplete: Attachment has zero size. @ http://localhost:3002/:0
[   35317ms] [WARNING] [.WebGL-0x104004eea00] GL_INVALID_FRAMEBUFFER_OPERATION: glClear: Framebuffer is incomplete: Attachment has zero size. @ http://localhost:3002/:0
[   35317ms] [WARNING] [.WebGL-0x104004eea00] GL_INVALID_FRAMEBUFFER_OPERATION: glDrawElements: Framebuffer is incomplete: Attachment has zero size. @ http://localhost:3002/:0
[   35317ms] [WARNING] [.WebGL-0x104004eea00] GL_INVALID_FRAMEBUFFER_OPERATION: glDrawElements: Framebuffer is incomplete: Attachment has zero size. @ http://localhost:3002/:0
[   35350ms] [WARNING] [.WebGL-0x104004eea00] GL_INVALID_FRAMEBUFFER_OPERATION: glClear: Framebuffer is incomplete: Attachment has zero size. @ http://localhost:3002/:0
[   35350ms] [WARNING] [.WebGL-0x104004eea00] GL_INVALID_FRAMEBUFFER_OPERATION: glClear: Framebuffer is incomplete: Attachment has zero size. @ http://localhost:3002/:0
[   35350ms] [WARNING] [.WebGL-0x104004eea00] GL_INVALID_FRAMEBUFFER_OPERATION: glDrawElements: Framebuffer is incomplete: Attachment has zero size. @ http://localhost:3002/:0
[   35350ms] [WARNING] [.WebGL-0x104004eea00] GL_INVALID_FRAMEBUFFER_OPERATION: glDrawElements: Framebuffer is incomplete: Attachment has zero size. @ http://localhost:3002/:0
[   35374ms] [WARNING] [.WebGL-0x104004eea00] GL_INVALID_FRAMEBUFFER_OPERATION: glClear: Framebuffer is incomplete: Attachment has zero size. @ http://localhost:3002/:0
[   35374ms] [WARNING] [.WebGL-0x104004eea00] GL_INVALID_FRAMEBUFFER_OPERATION: glClear: Framebuffer is incomplete: Attachment has zero size. @ http://localhost:3002/:0
[   35374ms] [WARNING] [.WebGL-0x104004eea00] GL_INVALID_FRAMEBUFFER_OPERATION: glDrawElements: Framebuffer is incomplete: Attachment has zero size. @ http://localhost:3002/:0
[   35374ms] [WARNING] [.WebGL-0x104004eea00] GL_INVALID_FRAMEBUFFER_OPERATION: glDrawElements: Framebuffer is incomplete: Attachment has zero size. @ http://localhost:3002/:0
[   35394ms] [WARNING] [.WebGL-0x104004eea00] GL_INVALID_FRAMEBUFFER_OPERATION: glClear: Framebuffer is incomplete: Attachment has zero size. @ http://localhost:3002/:0
[   35394ms] [WARNING] [.WebGL-0x104004eea00] GL_INVALID_FRAMEBUFFER_OPERATION: glClear: Framebuffer is incomplete: Attachment has zero size. @ http://localhost:3002/:0
[   35394ms] [WARNING] [.WebGL-0x104004eea00] GL_INVALID_FRAMEBUFFER_OPERATION: glDrawElements: Framebuffer is incomplete: Attachment has zero size. @ http://localhost:3002/:0
[   35394ms] [WARNING] [.WebGL-0x104004eea00] GL_INVALID_FRAMEBUFFER_OPERATION: glDrawElements: Framebuffer is incomplete: Attachment has zero size. @ http://localhost:3002/:0
[   35418ms] [WARNING] [.WebGL-0x104004eea00] GL_INVALID_FRAMEBUFFER_OPERATION: glClear: Framebuffer is incomplete: Attachment has zero size. @ http://localhost:3002/:0
[   35418ms] [WARNING] [.WebGL-0x104004eea00] GL_INVALID_FRAMEBUFFER_OPERATION: glClear: Framebuffer is incomplete: Attachment has zero size. @ http://localhost:3002/:0
[   35418ms] [WARNING] [.WebGL-0x104004eea00] GL_INVALID_FRAMEBUFFER_OPERATION: glDrawElements: Framebuffer is incomplete: Attachment has zero size. @ http://localhost:3002/:0
[   35418ms] [WARNING] [.WebGL-0x104004eea00] GL_INVALID_FRAMEBUFFER_OPERATION: glDrawElements: Framebuffer is incomplete: Attachment has zero size. @ http://localhost:3002/:0
[   35438ms] [WARNING] [.WebGL-0x104004eea00] GL_INVALID_FRAMEBUFFER_OPERATION: glClear: Framebuffer is incomplete: Attachment has zero size. @ http://localhost:3002/:0
[   35438ms] [WARNING] [.WebGL-0x104004eea00] GL_INVALID_FRAMEBUFFER_OPERATION: glClear: Framebuffer is incomplete: Attachment has zero size. @ http://localhost:3002/:0
[   35438ms] [WARNING] [.WebGL-0x104004eea00] GL_INVALID_FRAMEBUFFER_OPERATION: glDrawElements: Framebuffer is incomplete: Attachment has zero size. @ http://localhost:3002/:0
[   35438ms] [WARNING] [.WebGL-0x104004eea00] GL_INVALID_FRAMEBUFFER_OPERATION: glDrawElements: Framebuffer is incomplete: Attachment has zero size. @ http://localhost:3002/:0
[   35471ms] [WARNING] [.WebGL-0x104004eea00] GL_INVALID_FRAMEBUFFER_OPERATION: glClear: Framebuffer is incomplete: Attachment has zero size. @ http://localhost:3002/:0
[   35471ms] [WARNING] [.WebGL-0x104004eea00] GL_INVALID_FRAMEBUFFER_OPERATION: glClear: Framebuffer is incomplete: Attachment has zero size. @ http://localhost:3002/:0
[   35471ms] [WARNING] [.WebGL-0x104004eea00] GL_INVALID_FRAMEBUFFER_OPERATION: glDrawElements: Framebuffer is incomplete: Attachment has zero size. @ http://localhost:3002/:0
[   35471ms] [WARNING] [.WebGL-0x104004eea00] GL_INVALID_FRAMEBUFFER_OPERATION: glDrawElements: Framebuffer is incomplete: Attachment has zero size. @ http://localhost:3002/:0
[   35491ms] [WARNING] [.WebGL-0x104004eea00] GL_INVALID_FRAMEBUFFER_OPERATION: glClear: Framebuffer is incomplete: Attachment has zero size. @ http://localhost:3002/:0
[   35491ms] [WARNING] [.WebGL-0x104004eea00] GL_INVALID_FRAMEBUFFER_OPERATION: glClear: Framebuffer is incomplete: Attachment has zero size. @ http://localhost:3002/:0
[   35491ms] [WARNING] [.WebGL-0x104004eea00] GL_INVALID_FRAMEBUFFER_OPERATION: glDrawElements: Framebuffer is incomplete: Attachment has zero size. @ http://localhost:3002/:0
[   35491ms] [WARNING] [.WebGL-0x104004eea00] GL_INVALID_FRAMEBUFFER_OPERATION: glDrawElements: Framebuffer is incomplete: Attachment has zero size. @ http://localhost:3002/:0
[   35532ms] [WARNING] [.WebGL-0x104004eea00] GL_INVALID_FRAMEBUFFER_OPERATION: glClear: Framebuffer is incomplete: Attachment has zero size. @ http://localhost:3002/:0
[   35532ms] [WARNING] [.WebGL-0x104004eea00] GL_INVALID_FRAMEBUFFER_OPERATION: glClear: Framebuffer is incomplete: Attachment has zero size. @ http://localhost:3002/:0
[   35532ms] [WARNING] [.WebGL-0x104004eea00] GL_INVALID_FRAMEBUFFER_OPERATION: glDrawElements: Framebuffer is incomplete: Attachment has zero size. @ http://localhost:3002/:0
[   35532ms] [WARNING] [.WebGL-0x104004eea00] GL_INVALID_FRAMEBUFFER_OPERATION: glDrawElements: Framebuffer is incomplete: Attachment has zero size. @ http://localhost:3002/:0
[   35557ms] [WARNING] [.WebGL-0x104004eea00] GL_INVALID_FRAMEBUFFER_OPERATION: glClear: Framebuffer is incomplete: Attachment has zero size. @ http://localhost:3002/:0
[   35557ms] [WARNING] [.WebGL-0x104004eea00] GL_INVALID_FRAMEBUFFER_OPERATION: glClear: Framebuffer is incomplete: Attachment has zero size. @ http://localhost:3002/:0
[   35559ms] [WARNING] [.WebGL-0x104004eea00] GL_INVALID_FRAMEBUFFER_OPERATION: glDrawElements: Framebuffer is incomplete: Attachment has zero size. @ http://localhost:3002/:0
[   35559ms] [WARNING] [.WebGL-0x104004eea00] GL_INVALID_FRAMEBUFFER_OPERATION: glDrawElements: Framebuffer is incomplete: Attachment has zero size. @ http://localhost:3002/:0
[   35571ms] [WARNING] [.WebGL-0x104004eea00] GL_INVALID_FRAMEBUFFER_OPERATION: glClear: Framebuffer is incomplete: Attachment has zero size. @ http://localhost:3002/:0
[   35571ms] [WARNING] [.WebGL-0x104004eea00] GL_INVALID_FRAMEBUFFER_OPERATION: glClear: Framebuffer is incomplete: Attachment has zero size. @ http://localhost:3002/:0
[   35571ms] [WARNING] [.WebGL-0x104004eea00] GL_INVALID_FRAMEBUFFER_OPERATION: glDrawElements: Framebuffer is incomplete: Attachment has zero size. @ http://localhost:3002/:0
[   35571ms] [WARNING] [.WebGL-0x104004eea00] GL_INVALID_FRAMEBUFFER_OPERATION: glDrawElements: Framebuffer is incomplete: Attachment has zero size. @ http://localhost:3002/:0
[   35600ms] [WARNING] [.WebGL-0x104004eea00] GL_INVALID_FRAMEBUFFER_OPERATION: glClear: Framebuffer is incomplete: Attachment has zero size. @ http://localhost:3002/:0
[   35600ms] [WARNING] [.WebGL-0x104004eea00] GL_INVALID_FRAMEBUFFER_OPERATION: glClear: Framebuffer is incomplete: Attachment has zero size. @ http://localhost:3002/:0
[   35600ms] [WARNING] [.WebGL-0x104004eea00] GL_INVALID_FRAMEBUFFER_OPERATION: glDrawElements: Framebuffer is incomplete: Attachment has zero size. @ http://localhost:3002/:0
[   35600ms] [WARNING] [.WebGL-0x104004eea00] GL_INVALID_FRAMEBUFFER_OPERATION: glDrawElements: Framebuffer is incomplete: Attachment has zero size. @ http://localhost:3002/:0
[   35624ms] [WARNING] [.WebGL-0x104004eea00] GL_INVALID_FRAMEBUFFER_OPERATION: glClear: Framebuffer is incomplete: Attachment has zero size. @ http://localhost:3002/:0
[   35624ms] [WARNING] [.WebGL-0x104004eea00] GL_INVALID_FRAMEBUFFER_OPERATION: glClear: Framebuffer is incomplete: Attachment has zero size. @ http://localhost:3002/:0
[   35624ms] [WARNING] [.WebGL-0x104004eea00] GL_INVALID_FRAMEBUFFER_OPERATION: glDrawElements: Framebuffer is incomplete: Attachment has zero size. @ http://localhost:3002/:0
[   35624ms] [WARNING] [.WebGL-0x104004eea00] GL_INVALID_FRAMEBUFFER_OPERATION: glDrawElements: Framebuffer is incomplete: Attachment has zero size. @ http://localhost:3002/:0
[   35653ms] [WARNING] [.WebGL-0x104004eea00] GL_INVALID_FRAMEBUFFER_OPERATION: glClear: Framebuffer is incomplete: Attachment has zero size. @ http://localhost:3002/:0
[   35653ms] [WARNING] [.WebGL-0x104004eea00] GL_INVALID_FRAMEBUFFER_OPERATION: glClear: Framebuffer is incomplete: Attachment has zero size. @ http://localhost:3002/:0
[   35653ms] [WARNING] [.WebGL-0x104004eea00] GL_INVALID_FRAMEBUFFER_OPERATION: glDrawElements: Framebuffer is incomplete: Attachment has zero size. @ http://localhost:3002/:0
[   35653ms] [WARNING] [.WebGL-0x104004eea00] GL_INVALID_FRAMEBUFFER_OPERATION: glDrawElements: Framebuffer is incomplete: Attachment has zero size. @ http://localhost:3002/:0
[   35675ms] [WARNING] [.WebGL-0x104004eea00] GL_INVALID_FRAMEBUFFER_OPERATION: glClear: Framebuffer is incomplete: Attachment has zero size. @ http://localhost:3002/:0
[   35676ms] [WARNING] [.WebGL-0x104004eea00] GL_INVALID_FRAMEBUFFER_OPERATION: glClear: Framebuffer is incomplete: Attachment has zero size. @ http://localhost:3002/:0
[   35676ms] [WARNING] [.WebGL-0x104004eea00] GL_INVALID_FRAMEBUFFER_OPERATION: glDrawElements: Framebuffer is incomplete: Attachment has zero size. @ http://localhost:3002/:0
[   35676ms] [WARNING] [.WebGL-0x104004eea00] GL_INVALID_FRAMEBUFFER_OPERATION: glDrawElements: Framebuffer is incomplete: Attachment has zero size. @ http://localhost:3002/:0
[   35702ms] [WARNING] [.WebGL-0x104004eea00] GL_INVALID_FRAMEBUFFER_OPERATION: glClear: Framebuffer is incomplete: Attachment has zero size. @ http://localhost:3002/:0
[   35703ms] [WARNING] [.WebGL-0x104004eea00] GL_INVALID_FRAMEBUFFER_OPERATION: glClear: Framebuffer is incomplete: Attachment has zero size. @ http://localhost:3002/:0
[   35703ms] [WARNING] [.WebGL-0x104004eea00] GL_INVALID_FRAMEBUFFER_OPERATION: glDrawElements: Framebuffer is incomplete: Attachment has zero size. @ http://localhost:3002/:0
[   35703ms] [WARNING] [.WebGL-0x104004eea00] GL_INVALID_FRAMEBUFFER_OPERATION: glDrawElements: Framebuffer is incomplete: Attachment has zero size. @ http://localhost:3002/:0
[   35715ms] [WARNING] [.WebGL-0x104004eea00] GL_INVALID_FRAMEBUFFER_OPERATION: glClear: Framebuffer is incomplete: Attachment has zero size. @ http://localhost:3002/:0
[   35715ms] [WARNING] [.WebGL-0x104004eea00] GL_INVALID_FRAMEBUFFER_OPERATION: glClear: Framebuffer is incomplete: Attachment has zero size. @ http://localhost:3002/:0
[   35715ms] [WARNING] [.WebGL-0x104004eea00] GL_INVALID_FRAMEBUFFER_OPERATION: glDrawElements: Framebuffer is incomplete: Attachment has zero size. @ http://localhost:3002/:0
[   35715ms] [WARNING] [.WebGL-0x104004eea00] GL_INVALID_FRAMEBUFFER_OPERATION: glDrawElements: Framebuffer is incomplete: Attachment has zero size. @ http://localhost:3002/:0
[   35757ms] [WARNING] [.WebGL-0x104004eea00] GL_INVALID_FRAMEBUFFER_OPERATION: glClear: Framebuffer is incomplete: Attachment has zero size. @ http://localhost:3002/:0
[   35758ms] [WARNING] [.WebGL-0x104004eea00] GL_INVALID_FRAMEBUFFER_OPERATION: glClear: Framebuffer is incomplete: Attachment has zero size. @ http://localhost:3002/:0
[   35758ms] [WARNING] [.WebGL-0x104004eea00] GL_INVALID_FRAMEBUFFER_OPERATION: glDrawElements: Framebuffer is incomplete: Attachment has zero size. @ http://localhost:3002/:0
[   35758ms] [WARNING] [.WebGL-0x104004eea00] GL_INVALID_FRAMEBUFFER_OPERATION: glDrawElements: Framebuffer is incomplete: Attachment has zero size. @ http://localhost:3002/:0
[   35800ms] [WARNING] [.WebGL-0x104004eea00] GL_INVALID_FRAMEBUFFER_OPERATION: glClear: Framebuffer is incomplete: Attachment has zero size. @ http://localhost:3002/:0
[   35800ms] [WARNING] [.WebGL-0x104004eea00] GL_INVALID_FRAMEBUFFER_OPERATION: glClear: Framebuffer is incomplete: Attachment has zero size. @ http://localhost:3002/:0
[   35800ms] [WARNING] [.WebGL-0x104004eea00] GL_INVALID_FRAMEBUFFER_OPERATION: glDrawElements: Framebuffer is incomplete: Attachment has zero size. @ http://localhost:3002/:0
[   35800ms] [WARNING] [.WebGL-0x104004eea00] GL_INVALID_FRAMEBUFFER_OPERATION: glDrawElements: Framebuffer is incomplete: Attachment has zero size. @ http://localhost:3002/:0
[   35825ms] [WARNING] [.WebGL-0x104004eea00] GL_INVALID_FRAMEBUFFER_OPERATION: glClear: Framebuffer is incomplete: Attachment has zero size. @ http://localhost:3002/:0
[   35825ms] [WARNING] [.WebGL-0x104004eea00] GL_INVALID_FRAMEBUFFER_OPERATION: glClear: Framebuffer is incomplete: Attachment has zero size. @ http://localhost:3002/:0
[   35825ms] [WARNING] [.WebGL-0x104004eea00] GL_INVALID_FRAMEBUFFER_OPERATION: glDrawElements: Framebuffer is incomplete: Attachment has zero size. @ http://localhost:3002/:0
[   35825ms] [WARNING] [.WebGL-0x104004eea00] GL_INVALID_FRAMEBUFFER_OPERATION: glDrawElements: Framebuffer is incomplete: Attachment has zero size. @ http://localhost:3002/:0
[   35854ms] [WARNING] [.WebGL-0x104004eea00] GL_INVALID_FRAMEBUFFER_OPERATION: glClear: Framebuffer is incomplete: Attachment has zero size. @ http://localhost:3002/:0
[   35855ms] [WARNING] [.WebGL-0x104004eea00] GL_INVALID_FRAMEBUFFER_OPERATION: glClear: Framebuffer is incomplete: Attachment has zero size. @ http://localhost:3002/:0
[   35855ms] [WARNING] [.WebGL-0x104004eea00] GL_INVALID_FRAMEBUFFER_OPERATION: glDrawElements: Framebuffer is incomplete: Attachment has zero size. @ http://localhost:3002/:0
[   35855ms] [WARNING] [.WebGL-0x104004eea00] GL_INVALID_FRAMEBUFFER_OPERATION: glDrawElements: Framebuffer is incomplete: Attachment has zero size. @ http://localhost:3002/:0
[   35877ms] [WARNING] [.WebGL-0x104004eea00] GL_INVALID_FRAMEBUFFER_OPERATION: glClear: Framebuffer is incomplete: Attachment has zero size. @ http://localhost:3002/:0
[   35877ms] [WARNING] [.WebGL-0x104004eea00] GL_INVALID_FRAMEBUFFER_OPERATION: glClear: Framebuffer is incomplete: Attachment has zero size. @ http://localhost:3002/:0
[   35877ms] [WARNING] [.WebGL-0x104004eea00] GL_INVALID_FRAMEBUFFER_OPERATION: glDrawElements: Framebuffer is incomplete: Attachment has zero size. @ http://localhost:3002/:0
[   35877ms] [WARNING] [.WebGL-0x104004eea00] GL_INVALID_FRAMEBUFFER_OPERATION: glDrawElements: Framebuffer is incomplete: Attachment has zero size. @ http://localhost:3002/:0
[   35905ms] [WARNING] [.WebGL-0x104004eea00] GL_INVALID_FRAMEBUFFER_OPERATION: glClear: Framebuffer is incomplete: Attachment has zero size. @ http://localhost:3002/:0
[   35905ms] [WARNING] [.WebGL-0x104004eea00] GL_INVALID_FRAMEBUFFER_OPERATION: glClear: Framebuffer is incomplete: Attachment has zero size. @ http://localhost:3002/:0
[   35905ms] [WARNING] [.WebGL-0x104004eea00] GL_INVALID_FRAMEBUFFER_OPERATION: glDrawElements: Framebuffer is incomplete: Attachment has zero size. @ http://localhost:3002/:0
[   35905ms] [WARNING] [.WebGL-0x104004eea00] GL_INVALID_FRAMEBUFFER_OPERATION: glDrawElements: Framebuffer is incomplete: Attachment has zero size. @ http://localhost:3002/:0
[   35917ms] [WARNING] [.WebGL-0x104004eea00] GL_INVALID_FRAMEBUFFER_OPERATION: glClear: Framebuffer is incomplete: Attachment has zero size. @ http://localhost:3002/:0
[   35917ms] [WARNING] [.WebGL-0x104004eea00] GL_INVALID_FRAMEBUFFER_OPERATION: glClear: Framebuffer is incomplete: Attachment has zero size. @ http://localhost:3002/:0
[   35917ms] [WARNING] [.WebGL-0x104004eea00] GL_INVALID_FRAMEBUFFER_OPERATION: glDrawElements: Framebuffer is incomplete: Attachment has zero size. @ http://localhost:3002/:0
[   35917ms] [WARNING] [.WebGL-0x104004eea00] GL_INVALID_FRAMEBUFFER_OPERATION: glDrawElements: Framebuffer is incomplete: Attachment has zero size. @ http://localhost:3002/:0
[   35955ms] [WARNING] [.WebGL-0x104004eea00] GL_INVALID_FRAMEBUFFER_OPERATION: glClear: Framebuffer is incomplete: Attachment has zero size. @ http://localhost:3002/:0
[   35956ms] [WARNING] [.WebGL-0x104004eea00] GL_INVALID_FRAMEBUFFER_OPERATION: glClear: Framebuffer is incomplete: Attachment has zero size. @ http://localhost:3002/:0
[   35956ms] [WARNING] [.WebGL-0x104004eea00] GL_INVALID_FRAMEBUFFER_OPERATION: glDrawElements: Framebuffer is incomplete: Attachment has zero size. @ http://localhost:3002/:0
[   35956ms] [WARNING] [.WebGL-0x104004eea00] GL_INVALID_FRAMEBUFFER_OPERATION: glDrawElements: Framebuffer is incomplete: Attachment has zero size. @ http://localhost:3002/:0
[   35966ms] [WARNING] [.WebGL-0x104004eea00] GL_INVALID_FRAMEBUFFER_OPERATION: glClear: Framebuffer is incomplete: Attachment has zero size. @ http://localhost:3002/:0
[   35966ms] [WARNING] [.WebGL-0x104004eea00] GL_INVALID_FRAMEBUFFER_OPERATION: glClear: Framebuffer is incomplete: Attachment has zero size. @ http://localhost:3002/:0
[   35966ms] [WARNING] [.WebGL-0x104004eea00] GL_INVALID_FRAMEBUFFER_OPERATION: glDrawElements: Framebuffer is incomplete: Attachment has zero size. @ http://localhost:3002/:0
[   35966ms] [WARNING] [.WebGL-0x104004eea00] GL_INVALID_FRAMEBUFFER_OPERATION: glDrawElements: Framebuffer is incomplete: Attachment has zero size. @ http://localhost:3002/:0
[   35995ms] [WARNING] [.WebGL-0x104004eea00] GL_INVALID_FRAMEBUFFER_OPERATION: glClear: Framebuffer is incomplete: Attachment has zero size. @ http://localhost:3002/:0
[   35995ms] [WARNING] [.WebGL-0x104004eea00] GL_INVALID_FRAMEBUFFER_OPERATION: glClear: Framebuffer is incomplete: Attachment has zero size. @ http://localhost:3002/:0
[   35995ms] [WARNING] [.WebGL-0x104004eea00] GL_INVALID_FRAMEBUFFER_OPERATION: glDrawElements: Framebuffer is incomplete: Attachment has zero size. @ http://localhost:3002/:0
[   35995ms] [WARNING] [.WebGL-0x104004eea00] GL_INVALID_FRAMEBUFFER_OPERATION: glDrawElements: Framebuffer is incomplete: Attachment has zero size. @ http://localhost:3002/:0
[   36012ms] [WARNING] [.WebGL-0x104004eea00] GL_INVALID_FRAMEBUFFER_OPERATION: glClear: Framebuffer is incomplete: Attachment has zero size. @ http://localhost:3002/:0
[   36012ms] [WARNING] [.WebGL-0x104004eea00] GL_INVALID_FRAMEBUFFER_OPERATION: glClear: Framebuffer is incomplete: Attachment has zero size. @ http://localhost:3002/:0
[   36012ms] [WARNING] [.WebGL-0x104004eea00] GL_INVALID_FRAMEBUFFER_OPERATION: glDrawElements: Framebuffer is incomplete: Attachment has zero size. @ http://localhost:3002/:0
[   36012ms] [WARNING] [.WebGL-0x104004eea00] GL_INVALID_FRAMEBUFFER_OPERATION: glDrawElements: Framebuffer is incomplete: Attachment has zero size. @ http://localhost:3002/:0
[   36046ms] [WARNING] [.WebGL-0x104004eea00] GL_INVALID_FRAMEBUFFER_OPERATION: glClear: Framebuffer is incomplete: Attachment has zero size. @ http://localhost:3002/:0
[   36046ms] [WARNING] [.WebGL-0x104004eea00] GL_INVALID_FRAMEBUFFER_OPERATION: glClear: Framebuffer is incomplete: Attachment has zero size. @ http://localhost:3002/:0
[   36046ms] [WARNING] [.WebGL-0x104004eea00] GL_INVALID_FRAMEBUFFER_OPERATION: glDrawElements: Framebuffer is incomplete: Attachment has zero size. @ http://localhost:3002/:0
[   36046ms] [WARNING] [.WebGL-0x104004eea00] GL_INVALID_FRAMEBUFFER_OPERATION: glDrawElements: Framebuffer is incomplete: Attachment has zero size. @ http://localhost:3002/:0
[   36073ms] [WARNING] [.WebGL-0x104004eea00] GL_INVALID_FRAMEBUFFER_OPERATION: glClear: Framebuffer is incomplete: Attachment has zero size. @ http://localhost:3002/:0
[   36073ms] [WARNING] [.WebGL-0x104004eea00] GL_INVALID_FRAMEBUFFER_OPERATION: glClear: Framebuffer is incomplete: Attachment has zero size. @ http://localhost:3002/:0
[   36073ms] [WARNING] [.WebGL-0x104004eea00] GL_INVALID_FRAMEBUFFER_OPERATION: glDrawElements: Framebuffer is incomplete: Attachment has zero size. @ http://localhost:3002/:0
[   36073ms] [WARNING] [.WebGL-0x104004eea00] GL_INVALID_FRAMEBUFFER_OPERATION: glDrawElements: Framebuffer is incomplete: Attachment has zero size. @ http://localhost:3002/:0
[   36083ms] [WARNING] [.WebGL-0x104004eea00] GL_INVALID_FRAMEBUFFER_OPERATION: glClear: Framebuffer is incomplete: Attachment has zero size. @ http://localhost:3002/:0
[   36083ms] [WARNING] [.WebGL-0x104004eea00] GL_INVALID_FRAMEBUFFER_OPERATION: glClear: Framebuffer is incomplete: Attachment has zero size. @ http://localhost:3002/:0
[   36083ms] [WARNING] [.WebGL-0x104004eea00] GL_INVALID_FRAMEBUFFER_OPERATION: glDrawElements: Framebuffer is incomplete: Attachment has zero size. @ http://localhost:3002/:0
[   36083ms] [WARNING] [.WebGL-0x104004eea00] GL_INVALID_FRAMEBUFFER_OPERATION: glDrawElements: Framebuffer is incomplete: Attachment has zero size. @ http://localhost:3002/:0
[   36118ms] [WARNING] [.WebGL-0x104004eea00] GL_INVALID_FRAMEBUFFER_OPERATION: glClear: Framebuffer is incomplete: Attachment has zero size. @ http://localhost:3002/:0
[   36118ms] [WARNING] [.WebGL-0x104004eea00] GL_INVALID_FRAMEBUFFER_OPERATION: glClear: Framebuffer is incomplete: Attachment has zero size. @ http://localhost:3002/:0
[   36118ms] [WARNING] [.WebGL-0x104004eea00] GL_INVALID_FRAMEBUFFER_OPERATION: glDrawElements: Framebuffer is incomplete: Attachment has zero size. @ http://localhost:3002/:0
[   36118ms] [WARNING] [.WebGL-0x104004eea00] GL_INVALID_FRAMEBUFFER_OPERATION: glDrawElements: Framebuffer is incomplete: Attachment has zero size. @ http://localhost:3002/:0
[   36153ms] [WARNING] [.WebGL-0x104004eea00] GL_INVALID_FRAMEBUFFER_OPERATION: glClear: Framebuffer is incomplete: Attachment has zero size. @ http://localhost:3002/:0
[   36153ms] [WARNING] [.WebGL-0x104004eea00] GL_INVALID_FRAMEBUFFER_OPERATION: glClear: Framebuffer is incomplete: Attachment has zero size. @ http://localhost:3002/:0
[   36153ms] [WARNING] [.WebGL-0x104004eea00] GL_INVALID_FRAMEBUFFER_OPERATION: glDrawElements: Framebuffer is incomplete: Attachment has zero size. @ http://localhost:3002/:0
[   36153ms] [WARNING] [.WebGL-0x104004eea00] GL_INVALID_FRAMEBUFFER_OPERATION: glDrawElements: Framebuffer is incomplete: Attachment has zero size. @ http://localhost:3002/:0
[   36182ms] [WARNING] [.WebGL-0x104004eea00] GL_INVALID_FRAMEBUFFER_OPERATION: glClear: Framebuffer is incomplete: Attachment has zero size. @ http://localhost:3002/:0
[   36182ms] [WARNING] [.WebGL-0x104004eea00] GL_INVALID_FRAMEBUFFER_OPERATION: glClear: Framebuffer is incomplete: Attachment has zero size. @ http://localhost:3002/:0
[   36182ms] [WARNING] [.WebGL-0x104004eea00] GL_INVALID_FRAMEBUFFER_OPERATION: glDrawElements: Framebuffer is incomplete: Attachment has zero size. @ http://localhost:3002/:0
[   36182ms] [WARNING] [.WebGL-0x104004eea00] GL_INVALID_FRAMEBUFFER_OPERATION: glDrawElements: Framebuffer is incomplete: Attachment has zero size. @ http://localhost:3002/:0
[   36222ms] [WARNING] [.WebGL-0x104004eea00] GL_INVALID_FRAMEBUFFER_OPERATION: glClear: Framebuffer is incomplete: Attachment has zero size. @ http://localhost:3002/:0
[   36222ms] [WARNING] [.WebGL-0x104004eea00] GL_INVALID_FRAMEBUFFER_OPERATION: glClear: Framebuffer is incomplete: Attachment has zero size. @ http://localhost:3002/:0
[   36222ms] [WARNING] [.WebGL-0x104004eea00] GL_INVALID_FRAMEBUFFER_OPERATION: glDrawElements: Framebuffer is incomplete: Attachment has zero size. @ http://localhost:3002/:0
[   36222ms] [WARNING] [.WebGL-0x104004eea00] GL_INVALID_FRAMEBUFFER_OPERATION: glDrawElements: Framebuffer is incomplete: Attachment has zero size. @ http://localhost:3002/:0
[   36241ms] [WARNING] [.WebGL-0x104004eea00] GL_INVALID_FRAMEBUFFER_OPERATION: glClear: Framebuffer is incomplete: Attachment has zero size. @ http://localhost:3002/:0
[   36241ms] [WARNING] [.WebGL-0x104004eea00] GL_INVALID_FRAMEBUFFER_OPERATION: glClear: Framebuffer is incomplete: Attachment has zero size. @ http://localhost:3002/:0
[   36241ms] [WARNING] [.WebGL-0x104004eea00] GL_INVALID_FRAMEBUFFER_OPERATION: glDrawElements: Framebuffer is incomplete: Attachment has zero size. @ http://localhost:3002/:0
[   36241ms] [WARNING] [.WebGL-0x104004eea00] GL_INVALID_FRAMEBUFFER_OPERATION: glDrawElements: Framebuffer is incomplete: Attachment has zero size. @ http://localhost:3002/:0
[   36268ms] [WARNING] [.WebGL-0x104004eea00] GL_INVALID_FRAMEBUFFER_OPERATION: glClear: Framebuffer is incomplete: Attachment has zero size. @ http://localhost:3002/:0
[   36268ms] [WARNING] [.WebGL-0x104004eea00] GL_INVALID_FRAMEBUFFER_OPERATION: glClear: Framebuffer is incomplete: Attachment has zero size. @ http://localhost:3002/:0
[   36268ms] [WARNING] [.WebGL-0x104004eea00] GL_INVALID_FRAMEBUFFER_OPERATION: glDrawElements: Framebuffer is incomplete: Attachment has zero size. @ http://localhost:3002/:0
[   36268ms] [WARNING] [.WebGL-0x104004eea00] GL_INVALID_FRAMEBUFFER_OPERATION: glDrawElements: Framebuffer is incomplete: Attachment has zero size. @ http://localhost:3002/:0
[   36296ms] [WARNING] [.WebGL-0x104004eea00] GL_INVALID_FRAMEBUFFER_OPERATION: glClear: Framebuffer is incomplete: Attachment has zero size. @ http://localhost:3002/:0
[   36296ms] [WARNING] [.WebGL-0x104004eea00] GL_INVALID_FRAMEBUFFER_OPERATION: glClear: Framebuffer is incomplete: Attachment has zero size. @ http://localhost:3002/:0
[   36296ms] [WARNING] [.WebGL-0x104004eea00] GL_INVALID_FRAMEBUFFER_OPERATION: glDrawElements: Framebuffer is incomplete: Attachment has zero size. @ http://localhost:3002/:0
[   36296ms] [WARNING] [.WebGL-0x104004eea00] GL_INVALID_FRAMEBUFFER_OPERATION: glDrawElements: Framebuffer is incomplete: Attachment has zero size. @ http://localhost:3002/:0
[   36316ms] [WARNING] [.WebGL-0x104004eea00] GL_INVALID_FRAMEBUFFER_OPERATION: glClear: Framebuffer is incomplete: Attachment has zero size. @ http://localhost:3002/:0
[   36316ms] [WARNING] [.WebGL-0x104004eea00] GL_INVALID_FRAMEBUFFER_OPERATION: glClear: Framebuffer is incomplete: Attachment has zero size. @ http://localhost:3002/:0
[   36316ms] [WARNING] [.WebGL-0x104004eea00] GL_INVALID_FRAMEBUFFER_OPERATION: glDrawElements: Framebuffer is incomplete: Attachment has zero size. @ http://localhost:3002/:0
[   36316ms] [WARNING] [.WebGL-0x104004eea00] GL_INVALID_FRAMEBUFFER_OPERATION: glDrawElements: Framebuffer is incomplete: Attachment has zero size. @ http://localhost:3002/:0
[   36344ms] [WARNING] [.WebGL-0x104004eea00] GL_INVALID_FRAMEBUFFER_OPERATION: glClear: Framebuffer is incomplete: Attachment has zero size. @ http://localhost:3002/:0
[   36344ms] [WARNING] [.WebGL-0x104004eea00] GL_INVALID_FRAMEBUFFER_OPERATION: glClear: Framebuffer is incomplete: Attachment has zero size. @ http://localhost:3002/:0
[   36344ms] [WARNING] [.WebGL-0x104004eea00] GL_INVALID_FRAMEBUFFER_OPERATION: glDrawElements: Framebuffer is incomplete: Attachment has zero size. @ http://localhost:3002/:0
[   36344ms] [WARNING] [.WebGL-0x104004eea00] GL_INVALID_FRAMEBUFFER_OPERATION: glDrawElements: Framebuffer is incomplete: Attachment has zero size. @ http://localhost:3002/:0
[   36362ms] [WARNING] [.WebGL-0x104004eea00] GL_INVALID_FRAMEBUFFER_OPERATION: glClear: Framebuffer is incomplete: Attachment has zero size. @ http://localhost:3002/:0
[   36362ms] [WARNING] [.WebGL-0x104004eea00] GL_INVALID_FRAMEBUFFER_OPERATION: glClear: Framebuffer is incomplete: Attachment has zero size. @ http://localhost:3002/:0
[   36362ms] [WARNING] [.WebGL-0x104004eea00] GL_INVALID_FRAMEBUFFER_OPERATION: glDrawElements: Framebuffer is incomplete: Attachment has zero size. @ http://localhost:3002/:0
[   36362ms] [WARNING] [.WebGL-0x104004eea00] GL_INVALID_FRAMEBUFFER_OPERATION: glDrawElements: Framebuffer is incomplete: Attachment has zero size. @ http://localhost:3002/:0
[   36388ms] [WARNING] [.WebGL-0x104004eea00] GL_INVALID_FRAMEBUFFER_OPERATION: glClear: Framebuffer is incomplete: Attachment has zero size. @ http://localhost:3002/:0
[   36388ms] [WARNING] [.WebGL-0x104004eea00] GL_INVALID_FRAMEBUFFER_OPERATION: glClear: Framebuffer is incomplete: Attachment has zero size. @ http://localhost:3002/:0
[   36388ms] [WARNING] [.WebGL-0x104004eea00] GL_INVALID_FRAMEBUFFER_OPERATION: glDrawElements: Framebuffer is incomplete: Attachment has zero size. @ http://localhost:3002/:0
[   36388ms] [WARNING] [.WebGL-0x104004eea00] GL_INVALID_FRAMEBUFFER_OPERATION: glDrawElements: Framebuffer is incomplete: Attachment has zero size. @ http://localhost:3002/:0
[   36414ms] [WARNING] [.WebGL-0x104004eea00] GL_INVALID_FRAMEBUFFER_OPERATION: glClear: Framebuffer is incomplete: Attachment has zero size. @ http://localhost:3002/:0
[   36414ms] [WARNING] [.WebGL-0x104004eea00] GL_INVALID_FRAMEBUFFER_OPERATION: glClear: Framebuffer is incomplete: Attachment has zero size. @ http://localhost:3002/:0
[   36414ms] [WARNING] [.WebGL-0x104004eea00] GL_INVALID_FRAMEBUFFER_OPERATION: glDrawElements: Framebuffer is incomplete: Attachment has zero size. @ http://localhost:3002/:0
[   36414ms] [WARNING] [.WebGL-0x104004eea00] GL_INVALID_FRAMEBUFFER_OPERATION: glDrawElements: Framebuffer is incomplete: Attachment has zero size. @ http://localhost:3002/:0
[   36441ms] [WARNING] [.WebGL-0x104004eea00] GL_INVALID_FRAMEBUFFER_OPERATION: glClear: Framebuffer is incomplete: Attachment has zero size. @ http://localhost:3002/:0
[   36441ms] [WARNING] [.WebGL-0x104004eea00] GL_INVALID_FRAMEBUFFER_OPERATION: glClear: Framebuffer is incomplete: Attachment has zero size. @ http://localhost:3002/:0
[   36441ms] [WARNING] [.WebGL-0x104004eea00] GL_INVALID_FRAMEBUFFER_OPERATION: glDrawElements: Framebuffer is incomplete: Attachment has zero size. @ http://localhost:3002/:0
[   36441ms] [WARNING] [.WebGL-0x104004eea00] GL_INVALID_FRAMEBUFFER_OPERATION: glDrawElements: Framebuffer is incomplete: Attachment has zero size. @ http://localhost:3002/:0
[   36467ms] [WARNING] [.WebGL-0x104004eea00] GL_INVALID_FRAMEBUFFER_OPERATION: glClear: Framebuffer is incomplete: Attachment has zero size. @ http://localhost:3002/:0
[   36467ms] [WARNING] [.WebGL-0x104004eea00] GL_INVALID_FRAMEBUFFER_OPERATION: glClear: Framebuffer is incomplete: Attachment has zero size. @ http://localhost:3002/:0
[   36467ms] [WARNING] [.WebGL-0x104004eea00] GL_INVALID_FRAMEBUFFER_OPERATION: glDrawElements: Framebuffer is incomplete: Attachment has zero size. @ http://localhost:3002/:0
[   36467ms] [WARNING] [.WebGL-0x104004eea00] GL_INVALID_FRAMEBUFFER_OPERATION: glDrawElements: Framebuffer is incomplete: Attachment has zero size. @ http://localhost:3002/:0
[   36494ms] [WARNING] [.WebGL-0x104004eea00] GL_INVALID_FRAMEBUFFER_OPERATION: glClear: Framebuffer is incomplete: Attachment has zero size. @ http://localhost:3002/:0
[   36494ms] [WARNING] [.WebGL-0x104004eea00] GL_INVALID_FRAMEBUFFER_OPERATION: glClear: Framebuffer is incomplete: Attachment has zero size. @ http://localhost:3002/:0
[   36494ms] [WARNING] [.WebGL-0x104004eea00] GL_INVALID_FRAMEBUFFER_OPERATION: glDrawElements: Framebuffer is incomplete: Attachment has zero size. @ http://localhost:3002/:0
[   36494ms] [WARNING] [.WebGL-0x104004eea00] GL_INVALID_FRAMEBUFFER_OPERATION: glDrawElements: Framebuffer is incomplete: Attachment has zero size. @ http://localhost:3002/:0
[   36494ms] [WARNING] WebGL: too many errors, no more errors will be reported to the console for this context. @ http://localhost:3002/:0
[  230852ms] [INFO] %cDownload the React DevTools for a better development experience: https://reactjs.org/link/react-devtools font-weight:bold @ http://localhost:3002/node_modules/.vite/deps/chunk-5FIUFYUJ.js?v=8c6aa4bf:21550
[  230944ms] [WARNING] ⚠️ React Router Future Flag Warning: React Router will begin wrapping state updates in `React.startTransition` in v7. You can use the `v7_startTransition` future flag to opt-in early. For more information, see https://reactrouter.com/v6/upgrading/future#v7_starttransition. @ http://localhost:3002/node_modules/.vite/deps/react-router-dom.js?v=8c6aa4bf:4435
[  230945ms] [WARNING] ⚠️ React Router Future Flag Warning: Relative route resolution within Splat routes is changing in v7. You can use the `v7_relativeSplatPath` future flag to opt-in early. For more information, see https://reactrouter.com/v6/upgrading/future#v7_relativesplatpath. @ http://localhost:3002/node_modules/.vite/deps/react-router-dom.js?v=8c6aa4bf:4435
[  230960ms] [WARNING] THREE.Color: Alpha component of rgba(59,130,246,0.3) will be ignored. @ http://localhost:3002/node_modules/.vite/deps/react-globe__gl.js?v=8c6aa4bf:614
[  230963ms] [WARNING] THREE.Color: Alpha component of rgba(59,130,246,0.3) will be ignored. @ http://localhost:3002/node_modules/.vite/deps/react-globe__gl.js?v=8c6aa4bf:614
[  288191ms] [WARNING] THREE.Color: Alpha component of rgba(59,130,246,0.3) will be ignored. @ http://localhost:3002/node_modules/.vite/deps/react-globe__gl.js?v=8c6aa4bf:614
[  288193ms] [WARNING] THREE.Color: Alpha component of rgba(59,130,246,0.3) will be ignored. @ http://localhost:3002/node_modules/.vite/deps/react-globe__gl.js?v=8c6aa4bf:614
[  288930ms] [WARNING] THREE.Color: Alpha component of rgba(59,130,246,0.3) will be ignored. @ http://localhost:3002/node_modules/.vite/deps/react-globe__gl.js?v=8c6aa4bf:614
[  288932ms] [WARNING] THREE.Color: Alpha component of rgba(59,130,246,0.3) will be ignored. @ http://localhost:3002/node_modules/.vite/deps/react-globe__gl.js?v=8c6aa4bf:614
