[     107ms] [INFO] %cDownload the React DevTools for a better development experience: https://reactjs.org/link/react-devtools font-weight:bold @ http://localhost:3002/node_modules/.vite/deps/chunk-5FIUFYUJ.js?v=8c6aa4bf:21550
[     182ms] [WARNING] ⚠️ React Router Future Flag Warning: React Router will begin wrapping state updates in `React.startTransition` in v7. You can use the `v7_startTransition` future flag to opt-in early. For more information, see https://reactrouter.com/v6/upgrading/future#v7_starttransition. @ http://localhost:3002/node_modules/.vite/deps/react-router-dom.js?v=8c6aa4bf:4435
[     183ms] [WARNING] ⚠️ React Router Future Flag Warning: Relative route resolution within Splat routes is changing in v7. You can use the `v7_relativeSplatPath` future flag to opt-in early. For more information, see https://reactrouter.com/v6/upgrading/future#v7_relativesplatpath. @ http://localhost:3002/node_modules/.vite/deps/react-router-dom.js?v=8c6aa4bf:4435
[     201ms] [WARNING] THREE.Color: Alpha component of rgba(59,130,246,0.3) will be ignored. @ http://localhost:3002/node_modules/.vite/deps/react-globe__gl.js?v=8c6aa4bf:614
[     204ms] [WARNING] THREE.Color: Alpha component of rgba(59,130,246,0.3) will be ignored. @ http://localhost:3002/node_modules/.vite/deps/react-globe__gl.js?v=8c6aa4bf:614
[   14650ms] [WARNING] [.WebGL-0x104004f7400] GL_INVALID_FRAMEBUFFER_OPERATION: glClear: Framebuffer is incomplete: Attachment has zero size. @ http://localhost:3002/:0
[   14650ms] [WARNING] [.WebGL-0x104004f7400] GL_INVALID_FRAMEBUFFER_OPERATION: glClear: Framebuffer is incomplete: Attachment has zero size. @ http://localhost:3002/:0
[   14650ms] [WARNING] [.WebGL-0x104004f7400] GL_INVALID_FRAMEBUFFER_OPERATION: glDrawElements: Framebuffer is incomplete: Attachment has zero size. @ http://localhost:3002/:0
[   14650ms] [WARNING] [.WebGL-0x104004f7400] GL_INVALID_FRAMEBUFFER_OPERATION: glDrawElements: Framebuffer is incomplete: Attachment has zero size. @ http://localhost:3002/:0
[   14672ms] [WARNING] [.WebGL-0x104004f7400] GL_INVALID_FRAMEBUFFER_OPERATION: glClear: Framebuffer is incomplete: Attachment has zero size. @ http://localhost:3002/:0
[   14672ms] [WARNING] [.WebGL-0x104004f7400] GL_INVALID_FRAMEBUFFER_OPERATION: glClear: Framebuffer is incomplete: Attachment has zero size. @ http://localhost:3002/:0
[   14672ms] [WARNING] [.WebGL-0x104004f7400] GL_INVALID_FRAMEBUFFER_OPERATION: glDrawElements: Framebuffer is incomplete: Attachment has zero size. @ http://localhost:3002/:0
[   14672ms] [WARNING] [.WebGL-0x104004f7400] GL_INVALID_FRAMEBUFFER_OPERATION: glDrawElements: Framebuffer is incomplete: Attachment has zero size. @ http://localhost:3002/:0
[   14704ms] [WARNING] [.WebGL-0x104004f7400] GL_INVALID_FRAMEBUFFER_OPERATION: glClear: Framebuffer is incomplete: Attachment has zero size. @ http://localhost:3002/:0
[   14704ms] [WARNING] [.WebGL-0x104004f7400] GL_INVALID_FRAMEBUFFER_OPERATION: glClear: Framebuffer is incomplete: Attachment has zero size. @ http://localhost:3002/:0
[   14706ms] [WARNING] [.WebGL-0x104004f7400] GL_INVALID_FRAMEBUFFER_OPERATION: glDrawElements: Framebuffer is incomplete: Attachment has zero size. @ http://localhost:3002/:0
[   14706ms] [WARNING] [.WebGL-0x104004f7400] GL_INVALID_FRAMEBUFFER_OPERATION: glDrawElements: Framebuffer is incomplete: Attachment has zero size. @ http://localhost:3002/:0
[   14715ms] [WARNING] [.WebGL-0x104004f7400] GL_INVALID_FRAMEBUFFER_OPERATION: glClear: Framebuffer is incomplete: Attachment has zero size. @ http://localhost:3002/:0
[   14715ms] [WARNING] [.WebGL-0x104004f7400] GL_INVALID_FRAMEBUFFER_OPERATION: glClear: Framebuffer is incomplete: Attachment has zero size. @ http://localhost:3002/:0
[   14715ms] [WARNING] [.WebGL-0x104004f7400] GL_INVALID_FRAMEBUFFER_OPERATION: glDrawElements: Framebuffer is incomplete: Attachment has zero size. @ http://localhost:3002/:0
[   14740ms] [WARNING] [.WebGL-0x104004f7400] GL_INVALID_FRAMEBUFFER_OPERATION: glDrawElements: Framebuffer is incomplete: Attachment has zero size. @ http://localhost:3002/:0
[   14741ms] [WARNING] [.WebGL-0x104004f7400] GL_INVALID_FRAMEBUFFER_OPERATION: glClear: Framebuffer is incomplete: Attachment has zero size. @ http://localhost:3002/:0
[   14741ms] [WARNING] [.WebGL-0x104004f7400] GL_INVALID_FRAMEBUFFER_OPERATION: glClear: Framebuffer is incomplete: Attachment has zero size. @ http://localhost:3002/:0
[   14757ms] [WARNING] [.WebGL-0x104004f7400] GL_INVALID_FRAMEBUFFER_OPERATION: glDrawElements: Framebuffer is incomplete: Attachment has zero size. @ http://localhost:3002/:0
[   14757ms] [WARNING] [.WebGL-0x104004f7400] GL_INVALID_FRAMEBUFFER_OPERATION: glDrawElements: Framebuffer is incomplete: Attachment has zero size. @ http://localhost:3002/:0
[   14774ms] [WARNING] [.WebGL-0x104004f7400] GL_INVALID_FRAMEBUFFER_OPERATION: glClear: Framebuffer is incomplete: Attachment has zero size. @ http://localhost:3002/:0
[   14774ms] [WARNING] [.WebGL-0x104004f7400] GL_INVALID_FRAMEBUFFER_OPERATION: glClear: Framebuffer is incomplete: Attachment has zero size. @ http://localhost:3002/:0
[   14774ms] [WARNING] [.WebGL-0x104004f7400] GL_INVALID_FRAMEBUFFER_OPERATION: glDrawElements: Framebuffer is incomplete: Attachment has zero size. @ http://localhost:3002/:0
[   14774ms] [WARNING] [.WebGL-0x104004f7400] GL_INVALID_FRAMEBUFFER_OPERATION: glDrawElements: Framebuffer is incomplete: Attachment has zero size. @ http://localhost:3002/:0
[   14791ms] [WARNING] [.WebGL-0x104004f7400] GL_INVALID_FRAMEBUFFER_OPERATION: glClear: Framebuffer is incomplete: Attachment has zero size. @ http://localhost:3002/:0
[   14791ms] [WARNING] [.WebGL-0x104004f7400] GL_INVALID_FRAMEBUFFER_OPERATION: glClear: Framebuffer is incomplete: Attachment has zero size. @ http://localhost:3002/:0
[   14807ms] [WARNING] [.WebGL-0x104004f7400] GL_INVALID_FRAMEBUFFER_OPERATION: glDrawElements: Framebuffer is incomplete: Attachment has zero size. @ http://localhost:3002/:0
[   14807ms] [WARNING] [.WebGL-0x104004f7400] GL_INVALID_FRAMEBUFFER_OPERATION: glDrawElements: Framebuffer is incomplete: Attachment has zero size. @ http://localhost:3002/:0
[   14823ms] [WARNING] [.WebGL-0x104004f7400] GL_INVALID_FRAMEBUFFER_OPERATION: glClear: Framebuffer is incomplete: Attachment has zero size. @ http://localhost:3002/:0
[   14823ms] [WARNING] [.WebGL-0x104004f7400] GL_INVALID_FRAMEBUFFER_OPERATION: glClear: Framebuffer is incomplete: Attachment has zero size. @ http://localhost:3002/:0
[   14823ms] [WARNING] [.WebGL-0x104004f7400] GL_INVALID_FRAMEBUFFER_OPERATION: glDrawElements: Framebuffer is incomplete: Attachment has zero size. @ http://localhost:3002/:0
[   14823ms] [WARNING] [.WebGL-0x104004f7400] GL_INVALID_FRAMEBUFFER_OPERATION: glDrawElements: Framebuffer is incomplete: Attachment has zero size. @ http://localhost:3002/:0
[   14840ms] [WARNING] [.WebGL-0x104004f7400] GL_INVALID_FRAMEBUFFER_OPERATION: glClear: Framebuffer is incomplete: Attachment has zero size. @ http://localhost:3002/:0
[   14840ms] [WARNING] [.WebGL-0x104004f7400] GL_INVALID_FRAMEBUFFER_OPERATION: glClear: Framebuffer is incomplete: Attachment has zero size. @ http://localhost:3002/:0
[   14857ms] [WARNING] [.WebGL-0x104004f7400] GL_INVALID_FRAMEBUFFER_OPERATION: glDrawElements: Framebuffer is incomplete: Attachment has zero size. @ http://localhost:3002/:0
[   14857ms] [WARNING] [.WebGL-0x104004f7400] GL_INVALID_FRAMEBUFFER_OPERATION: glDrawElements: Framebuffer is incomplete: Attachment has zero size. @ http://localhost:3002/:0
[   14873ms] [WARNING] [.WebGL-0x104004f7400] GL_INVALID_FRAMEBUFFER_OPERATION: glClear: Framebuffer is incomplete: Attachment has zero size. @ http://localhost:3002/:0
[   14873ms] [WARNING] [.WebGL-0x104004f7400] GL_INVALID_FRAMEBUFFER_OPERATION: glClear: Framebuffer is incomplete: Attachment has zero size. @ http://localhost:3002/:0
[   14873ms] [WARNING] [.WebGL-0x104004f7400] GL_INVALID_FRAMEBUFFER_OPERATION: glDrawElements: Framebuffer is incomplete: Attachment has zero size. @ http://localhost:3002/:0
[   14873ms] [WARNING] [.WebGL-0x104004f7400] GL_INVALID_FRAMEBUFFER_OPERATION: glDrawElements: Framebuffer is incomplete: Attachment has zero size. @ http://localhost:3002/:0
[   14891ms] [WARNING] [.WebGL-0x104004f7400] GL_INVALID_FRAMEBUFFER_OPERATION: glClear: Framebuffer is incomplete: Attachment has zero size. @ http://localhost:3002/:0
[   14891ms] [WARNING] [.WebGL-0x104004f7400] GL_INVALID_FRAMEBUFFER_OPERATION: glClear: Framebuffer is incomplete: Attachment has zero size. @ http://localhost:3002/:0
[   14907ms] [WARNING] [.WebGL-0x104004f7400] GL_INVALID_FRAMEBUFFER_OPERATION: glDrawElements: Framebuffer is incomplete: Attachment has zero size. @ http://localhost:3002/:0
[   14907ms] [WARNING] [.WebGL-0x104004f7400] GL_INVALID_FRAMEBUFFER_OPERATION: glDrawElements: Framebuffer is incomplete: Attachment has zero size. @ http://localhost:3002/:0
[   14915ms] [WARNING] [.WebGL-0x104004f7400] GL_INVALID_FRAMEBUFFER_OPERATION: glClear: Framebuffer is incomplete: Attachment has zero size. @ http://localhost:3002/:0
[   14924ms] [WARNING] [.WebGL-0x104004f7400] GL_INVALID_FRAMEBUFFER_OPERATION: glClear: Framebuffer is incomplete: Attachment has zero size. @ http://localhost:3002/:0
[   14924ms] [WARNING] [.WebGL-0x104004f7400] GL_INVALID_FRAMEBUFFER_OPERATION: glDrawElements: Framebuffer is incomplete: Attachment has zero size. @ http://localhost:3002/:0
[   14924ms] [WARNING] [.WebGL-0x104004f7400] GL_INVALID_FRAMEBUFFER_OPERATION: glDrawElements: Framebuffer is incomplete: Attachment has zero size. @ http://localhost:3002/:0
[   14941ms] [WARNING] [.WebGL-0x104004f7400] GL_INVALID_FRAMEBUFFER_OPERATION: glClear: Framebuffer is incomplete: Attachment has zero size. @ http://localhost:3002/:0
[   14941ms] [WARNING] [.WebGL-0x104004f7400] GL_INVALID_FRAMEBUFFER_OPERATION: glClear: Framebuffer is incomplete: Attachment has zero size. @ http://localhost:3002/:0
[   14941ms] [WARNING] [.WebGL-0x104004f7400] GL_INVALID_FRAMEBUFFER_OPERATION: glDrawElements: Framebuffer is incomplete: Attachment has zero size. @ http://localhost:3002/:0
[   14957ms] [WARNING] [.WebGL-0x104004f7400] GL_INVALID_FRAMEBUFFER_OPERATION: glDrawElements: Framebuffer is incomplete: Attachment has zero size. @ http://localhost:3002/:0
[   14965ms] [WARNING] [.WebGL-0x104004f7400] GL_INVALID_FRAMEBUFFER_OPERATION: glClear: Framebuffer is incomplete: Attachment has zero size. @ http://localhost:3002/:0
[   14965ms] [WARNING] [.WebGL-0x104004f7400] GL_INVALID_FRAMEBUFFER_OPERATION: glClear: Framebuffer is incomplete: Attachment has zero size. @ http://localhost:3002/:0
[   14974ms] [WARNING] [.WebGL-0x104004f7400] GL_INVALID_FRAMEBUFFER_OPERATION: glDrawElements: Framebuffer is incomplete: Attachment has zero size. @ http://localhost:3002/:0
[   14974ms] [WARNING] [.WebGL-0x104004f7400] GL_INVALID_FRAMEBUFFER_OPERATION: glDrawElements: Framebuffer is incomplete: Attachment has zero size. @ http://localhost:3002/:0
[   15007ms] [WARNING] [.WebGL-0x104004f7400] GL_INVALID_FRAMEBUFFER_OPERATION: glClear: Framebuffer is incomplete: Attachment has zero size. @ http://localhost:3002/:0
[   15007ms] [WARNING] [.WebGL-0x104004f7400] GL_INVALID_FRAMEBUFFER_OPERATION: glClear: Framebuffer is incomplete: Attachment has zero size. @ http://localhost:3002/:0
[   15007ms] [WARNING] [.WebGL-0x104004f7400] GL_INVALID_FRAMEBUFFER_OPERATION: glDrawElements: Framebuffer is incomplete: Attachment has zero size. @ http://localhost:3002/:0
[   15007ms] [WARNING] [.WebGL-0x104004f7400] GL_INVALID_FRAMEBUFFER_OPERATION: glDrawElements: Framebuffer is incomplete: Attachment has zero size. @ http://localhost:3002/:0
[   15014ms] [WARNING] [.WebGL-0x104004f7400] GL_INVALID_FRAMEBUFFER_OPERATION: glClear: Framebuffer is incomplete: Attachment has zero size. @ http://localhost:3002/:0
[   15014ms] [WARNING] [.WebGL-0x104004f7400] GL_INVALID_FRAMEBUFFER_OPERATION: glClear: Framebuffer is incomplete: Attachment has zero size. @ http://localhost:3002/:0
[   15024ms] [WARNING] [.WebGL-0x104004f7400] GL_INVALID_FRAMEBUFFER_OPERATION: glDrawElements: Framebuffer is incomplete: Attachment has zero size. @ http://localhost:3002/:0
[   15024ms] [WARNING] [.WebGL-0x104004f7400] GL_INVALID_FRAMEBUFFER_OPERATION: glDrawElements: Framebuffer is incomplete: Attachment has zero size. @ http://localhost:3002/:0
[   15057ms] [WARNING] [.WebGL-0x104004f7400] GL_INVALID_FRAMEBUFFER_OPERATION: glClear: Framebuffer is incomplete: Attachment has zero size. @ http://localhost:3002/:0
[   15058ms] [WARNING] [.WebGL-0x104004f7400] GL_INVALID_FRAMEBUFFER_OPERATION: glClear: Framebuffer is incomplete: Attachment has zero size. @ http://localhost:3002/:0
[   15058ms] [WARNING] [.WebGL-0x104004f7400] GL_INVALID_FRAMEBUFFER_OPERATION: glDrawElements: Framebuffer is incomplete: Attachment has zero size. @ http://localhost:3002/:0
[   15058ms] [WARNING] [.WebGL-0x104004f7400] GL_INVALID_FRAMEBUFFER_OPERATION: glDrawElements: Framebuffer is incomplete: Attachment has zero size. @ http://localhost:3002/:0
[   15064ms] [WARNING] [.WebGL-0x104004f7400] GL_INVALID_FRAMEBUFFER_OPERATION: glClear: Framebuffer is incomplete: Attachment has zero size. @ http://localhost:3002/:0
[   15064ms] [WARNING] [.WebGL-0x104004f7400] GL_INVALID_FRAMEBUFFER_OPERATION: glClear: Framebuffer is incomplete: Attachment has zero size. @ http://localhost:3002/:0
[   15074ms] [WARNING] [.WebGL-0x104004f7400] GL_INVALID_FRAMEBUFFER_OPERATION: glDrawElements: Framebuffer is incomplete: Attachment has zero size. @ http://localhost:3002/:0
[   15074ms] [WARNING] [.WebGL-0x104004f7400] GL_INVALID_FRAMEBUFFER_OPERATION: glDrawElements: Framebuffer is incomplete: Attachment has zero size. @ http://localhost:3002/:0
[   15106ms] [WARNING] [.WebGL-0x104004f7400] GL_INVALID_FRAMEBUFFER_OPERATION: glClear: Framebuffer is incomplete: Attachment has zero size. @ http://localhost:3002/:0
[   15107ms] [WARNING] [.WebGL-0x104004f7400] GL_INVALID_FRAMEBUFFER_OPERATION: glClear: Framebuffer is incomplete: Attachment has zero size. @ http://localhost:3002/:0
[   15107ms] [WARNING] [.WebGL-0x104004f7400] GL_INVALID_FRAMEBUFFER_OPERATION: glDrawElements: Framebuffer is incomplete: Attachment has zero size. @ http://localhost:3002/:0
[   15107ms] [WARNING] [.WebGL-0x104004f7400] GL_INVALID_FRAMEBUFFER_OPERATION: glDrawElements: Framebuffer is incomplete: Attachment has zero size. @ http://localhost:3002/:0
[   15114ms] [WARNING] [.WebGL-0x104004f7400] GL_INVALID_FRAMEBUFFER_OPERATION: glClear: Framebuffer is incomplete: Attachment has zero size. @ http://localhost:3002/:0
[   15115ms] [WARNING] [.WebGL-0x104004f7400] GL_INVALID_FRAMEBUFFER_OPERATION: glClear: Framebuffer is incomplete: Attachment has zero size. @ http://localhost:3002/:0
[   15124ms] [WARNING] [.WebGL-0x104004f7400] GL_INVALID_FRAMEBUFFER_OPERATION: glDrawElements: Framebuffer is incomplete: Attachment has zero size. @ http://localhost:3002/:0
[   15124ms] [WARNING] [.WebGL-0x104004f7400] GL_INVALID_FRAMEBUFFER_OPERATION: glDrawElements: Framebuffer is incomplete: Attachment has zero size. @ http://localhost:3002/:0
[   15141ms] [WARNING] [.WebGL-0x104004f7400] GL_INVALID_FRAMEBUFFER_OPERATION: glClear: Framebuffer is incomplete: Attachment has zero size. @ http://localhost:3002/:0
[   15141ms] [WARNING] [.WebGL-0x104004f7400] GL_INVALID_FRAMEBUFFER_OPERATION: glClear: Framebuffer is incomplete: Attachment has zero size. @ http://localhost:3002/:0
[   15155ms] [WARNING] [.WebGL-0x104004f7400] GL_INVALID_FRAMEBUFFER_OPERATION: glDrawElements: Framebuffer is incomplete: Attachment has zero size. @ http://localhost:3002/:0
[   15155ms] [WARNING] [.WebGL-0x104004f7400] GL_INVALID_FRAMEBUFFER_OPERATION: glDrawElements: Framebuffer is incomplete: Attachment has zero size. @ http://localhost:3002/:0
[   15165ms] [WARNING] [.WebGL-0x104004f7400] GL_INVALID_FRAMEBUFFER_OPERATION: glClear: Framebuffer is incomplete: Attachment has zero size. @ http://localhost:3002/:0
[   15165ms] [WARNING] [.WebGL-0x104004f7400] GL_INVALID_FRAMEBUFFER_OPERATION: glClear: Framebuffer is incomplete: Attachment has zero size. @ http://localhost:3002/:0
[   15165ms] [WARNING] [.WebGL-0x104004f7400] GL_INVALID_FRAMEBUFFER_OPERATION: glDrawElements: Framebuffer is incomplete: Attachment has zero size. @ http://localhost:3002/:0
[   15171ms] [WARNING] [.WebGL-0x104004f7400] GL_INVALID_FRAMEBUFFER_OPERATION: glDrawElements: Framebuffer is incomplete: Attachment has zero size. @ http://localhost:3002/:0
[   15190ms] [WARNING] [.WebGL-0x104004f7400] GL_INVALID_FRAMEBUFFER_OPERATION: glClear: Framebuffer is incomplete: Attachment has zero size. @ http://localhost:3002/:0
[   15190ms] [WARNING] [.WebGL-0x104004f7400] GL_INVALID_FRAMEBUFFER_OPERATION: glClear: Framebuffer is incomplete: Attachment has zero size. @ http://localhost:3002/:0
[   15205ms] [WARNING] [.WebGL-0x104004f7400] GL_INVALID_FRAMEBUFFER_OPERATION: glDrawElements: Framebuffer is incomplete: Attachment has zero size. @ http://localhost:3002/:0
[   15206ms] [WARNING] [.WebGL-0x104004f7400] GL_INVALID_FRAMEBUFFER_OPERATION: glDrawElements: Framebuffer is incomplete: Attachment has zero size. @ http://localhost:3002/:0
[   15221ms] [WARNING] [.WebGL-0x104004f7400] GL_INVALID_FRAMEBUFFER_OPERATION: glClear: Framebuffer is incomplete: Attachment has zero size. @ http://localhost:3002/:0
[   15221ms] [WARNING] [.WebGL-0x104004f7400] GL_INVALID_FRAMEBUFFER_OPERATION: glClear: Framebuffer is incomplete: Attachment has zero size. @ http://localhost:3002/:0
[   15221ms] [WARNING] [.WebGL-0x104004f7400] GL_INVALID_FRAMEBUFFER_OPERATION: glDrawElements: Framebuffer is incomplete: Attachment has zero size. @ http://localhost:3002/:0
[   15221ms] [WARNING] [.WebGL-0x104004f7400] GL_INVALID_FRAMEBUFFER_OPERATION: glDrawElements: Framebuffer is incomplete: Attachment has zero size. @ http://localhost:3002/:0
[   15240ms] [WARNING] [.WebGL-0x104004f7400] GL_INVALID_FRAMEBUFFER_OPERATION: glClear: Framebuffer is incomplete: Attachment has zero size. @ http://localhost:3002/:0
[   15240ms] [WARNING] [.WebGL-0x104004f7400] GL_INVALID_FRAMEBUFFER_OPERATION: glClear: Framebuffer is incomplete: Attachment has zero size. @ http://localhost:3002/:0
[   15255ms] [WARNING] [.WebGL-0x104004f7400] GL_INVALID_FRAMEBUFFER_OPERATION: glDrawElements: Framebuffer is incomplete: Attachment has zero size. @ http://localhost:3002/:0
[   15255ms] [WARNING] [.WebGL-0x104004f7400] GL_INVALID_FRAMEBUFFER_OPERATION: glDrawElements: Framebuffer is incomplete: Attachment has zero size. @ http://localhost:3002/:0
[   15272ms] [WARNING] [.WebGL-0x104004f7400] GL_INVALID_FRAMEBUFFER_OPERATION: glClear: Framebuffer is incomplete: Attachment has zero size. @ http://localhost:3002/:0
[   15272ms] [WARNING] [.WebGL-0x104004f7400] GL_INVALID_FRAMEBUFFER_OPERATION: glClear: Framebuffer is incomplete: Attachment has zero size. @ http://localhost:3002/:0
[   15272ms] [WARNING] [.WebGL-0x104004f7400] GL_INVALID_FRAMEBUFFER_OPERATION: glDrawElements: Framebuffer is incomplete: Attachment has zero size. @ http://localhost:3002/:0
[   15272ms] [WARNING] [.WebGL-0x104004f7400] GL_INVALID_FRAMEBUFFER_OPERATION: glDrawElements: Framebuffer is incomplete: Attachment has zero size. @ http://localhost:3002/:0
[   15290ms] [WARNING] [.WebGL-0x104004f7400] GL_INVALID_FRAMEBUFFER_OPERATION: glClear: Framebuffer is incomplete: Attachment has zero size. @ http://localhost:3002/:0
[   15290ms] [WARNING] [.WebGL-0x104004f7400] GL_INVALID_FRAMEBUFFER_OPERATION: glClear: Framebuffer is incomplete: Attachment has zero size. @ http://localhost:3002/:0
[   15304ms] [WARNING] [.WebGL-0x104004f7400] GL_INVALID_FRAMEBUFFER_OPERATION: glDrawElements: Framebuffer is incomplete: Attachment has zero size. @ http://localhost:3002/:0
[   15305ms] [WARNING] [.WebGL-0x104004f7400] GL_INVALID_FRAMEBUFFER_OPERATION: glDrawElements: Framebuffer is incomplete: Attachment has zero size. @ http://localhost:3002/:0
[   15322ms] [WARNING] [.WebGL-0x104004f7400] GL_INVALID_FRAMEBUFFER_OPERATION: glClear: Framebuffer is incomplete: Attachment has zero size. @ http://localhost:3002/:0
[   15322ms] [WARNING] [.WebGL-0x104004f7400] GL_INVALID_FRAMEBUFFER_OPERATION: glClear: Framebuffer is incomplete: Attachment has zero size. @ http://localhost:3002/:0
[   15322ms] [WARNING] [.WebGL-0x104004f7400] GL_INVALID_FRAMEBUFFER_OPERATION: glDrawElements: Framebuffer is incomplete: Attachment has zero size. @ http://localhost:3002/:0
[   15322ms] [WARNING] [.WebGL-0x104004f7400] GL_INVALID_FRAMEBUFFER_OPERATION: glDrawElements: Framebuffer is incomplete: Attachment has zero size. @ http://localhost:3002/:0
[   15340ms] [WARNING] [.WebGL-0x104004f7400] GL_INVALID_FRAMEBUFFER_OPERATION: glClear: Framebuffer is incomplete: Attachment has zero size. @ http://localhost:3002/:0
[   15340ms] [WARNING] [.WebGL-0x104004f7400] GL_INVALID_FRAMEBUFFER_OPERATION: glClear: Framebuffer is incomplete: Attachment has zero size. @ http://localhost:3002/:0
[   15340ms] [WARNING] [.WebGL-0x104004f7400] GL_INVALID_FRAMEBUFFER_OPERATION: glDrawElements: Framebuffer is incomplete: Attachment has zero size. @ http://localhost:3002/:0
[   15355ms] [WARNING] [.WebGL-0x104004f7400] GL_INVALID_FRAMEBUFFER_OPERATION: glDrawElements: Framebuffer is incomplete: Attachment has zero size. @ http://localhost:3002/:0
[   15366ms] [WARNING] [.WebGL-0x104004f7400] GL_INVALID_FRAMEBUFFER_OPERATION: glClear: Framebuffer is incomplete: Attachment has zero size. @ http://localhost:3002/:0
[   15366ms] [WARNING] [.WebGL-0x104004f7400] GL_INVALID_FRAMEBUFFER_OPERATION: glClear: Framebuffer is incomplete: Attachment has zero size. @ http://localhost:3002/:0
[   15372ms] [WARNING] [.WebGL-0x104004f7400] GL_INVALID_FRAMEBUFFER_OPERATION: glDrawElements: Framebuffer is incomplete: Attachment has zero size. @ http://localhost:3002/:0
[   15372ms] [WARNING] [.WebGL-0x104004f7400] GL_INVALID_FRAMEBUFFER_OPERATION: glDrawElements: Framebuffer is incomplete: Attachment has zero size. @ http://localhost:3002/:0
[   15405ms] [WARNING] [.WebGL-0x104004f7400] GL_INVALID_FRAMEBUFFER_OPERATION: glClear: Framebuffer is incomplete: Attachment has zero size. @ http://localhost:3002/:0
[   15405ms] [WARNING] [.WebGL-0x104004f7400] GL_INVALID_FRAMEBUFFER_OPERATION: glClear: Framebuffer is incomplete: Attachment has zero size. @ http://localhost:3002/:0
[   15405ms] [WARNING] [.WebGL-0x104004f7400] GL_INVALID_FRAMEBUFFER_OPERATION: glDrawElements: Framebuffer is incomplete: Attachment has zero size. @ http://localhost:3002/:0
[   15405ms] [WARNING] [.WebGL-0x104004f7400] GL_INVALID_FRAMEBUFFER_OPERATION: glDrawElements: Framebuffer is incomplete: Attachment has zero size. @ http://localhost:3002/:0
[   15415ms] [WARNING] [.WebGL-0x104004f7400] GL_INVALID_FRAMEBUFFER_OPERATION: glClear: Framebuffer is incomplete: Attachment has zero size. @ http://localhost:3002/:0
[   15415ms] [WARNING] [.WebGL-0x104004f7400] GL_INVALID_FRAMEBUFFER_OPERATION: glClear: Framebuffer is incomplete: Attachment has zero size. @ http://localhost:3002/:0
[   15422ms] [WARNING] [.WebGL-0x104004f7400] GL_INVALID_FRAMEBUFFER_OPERATION: glDrawElements: Framebuffer is incomplete: Attachment has zero size. @ http://localhost:3002/:0
[   15422ms] [WARNING] [.WebGL-0x104004f7400] GL_INVALID_FRAMEBUFFER_OPERATION: glDrawElements: Framebuffer is incomplete: Attachment has zero size. @ http://localhost:3002/:0
[   15456ms] [WARNING] [.WebGL-0x104004f7400] GL_INVALID_FRAMEBUFFER_OPERATION: glClear: Framebuffer is incomplete: Attachment has zero size. @ http://localhost:3002/:0
[   15456ms] [WARNING] [.WebGL-0x104004f7400] GL_INVALID_FRAMEBUFFER_OPERATION: glClear: Framebuffer is incomplete: Attachment has zero size. @ http://localhost:3002/:0
[   15456ms] [WARNING] [.WebGL-0x104004f7400] GL_INVALID_FRAMEBUFFER_OPERATION: glDrawElements: Framebuffer is incomplete: Attachment has zero size. @ http://localhost:3002/:0
[   15456ms] [WARNING] [.WebGL-0x104004f7400] GL_INVALID_FRAMEBUFFER_OPERATION: glDrawElements: Framebuffer is incomplete: Attachment has zero size. @ http://localhost:3002/:0
[   15464ms] [WARNING] [.WebGL-0x104004f7400] GL_INVALID_FRAMEBUFFER_OPERATION: glClear: Framebuffer is incomplete: Attachment has zero size. @ http://localhost:3002/:0
[   15464ms] [WARNING] [.WebGL-0x104004f7400] GL_INVALID_FRAMEBUFFER_OPERATION: glClear: Framebuffer is incomplete: Attachment has zero size. @ http://localhost:3002/:0
[   15471ms] [WARNING] [.WebGL-0x104004f7400] GL_INVALID_FRAMEBUFFER_OPERATION: glDrawElements: Framebuffer is incomplete: Attachment has zero size. @ http://localhost:3002/:0
[   15471ms] [WARNING] [.WebGL-0x104004f7400] GL_INVALID_FRAMEBUFFER_OPERATION: glDrawElements: Framebuffer is incomplete: Attachment has zero size. @ http://localhost:3002/:0
[   15506ms] [WARNING] [.WebGL-0x104004f7400] GL_INVALID_FRAMEBUFFER_OPERATION: glClear: Framebuffer is incomplete: Attachment has zero size. @ http://localhost:3002/:0
[   15506ms] [WARNING] [.WebGL-0x104004f7400] GL_INVALID_FRAMEBUFFER_OPERATION: glClear: Framebuffer is incomplete: Attachment has zero size. @ http://localhost:3002/:0
[   15506ms] [WARNING] [.WebGL-0x104004f7400] GL_INVALID_FRAMEBUFFER_OPERATION: glDrawElements: Framebuffer is incomplete: Attachment has zero size. @ http://localhost:3002/:0
[   15506ms] [WARNING] [.WebGL-0x104004f7400] GL_INVALID_FRAMEBUFFER_OPERATION: glDrawElements: Framebuffer is incomplete: Attachment has zero size. @ http://localhost:3002/:0
[   15515ms] [WARNING] [.WebGL-0x104004f7400] GL_INVALID_FRAMEBUFFER_OPERATION: glClear: Framebuffer is incomplete: Attachment has zero size. @ http://localhost:3002/:0
[   15515ms] [WARNING] [.WebGL-0x104004f7400] GL_INVALID_FRAMEBUFFER_OPERATION: glClear: Framebuffer is incomplete: Attachment has zero size. @ http://localhost:3002/:0
[   15522ms] [WARNING] [.WebGL-0x104004f7400] GL_INVALID_FRAMEBUFFER_OPERATION: glDrawElements: Framebuffer is incomplete: Attachment has zero size. @ http://localhost:3002/:0
[   15522ms] [WARNING] [.WebGL-0x104004f7400] GL_INVALID_FRAMEBUFFER_OPERATION: glDrawElements: Framebuffer is incomplete: Attachment has zero size. @ http://localhost:3002/:0
[   15540ms] [WARNING] [.WebGL-0x104004f7400] GL_INVALID_FRAMEBUFFER_OPERATION: glClear: Framebuffer is incomplete: Attachment has zero size. @ http://localhost:3002/:0
[   15556ms] [WARNING] [.WebGL-0x104004f7400] GL_INVALID_FRAMEBUFFER_OPERATION: glClear: Framebuffer is incomplete: Attachment has zero size. @ http://localhost:3002/:0
[   15556ms] [WARNING] [.WebGL-0x104004f7400] GL_INVALID_FRAMEBUFFER_OPERATION: glDrawElements: Framebuffer is incomplete: Attachment has zero size. @ http://localhost:3002/:0
[   15556ms] [WARNING] [.WebGL-0x104004f7400] GL_INVALID_FRAMEBUFFER_OPERATION: glDrawElements: Framebuffer is incomplete: Attachment has zero size. @ http://localhost:3002/:0
[   15565ms] [WARNING] [.WebGL-0x104004f7400] GL_INVALID_FRAMEBUFFER_OPERATION: glClear: Framebuffer is incomplete: Attachment has zero size. @ http://localhost:3002/:0
[   15565ms] [WARNING] [.WebGL-0x104004f7400] GL_INVALID_FRAMEBUFFER_OPERATION: glClear: Framebuffer is incomplete: Attachment has zero size. @ http://localhost:3002/:0
[   15565ms] [WARNING] [.WebGL-0x104004f7400] GL_INVALID_FRAMEBUFFER_OPERATION: glDrawElements: Framebuffer is incomplete: Attachment has zero size. @ http://localhost:3002/:0
[   15572ms] [WARNING] [.WebGL-0x104004f7400] GL_INVALID_FRAMEBUFFER_OPERATION: glDrawElements: Framebuffer is incomplete: Attachment has zero size. @ http://localhost:3002/:0
[   15590ms] [WARNING] [.WebGL-0x104004f7400] GL_INVALID_FRAMEBUFFER_OPERATION: glClear: Framebuffer is incomplete: Attachment has zero size. @ http://localhost:3002/:0
[   15590ms] [WARNING] [.WebGL-0x104004f7400] GL_INVALID_FRAMEBUFFER_OPERATION: glClear: Framebuffer is incomplete: Attachment has zero size. @ http://localhost:3002/:0
[   15605ms] [WARNING] [.WebGL-0x104004f7400] GL_INVALID_FRAMEBUFFER_OPERATION: glDrawElements: Framebuffer is incomplete: Attachment has zero size. @ http://localhost:3002/:0
[   15605ms] [WARNING] [.WebGL-0x104004f7400] GL_INVALID_FRAMEBUFFER_OPERATION: glDrawElements: Framebuffer is incomplete: Attachment has zero size. @ http://localhost:3002/:0
[   15622ms] [WARNING] [.WebGL-0x104004f7400] GL_INVALID_FRAMEBUFFER_OPERATION: glClear: Framebuffer is incomplete: Attachment has zero size. @ http://localhost:3002/:0
[   15622ms] [WARNING] [.WebGL-0x104004f7400] GL_INVALID_FRAMEBUFFER_OPERATION: glClear: Framebuffer is incomplete: Attachment has zero size. @ http://localhost:3002/:0
[   15622ms] [WARNING] [.WebGL-0x104004f7400] GL_INVALID_FRAMEBUFFER_OPERATION: glDrawElements: Framebuffer is incomplete: Attachment has zero size. @ http://localhost:3002/:0
[   15622ms] [WARNING] [.WebGL-0x104004f7400] GL_INVALID_FRAMEBUFFER_OPERATION: glDrawElements: Framebuffer is incomplete: Attachment has zero size. @ http://localhost:3002/:0
[   15640ms] [WARNING] [.WebGL-0x104004f7400] GL_INVALID_FRAMEBUFFER_OPERATION: glClear: Framebuffer is incomplete: Attachment has zero size. @ http://localhost:3002/:0
[   15640ms] [WARNING] [.WebGL-0x104004f7400] GL_INVALID_FRAMEBUFFER_OPERATION: glClear: Framebuffer is incomplete: Attachment has zero size. @ http://localhost:3002/:0
[   15655ms] [WARNING] [.WebGL-0x104004f7400] GL_INVALID_FRAMEBUFFER_OPERATION: glDrawElements: Framebuffer is incomplete: Attachment has zero size. @ http://localhost:3002/:0
[   15655ms] [WARNING] [.WebGL-0x104004f7400] GL_INVALID_FRAMEBUFFER_OPERATION: glDrawElements: Framebuffer is incomplete: Attachment has zero size. @ http://localhost:3002/:0
[   15672ms] [WARNING] [.WebGL-0x104004f7400] GL_INVALID_FRAMEBUFFER_OPERATION: glClear: Framebuffer is incomplete: Attachment has zero size. @ http://localhost:3002/:0
[   15672ms] [WARNING] [.WebGL-0x104004f7400] GL_INVALID_FRAMEBUFFER_OPERATION: glClear: Framebuffer is incomplete: Attachment has zero size. @ http://localhost:3002/:0
[   15672ms] [WARNING] [.WebGL-0x104004f7400] GL_INVALID_FRAMEBUFFER_OPERATION: glDrawElements: Framebuffer is incomplete: Attachment has zero size. @ http://localhost:3002/:0
[   15672ms] [WARNING] [.WebGL-0x104004f7400] GL_INVALID_FRAMEBUFFER_OPERATION: glDrawElements: Framebuffer is incomplete: Attachment has zero size. @ http://localhost:3002/:0
[   15690ms] [WARNING] [.WebGL-0x104004f7400] GL_INVALID_FRAMEBUFFER_OPERATION: glClear: Framebuffer is incomplete: Attachment has zero size. @ http://localhost:3002/:0
[   15690ms] [WARNING] [.WebGL-0x104004f7400] GL_INVALID_FRAMEBUFFER_OPERATION: glClear: Framebuffer is incomplete: Attachment has zero size. @ http://localhost:3002/:0
[   15705ms] [WARNING] [.WebGL-0x104004f7400] GL_INVALID_FRAMEBUFFER_OPERATION: glDrawElements: Framebuffer is incomplete: Attachment has zero size. @ http://localhost:3002/:0
[   15705ms] [WARNING] [.WebGL-0x104004f7400] GL_INVALID_FRAMEBUFFER_OPERATION: glDrawElements: Framebuffer is incomplete: Attachment has zero size. @ http://localhost:3002/:0
[   15722ms] [WARNING] [.WebGL-0x104004f7400] GL_INVALID_FRAMEBUFFER_OPERATION: glClear: Framebuffer is incomplete: Attachment has zero size. @ http://localhost:3002/:0
[   15722ms] [WARNING] [.WebGL-0x104004f7400] GL_INVALID_FRAMEBUFFER_OPERATION: glClear: Framebuffer is incomplete: Attachment has zero size. @ http://localhost:3002/:0
[   15722ms] [WARNING] [.WebGL-0x104004f7400] GL_INVALID_FRAMEBUFFER_OPERATION: glDrawElements: Framebuffer is incomplete: Attachment has zero size. @ http://localhost:3002/:0
[   15722ms] [WARNING] [.WebGL-0x104004f7400] GL_INVALID_FRAMEBUFFER_OPERATION: glDrawElements: Framebuffer is incomplete: Attachment has zero size. @ http://localhost:3002/:0
[   15740ms] [WARNING] [.WebGL-0x104004f7400] GL_INVALID_FRAMEBUFFER_OPERATION: glClear: Framebuffer is incomplete: Attachment has zero size. @ http://localhost:3002/:0
[   15740ms] [WARNING] [.WebGL-0x104004f7400] GL_INVALID_FRAMEBUFFER_OPERATION: glClear: Framebuffer is incomplete: Attachment has zero size. @ http://localhost:3002/:0
[   15755ms] [WARNING] [.WebGL-0x104004f7400] GL_INVALID_FRAMEBUFFER_OPERATION: glDrawElements: Framebuffer is incomplete: Attachment has zero size. @ http://localhost:3002/:0
[   15755ms] [WARNING] [.WebGL-0x104004f7400] GL_INVALID_FRAMEBUFFER_OPERATION: glDrawElements: Framebuffer is incomplete: Attachment has zero size. @ http://localhost:3002/:0
[   15765ms] [WARNING] [.WebGL-0x104004f7400] GL_INVALID_FRAMEBUFFER_OPERATION: glClear: Framebuffer is incomplete: Attachment has zero size. @ http://localhost:3002/:0
[   15765ms] [WARNING] [.WebGL-0x104004f7400] GL_INVALID_FRAMEBUFFER_OPERATION: glClear: Framebuffer is incomplete: Attachment has zero size. @ http://localhost:3002/:0
[   15772ms] [WARNING] [.WebGL-0x104004f7400] GL_INVALID_FRAMEBUFFER_OPERATION: glDrawElements: Framebuffer is incomplete: Attachment has zero size. @ http://localhost:3002/:0
[   15772ms] [WARNING] [.WebGL-0x104004f7400] GL_INVALID_FRAMEBUFFER_OPERATION: glDrawElements: Framebuffer is incomplete: Attachment has zero size. @ http://localhost:3002/:0
[   15790ms] [WARNING] [.WebGL-0x104004f7400] GL_INVALID_FRAMEBUFFER_OPERATION: glClear: Framebuffer is incomplete: Attachment has zero size. @ http://localhost:3002/:0
[   15790ms] [WARNING] [.WebGL-0x104004f7400] GL_INVALID_FRAMEBUFFER_OPERATION: glClear: Framebuffer is incomplete: Attachment has zero size. @ http://localhost:3002/:0
[   15790ms] [WARNING] [.WebGL-0x104004f7400] GL_INVALID_FRAMEBUFFER_OPERATION: glDrawElements: Framebuffer is incomplete: Attachment has zero size. @ http://localhost:3002/:0
[   15805ms] [WARNING] [.WebGL-0x104004f7400] GL_INVALID_FRAMEBUFFER_OPERATION: glDrawElements: Framebuffer is incomplete: Attachment has zero size. @ http://localhost:3002/:0
[   15815ms] [WARNING] [.WebGL-0x104004f7400] GL_INVALID_FRAMEBUFFER_OPERATION: glClear: Framebuffer is incomplete: Attachment has zero size. @ http://localhost:3002/:0
[   15815ms] [WARNING] [.WebGL-0x104004f7400] GL_INVALID_FRAMEBUFFER_OPERATION: glClear: Framebuffer is incomplete: Attachment has zero size. @ http://localhost:3002/:0
[   15822ms] [WARNING] [.WebGL-0x104004f7400] GL_INVALID_FRAMEBUFFER_OPERATION: glDrawElements: Framebuffer is incomplete: Attachment has zero size. @ http://localhost:3002/:0
[   15822ms] [WARNING] [.WebGL-0x104004f7400] GL_INVALID_FRAMEBUFFER_OPERATION: glDrawElements: Framebuffer is incomplete: Attachment has zero size. @ http://localhost:3002/:0
[   15855ms] [WARNING] [.WebGL-0x104004f7400] GL_INVALID_FRAMEBUFFER_OPERATION: glClear: Framebuffer is incomplete: Attachment has zero size. @ http://localhost:3002/:0
[   15855ms] [WARNING] [.WebGL-0x104004f7400] GL_INVALID_FRAMEBUFFER_OPERATION: glClear: Framebuffer is incomplete: Attachment has zero size. @ http://localhost:3002/:0
[   15855ms] [WARNING] [.WebGL-0x104004f7400] GL_INVALID_FRAMEBUFFER_OPERATION: glDrawElements: Framebuffer is incomplete: Attachment has zero size. @ http://localhost:3002/:0
[   15855ms] [WARNING] [.WebGL-0x104004f7400] GL_INVALID_FRAMEBUFFER_OPERATION: glDrawElements: Framebuffer is incomplete: Attachment has zero size. @ http://localhost:3002/:0
[   15865ms] [WARNING] [.WebGL-0x104004f7400] GL_INVALID_FRAMEBUFFER_OPERATION: glClear: Framebuffer is incomplete: Attachment has zero size. @ http://localhost:3002/:0
[   15865ms] [WARNING] [.WebGL-0x104004f7400] GL_INVALID_FRAMEBUFFER_OPERATION: glClear: Framebuffer is incomplete: Attachment has zero size. @ http://localhost:3002/:0
[   15872ms] [WARNING] [.WebGL-0x104004f7400] GL_INVALID_FRAMEBUFFER_OPERATION: glDrawElements: Framebuffer is incomplete: Attachment has zero size. @ http://localhost:3002/:0
[   15872ms] [WARNING] [.WebGL-0x104004f7400] GL_INVALID_FRAMEBUFFER_OPERATION: glDrawElements: Framebuffer is incomplete: Attachment has zero size. @ http://localhost:3002/:0
[   15905ms] [WARNING] [.WebGL-0x104004f7400] GL_INVALID_FRAMEBUFFER_OPERATION: glClear: Framebuffer is incomplete: Attachment has zero size. @ http://localhost:3002/:0
[   15905ms] [WARNING] [.WebGL-0x104004f7400] GL_INVALID_FRAMEBUFFER_OPERATION: glClear: Framebuffer is incomplete: Attachment has zero size. @ http://localhost:3002/:0
[   15905ms] [WARNING] [.WebGL-0x104004f7400] GL_INVALID_FRAMEBUFFER_OPERATION: glDrawElements: Framebuffer is incomplete: Attachment has zero size. @ http://localhost:3002/:0
[   15905ms] [WARNING] [.WebGL-0x104004f7400] GL_INVALID_FRAMEBUFFER_OPERATION: glDrawElements: Framebuffer is incomplete: Attachment has zero size. @ http://localhost:3002/:0
[   15915ms] [WARNING] [.WebGL-0x104004f7400] GL_INVALID_FRAMEBUFFER_OPERATION: glClear: Framebuffer is incomplete: Attachment has zero size. @ http://localhost:3002/:0
[   15915ms] [WARNING] [.WebGL-0x104004f7400] GL_INVALID_FRAMEBUFFER_OPERATION: glClear: Framebuffer is incomplete: Attachment has zero size. @ http://localhost:3002/:0
[   15922ms] [WARNING] [.WebGL-0x104004f7400] GL_INVALID_FRAMEBUFFER_OPERATION: glDrawElements: Framebuffer is incomplete: Attachment has zero size. @ http://localhost:3002/:0
[   15922ms] [WARNING] [.WebGL-0x104004f7400] GL_INVALID_FRAMEBUFFER_OPERATION: glDrawElements: Framebuffer is incomplete: Attachment has zero size. @ http://localhost:3002/:0
[   15955ms] [WARNING] [.WebGL-0x104004f7400] GL_INVALID_FRAMEBUFFER_OPERATION: glClear: Framebuffer is incomplete: Attachment has zero size. @ http://localhost:3002/:0
[   15955ms] [WARNING] [.WebGL-0x104004f7400] GL_INVALID_FRAMEBUFFER_OPERATION: glClear: Framebuffer is incomplete: Attachment has zero size. @ http://localhost:3002/:0
[   15956ms] [WARNING] [.WebGL-0x104004f7400] GL_INVALID_FRAMEBUFFER_OPERATION: glDrawElements: Framebuffer is incomplete: Attachment has zero size. @ http://localhost:3002/:0
[   15956ms] [WARNING] [.WebGL-0x104004f7400] GL_INVALID_FRAMEBUFFER_OPERATION: glDrawElements: Framebuffer is incomplete: Attachment has zero size. @ http://localhost:3002/:0
[   15965ms] [WARNING] [.WebGL-0x104004f7400] GL_INVALID_FRAMEBUFFER_OPERATION: glClear: Framebuffer is incomplete: Attachment has zero size. @ http://localhost:3002/:0
[   15965ms] [WARNING] [.WebGL-0x104004f7400] GL_INVALID_FRAMEBUFFER_OPERATION: glClear: Framebuffer is incomplete: Attachment has zero size. @ http://localhost:3002/:0
[   15965ms] [WARNING] [.WebGL-0x104004f7400] GL_INVALID_FRAMEBUFFER_OPERATION: glDrawElements: Framebuffer is incomplete: Attachment has zero size. @ http://localhost:3002/:0
[   15972ms] [WARNING] [.WebGL-0x104004f7400] GL_INVALID_FRAMEBUFFER_OPERATION: glDrawElements: Framebuffer is incomplete: Attachment has zero size. @ http://localhost:3002/:0
[   15990ms] [WARNING] [.WebGL-0x104004f7400] GL_INVALID_FRAMEBUFFER_OPERATION: glClear: Framebuffer is incomplete: Attachment has zero size. @ http://localhost:3002/:0
[   15990ms] [WARNING] [.WebGL-0x104004f7400] GL_INVALID_FRAMEBUFFER_OPERATION: glClear: Framebuffer is incomplete: Attachment has zero size. @ http://localhost:3002/:0
[   16005ms] [WARNING] [.WebGL-0x104004f7400] GL_INVALID_FRAMEBUFFER_OPERATION: glDrawElements: Framebuffer is incomplete: Attachment has zero size. @ http://localhost:3002/:0
[   16005ms] [WARNING] [.WebGL-0x104004f7400] GL_INVALID_FRAMEBUFFER_OPERATION: glDrawElements: Framebuffer is incomplete: Attachment has zero size. @ http://localhost:3002/:0
[   16022ms] [WARNING] [.WebGL-0x104004f7400] GL_INVALID_FRAMEBUFFER_OPERATION: glClear: Framebuffer is incomplete: Attachment has zero size. @ http://localhost:3002/:0
[   16022ms] [WARNING] [.WebGL-0x104004f7400] GL_INVALID_FRAMEBUFFER_OPERATION: glClear: Framebuffer is incomplete: Attachment has zero size. @ http://localhost:3002/:0
[   16022ms] [WARNING] [.WebGL-0x104004f7400] GL_INVALID_FRAMEBUFFER_OPERATION: glDrawElements: Framebuffer is incomplete: Attachment has zero size. @ http://localhost:3002/:0
[   16022ms] [WARNING] [.WebGL-0x104004f7400] GL_INVALID_FRAMEBUFFER_OPERATION: glDrawElements: Framebuffer is incomplete: Attachment has zero size. @ http://localhost:3002/:0
[   16040ms] [WARNING] [.WebGL-0x104004f7400] GL_INVALID_FRAMEBUFFER_OPERATION: glClear: Framebuffer is incomplete: Attachment has zero size. @ http://localhost:3002/:0
[   16040ms] [WARNING] [.WebGL-0x104004f7400] GL_INVALID_FRAMEBUFFER_OPERATION: glClear: Framebuffer is incomplete: Attachment has zero size. @ http://localhost:3002/:0
[   16055ms] [WARNING] [.WebGL-0x104004f7400] GL_INVALID_FRAMEBUFFER_OPERATION: glDrawElements: Framebuffer is incomplete: Attachment has zero size. @ http://localhost:3002/:0
[   16055ms] [WARNING] [.WebGL-0x104004f7400] GL_INVALID_FRAMEBUFFER_OPERATION: glDrawElements: Framebuffer is incomplete: Attachment has zero size. @ http://localhost:3002/:0
[   16072ms] [WARNING] [.WebGL-0x104004f7400] GL_INVALID_FRAMEBUFFER_OPERATION: glClear: Framebuffer is incomplete: Attachment has zero size. @ http://localhost:3002/:0
[   16072ms] [WARNING] [.WebGL-0x104004f7400] GL_INVALID_FRAMEBUFFER_OPERATION: glClear: Framebuffer is incomplete: Attachment has zero size. @ http://localhost:3002/:0
[   16072ms] [WARNING] [.WebGL-0x104004f7400] GL_INVALID_FRAMEBUFFER_OPERATION: glDrawElements: Framebuffer is incomplete: Attachment has zero size. @ http://localhost:3002/:0
[   16072ms] [WARNING] [.WebGL-0x104004f7400] GL_INVALID_FRAMEBUFFER_OPERATION: glDrawElements: Framebuffer is incomplete: Attachment has zero size. @ http://localhost:3002/:0
[   16091ms] [WARNING] [.WebGL-0x104004f7400] GL_INVALID_FRAMEBUFFER_OPERATION: glClear: Framebuffer is incomplete: Attachment has zero size. @ http://localhost:3002/:0
[   16091ms] [WARNING] [.WebGL-0x104004f7400] GL_INVALID_FRAMEBUFFER_OPERATION: glClear: Framebuffer is incomplete: Attachment has zero size. @ http://localhost:3002/:0
[   16106ms] [WARNING] [.WebGL-0x104004f7400] GL_INVALID_FRAMEBUFFER_OPERATION: glDrawElements: Framebuffer is incomplete: Attachment has zero size. @ http://localhost:3002/:0
[   16106ms] [WARNING] [.WebGL-0x104004f7400] GL_INVALID_FRAMEBUFFER_OPERATION: glDrawElements: Framebuffer is incomplete: Attachment has zero size. @ http://localhost:3002/:0
[   16122ms] [WARNING] [.WebGL-0x104004f7400] GL_INVALID_FRAMEBUFFER_OPERATION: glClear: Framebuffer is incomplete: Attachment has zero size. @ http://localhost:3002/:0
[   16122ms] [WARNING] [.WebGL-0x104004f7400] GL_INVALID_FRAMEBUFFER_OPERATION: glClear: Framebuffer is incomplete: Attachment has zero size. @ http://localhost:3002/:0
[   16122ms] [WARNING] [.WebGL-0x104004f7400] GL_INVALID_FRAMEBUFFER_OPERATION: glDrawElements: Framebuffer is incomplete: Attachment has zero size. @ http://localhost:3002/:0
[   16123ms] [WARNING] [.WebGL-0x104004f7400] GL_INVALID_FRAMEBUFFER_OPERATION: glDrawElements: Framebuffer is incomplete: Attachment has zero size. @ http://localhost:3002/:0
[   16141ms] [WARNING] [.WebGL-0x104004f7400] GL_INVALID_FRAMEBUFFER_OPERATION: glClear: Framebuffer is incomplete: Attachment has zero size. @ http://localhost:3002/:0
[   16141ms] [WARNING] [.WebGL-0x104004f7400] GL_INVALID_FRAMEBUFFER_OPERATION: glClear: Framebuffer is incomplete: Attachment has zero size. @ http://localhost:3002/:0
[   16156ms] [WARNING] [.WebGL-0x104004f7400] GL_INVALID_FRAMEBUFFER_OPERATION: glDrawElements: Framebuffer is incomplete: Attachment has zero size. @ http://localhost:3002/:0
[   16156ms] [WARNING] [.WebGL-0x104004f7400] GL_INVALID_FRAMEBUFFER_OPERATION: glDrawElements: Framebuffer is incomplete: Attachment has zero size. @ http://localhost:3002/:0
[   16165ms] [WARNING] [.WebGL-0x104004f7400] GL_INVALID_FRAMEBUFFER_OPERATION: glClear: Framebuffer is incomplete: Attachment has zero size. @ http://localhost:3002/:0
[   16172ms] [WARNING] [.WebGL-0x104004f7400] GL_INVALID_FRAMEBUFFER_OPERATION: glClear: Framebuffer is incomplete: Attachment has zero size. @ http://localhost:3002/:0
[   16172ms] [WARNING] [.WebGL-0x104004f7400] GL_INVALID_FRAMEBUFFER_OPERATION: glDrawElements: Framebuffer is incomplete: Attachment has zero size. @ http://localhost:3002/:0
[   16172ms] [WARNING] [.WebGL-0x104004f7400] GL_INVALID_FRAMEBUFFER_OPERATION: glDrawElements: Framebuffer is incomplete: Attachment has zero size. @ http://localhost:3002/:0
[   16190ms] [WARNING] [.WebGL-0x104004f7400] GL_INVALID_FRAMEBUFFER_OPERATION: glClear: Framebuffer is incomplete: Attachment has zero size. @ http://localhost:3002/:0
[   16190ms] [WARNING] [.WebGL-0x104004f7400] GL_INVALID_FRAMEBUFFER_OPERATION: glClear: Framebuffer is incomplete: Attachment has zero size. @ http://localhost:3002/:0
[   16190ms] [WARNING] [.WebGL-0x104004f7400] GL_INVALID_FRAMEBUFFER_OPERATION: glDrawElements: Framebuffer is incomplete: Attachment has zero size. @ http://localhost:3002/:0
[   16205ms] [WARNING] [.WebGL-0x104004f7400] GL_INVALID_FRAMEBUFFER_OPERATION: glDrawElements: Framebuffer is incomplete: Attachment has zero size. @ http://localhost:3002/:0
[   16215ms] [WARNING] [.WebGL-0x104004f7400] GL_INVALID_FRAMEBUFFER_OPERATION: glClear: Framebuffer is incomplete: Attachment has zero size. @ http://localhost:3002/:0
[   16215ms] [WARNING] [.WebGL-0x104004f7400] GL_INVALID_FRAMEBUFFER_OPERATION: glClear: Framebuffer is incomplete: Attachment has zero size. @ http://localhost:3002/:0
[   16221ms] [WARNING] [.WebGL-0x104004f7400] GL_INVALID_FRAMEBUFFER_OPERATION: glDrawElements: Framebuffer is incomplete: Attachment has zero size. @ http://localhost:3002/:0
[   16221ms] [WARNING] [.WebGL-0x104004f7400] GL_INVALID_FRAMEBUFFER_OPERATION: glDrawElements: Framebuffer is incomplete: Attachment has zero size. @ http://localhost:3002/:0
[   16221ms] [WARNING] WebGL: too many errors, no more errors will be reported to the console for this context. @ http://localhost:3002/:0
[   30065ms] [WARNING] THREE.Color: Alpha component of rgba(59,130,246,0.3) will be ignored. @ http://localhost:3002/node_modules/.vite/deps/react-globe__gl.js?v=8c6aa4bf:614
[   30067ms] [WARNING] THREE.Color: Alpha component of rgba(59,130,246,0.3) will be ignored. @ http://localhost:3002/node_modules/.vite/deps/react-globe__gl.js?v=8c6aa4bf:614
