[     163ms] [INFO] %cDownload the React DevTools for a better development experience: https://reactjs.org/link/react-devtools font-weight:bold @ http://localhost:3002/node_modules/.vite/deps/chunk-5FIUFYUJ.js?v=8c6aa4bf:21550
[     270ms] [WARNING] ⚠️ React Router Future Flag Warning: React Router will begin wrapping state updates in `React.startTransition` in v7. You can use the `v7_startTransition` future flag to opt-in early. For more information, see https://reactrouter.com/v6/upgrading/future#v7_starttransition. @ http://localhost:3002/node_modules/.vite/deps/react-router-dom.js?v=8c6aa4bf:4435
[     270ms] [WARNING] ⚠️ React Router Future Flag Warning: Relative route resolution within Splat routes is changing in v7. You can use the `v7_relativeSplatPath` future flag to opt-in early. For more information, see https://reactrouter.com/v6/upgrading/future#v7_relativesplatpath. @ http://localhost:3002/node_modules/.vite/deps/react-router-dom.js?v=8c6aa4bf:4435
[     289ms] [WARNING] THREE.Color: Alpha component of rgba(59,130,246,0.3) will be ignored. @ http://localhost:3002/node_modules/.vite/deps/react-globe__gl.js?v=8c6aa4bf:614
[     292ms] [WARNING] THREE.Color: Alpha component of rgba(59,130,246,0.3) will be ignored. @ http://localhost:3002/node_modules/.vite/deps/react-globe__gl.js?v=8c6aa4bf:614
[   13849ms] [WARNING] THREE.Color: Alpha component of rgba(59,130,246,0.3) will be ignored. @ http://localhost:3002/node_modules/.vite/deps/react-globe__gl.js?v=8c6aa4bf:614
[   13851ms] [WARNING] THREE.Color: Alpha component of rgba(59,130,246,0.3) will be ignored. @ http://localhost:3002/node_modules/.vite/deps/react-globe__gl.js?v=8c6aa4bf:614
[   31823ms] [WARNING] THREE.Color: Alpha component of rgba(59,130,246,0.3) will be ignored. @ http://localhost:3002/node_modules/.vite/deps/react-globe__gl.js?v=8c6aa4bf:614
[   31824ms] [WARNING] THREE.Color: Alpha component of rgba(59,130,246,0.3) will be ignored. @ http://localhost:3002/node_modules/.vite/deps/react-globe__gl.js?v=8c6aa4bf:614
[  230121ms] [WARNING] THREE.Color: Alpha component of rgba(59,130,246,0.3) will be ignored. @ http://localhost:3002/node_modules/.vite/deps/react-globe__gl.js?v=8c6aa4bf:614
[  230122ms] [WARNING] THREE.Color: Alpha component of rgba(59,130,246,0.3) will be ignored. @ http://localhost:3002/node_modules/.vite/deps/react-globe__gl.js?v=8c6aa4bf:614
[  230135ms] [WARNING] [.WebGL-0x10400502800] GL_INVALID_FRAMEBUFFER_OPERATION: glClear: Framebuffer is incomplete: Attachment has zero size. @ http://localhost:3002/:0
[  230135ms] [WARNING] [.WebGL-0x10400502800] GL_INVALID_FRAMEBUFFER_OPERATION: glClear: Framebuffer is incomplete: Attachment has zero size. @ http://localhost:3002/:0
[  230135ms] [WARNING] [.WebGL-0x10400502800] GL_INVALID_FRAMEBUFFER_OPERATION: glDrawElements: Framebuffer is incomplete: Attachment has zero size. @ http://localhost:3002/:0
[  230135ms] [WARNING] [.WebGL-0x10400502800] GL_INVALID_FRAMEBUFFER_OPERATION: glDrawElements: Framebuffer is incomplete: Attachment has zero size. @ http://localhost:3002/:0
[  230260ms] [WARNING] [.WebGL-0x10400502800] GL_INVALID_FRAMEBUFFER_OPERATION: glClear: Framebuffer is incomplete: Attachment has zero size. @ http://localhost:3002/:0
[  230260ms] [WARNING] [.WebGL-0x10400502800] GL_INVALID_FRAMEBUFFER_OPERATION: glClear: Framebuffer is incomplete: Attachment has zero size. @ http://localhost:3002/:0
[  230260ms] [WARNING] [.WebGL-0x10400502800] GL_INVALID_FRAMEBUFFER_OPERATION: glDrawElements: Framebuffer is incomplete: Attachment has zero size. @ http://localhost:3002/:0
[  230260ms] [WARNING] [.WebGL-0x10400502800] GL_INVALID_FRAMEBUFFER_OPERATION: glDrawElements: Framebuffer is incomplete: Attachment has zero size. @ http://localhost:3002/:0
[  230369ms] [WARNING] [.WebGL-0x10400502800] GL_INVALID_FRAMEBUFFER_OPERATION: glClear: Framebuffer is incomplete: Attachment has zero size. @ http://localhost:3002/:0
[  230369ms] [WARNING] [.WebGL-0x10400502800] GL_INVALID_FRAMEBUFFER_OPERATION: glClear: Framebuffer is incomplete: Attachment has zero size. @ http://localhost:3002/:0
[  230369ms] [WARNING] [.WebGL-0x10400502800] GL_INVALID_FRAMEBUFFER_OPERATION: glDrawElements: Framebuffer is incomplete: Attachment has zero size. @ http://localhost:3002/:0
[  230369ms] [WARNING] [.WebGL-0x10400502800] GL_INVALID_FRAMEBUFFER_OPERATION: glDrawElements: Framebuffer is incomplete: Attachment has zero size. @ http://localhost:3002/:0
[  230372ms] [WARNING] [.WebGL-0x10400502800] GL_INVALID_FRAMEBUFFER_OPERATION: glClear: Framebuffer is incomplete: Attachment has zero size. @ http://localhost:3002/:0
[  230372ms] [WARNING] [.WebGL-0x10400502800] GL_INVALID_FRAMEBUFFER_OPERATION: glClear: Framebuffer is incomplete: Attachment has zero size. @ http://localhost:3002/:0
[  230372ms] [WARNING] [.WebGL-0x10400502800] GL_INVALID_FRAMEBUFFER_OPERATION: glDrawElements: Framebuffer is incomplete: Attachment has zero size. @ http://localhost:3002/:0
[  230372ms] [WARNING] [.WebGL-0x10400502800] GL_INVALID_FRAMEBUFFER_OPERATION: glDrawElements: Framebuffer is incomplete: Attachment has zero size. @ http://localhost:3002/:0
[  230531ms] [WARNING] [.WebGL-0x10400502800] GL_INVALID_FRAMEBUFFER_OPERATION: glClear: Framebuffer is incomplete: Attachment has zero size. @ http://localhost:3002/:0
[  230531ms] [WARNING] [.WebGL-0x10400502800] GL_INVALID_FRAMEBUFFER_OPERATION: glClear: Framebuffer is incomplete: Attachment has zero size. @ http://localhost:3002/:0
[  230531ms] [WARNING] [.WebGL-0x10400502800] GL_INVALID_FRAMEBUFFER_OPERATION: glDrawElements: Framebuffer is incomplete: Attachment has zero size. @ http://localhost:3002/:0
[  230531ms] [WARNING] [.WebGL-0x10400502800] GL_INVALID_FRAMEBUFFER_OPERATION: glDrawElements: Framebuffer is incomplete: Attachment has zero size. @ http://localhost:3002/:0
[  230582ms] [WARNING] [.WebGL-0x10400502800] GL_INVALID_FRAMEBUFFER_OPERATION: glClear: Framebuffer is incomplete: Attachment has zero size. @ http://localhost:3002/:0
[  230582ms] [WARNING] [.WebGL-0x10400502800] GL_INVALID_FRAMEBUFFER_OPERATION: glClear: Framebuffer is incomplete: Attachment has zero size. @ http://localhost:3002/:0
[  230582ms] [WARNING] [.WebGL-0x10400502800] GL_INVALID_FRAMEBUFFER_OPERATION: glDrawElements: Framebuffer is incomplete: Attachment has zero size. @ http://localhost:3002/:0
[  230582ms] [WARNING] [.WebGL-0x10400502800] GL_INVALID_FRAMEBUFFER_OPERATION: glDrawElements: Framebuffer is incomplete: Attachment has zero size. @ http://localhost:3002/:0
[  230624ms] [WARNING] [.WebGL-0x10400502800] GL_INVALID_FRAMEBUFFER_OPERATION: glClear: Framebuffer is incomplete: Attachment has zero size. @ http://localhost:3002/:0
[  230624ms] [WARNING] [.WebGL-0x10400502800] GL_INVALID_FRAMEBUFFER_OPERATION: glClear: Framebuffer is incomplete: Attachment has zero size. @ http://localhost:3002/:0
[  230624ms] [WARNING] [.WebGL-0x10400502800] GL_INVALID_FRAMEBUFFER_OPERATION: glDrawElements: Framebuffer is incomplete: Attachment has zero size. @ http://localhost:3002/:0
[  230624ms] [WARNING] [.WebGL-0x10400502800] GL_INVALID_FRAMEBUFFER_OPERATION: glDrawElements: Framebuffer is incomplete: Attachment has zero size. @ http://localhost:3002/:0
[  230682ms] [WARNING] [.WebGL-0x10400502800] GL_INVALID_FRAMEBUFFER_OPERATION: glClear: Framebuffer is incomplete: Attachment has zero size. @ http://localhost:3002/:0
[  230682ms] [WARNING] [.WebGL-0x10400502800] GL_INVALID_FRAMEBUFFER_OPERATION: glClear: Framebuffer is incomplete: Attachment has zero size. @ http://localhost:3002/:0
[  230682ms] [WARNING] [.WebGL-0x10400502800] GL_INVALID_FRAMEBUFFER_OPERATION: glDrawElements: Framebuffer is incomplete: Attachment has zero size. @ http://localhost:3002/:0
[  230682ms] [WARNING] [.WebGL-0x10400502800] GL_INVALID_FRAMEBUFFER_OPERATION: glDrawElements: Framebuffer is incomplete: Attachment has zero size. @ http://localhost:3002/:0
[  230708ms] [WARNING] [.WebGL-0x10400502800] GL_INVALID_FRAMEBUFFER_OPERATION: glClear: Framebuffer is incomplete: Attachment has zero size. @ http://localhost:3002/:0
[  230708ms] [WARNING] [.WebGL-0x10400502800] GL_INVALID_FRAMEBUFFER_OPERATION: glClear: Framebuffer is incomplete: Attachment has zero size. @ http://localhost:3002/:0
[  230708ms] [WARNING] [.WebGL-0x10400502800] GL_INVALID_FRAMEBUFFER_OPERATION: glDrawElements: Framebuffer is incomplete: Attachment has zero size. @ http://localhost:3002/:0
[  230708ms] [WARNING] [.WebGL-0x10400502800] GL_INVALID_FRAMEBUFFER_OPERATION: glDrawElements: Framebuffer is incomplete: Attachment has zero size. @ http://localhost:3002/:0
[  230726ms] [WARNING] [.WebGL-0x10400502800] GL_INVALID_FRAMEBUFFER_OPERATION: glClear: Framebuffer is incomplete: Attachment has zero size. @ http://localhost:3002/:0
[  230727ms] [WARNING] [.WebGL-0x10400502800] GL_INVALID_FRAMEBUFFER_OPERATION: glClear: Framebuffer is incomplete: Attachment has zero size. @ http://localhost:3002/:0
[  230727ms] [WARNING] [.WebGL-0x10400502800] GL_INVALID_FRAMEBUFFER_OPERATION: glDrawElements: Framebuffer is incomplete: Attachment has zero size. @ http://localhost:3002/:0
[  230727ms] [WARNING] [.WebGL-0x10400502800] GL_INVALID_FRAMEBUFFER_OPERATION: glDrawElements: Framebuffer is incomplete: Attachment has zero size. @ http://localhost:3002/:0
[  230737ms] [WARNING] [.WebGL-0x10400502800] GL_INVALID_FRAMEBUFFER_OPERATION: glClear: Framebuffer is incomplete: Attachment has zero size. @ http://localhost:3002/:0
[  230737ms] [WARNING] [.WebGL-0x10400502800] GL_INVALID_FRAMEBUFFER_OPERATION: glClear: Framebuffer is incomplete: Attachment has zero size. @ http://localhost:3002/:0
[  230737ms] [WARNING] [.WebGL-0x10400502800] GL_INVALID_FRAMEBUFFER_OPERATION: glDrawElements: Framebuffer is incomplete: Attachment has zero size. @ http://localhost:3002/:0
[  230737ms] [WARNING] [.WebGL-0x10400502800] GL_INVALID_FRAMEBUFFER_OPERATION: glDrawElements: Framebuffer is incomplete: Attachment has zero size. @ http://localhost:3002/:0
[  230766ms] [WARNING] [.WebGL-0x10400502800] GL_INVALID_FRAMEBUFFER_OPERATION: glClear: Framebuffer is incomplete: Attachment has zero size. @ http://localhost:3002/:0
[  230766ms] [WARNING] [.WebGL-0x10400502800] GL_INVALID_FRAMEBUFFER_OPERATION: glClear: Framebuffer is incomplete: Attachment has zero size. @ http://localhost:3002/:0
[  230766ms] [WARNING] [.WebGL-0x10400502800] GL_INVALID_FRAMEBUFFER_OPERATION: glDrawElements: Framebuffer is incomplete: Attachment has zero size. @ http://localhost:3002/:0
[  230766ms] [WARNING] [.WebGL-0x10400502800] GL_INVALID_FRAMEBUFFER_OPERATION: glDrawElements: Framebuffer is incomplete: Attachment has zero size. @ http://localhost:3002/:0
[  230779ms] [WARNING] [.WebGL-0x10400502800] GL_INVALID_FRAMEBUFFER_OPERATION: glClear: Framebuffer is incomplete: Attachment has zero size. @ http://localhost:3002/:0
[  230779ms] [WARNING] [.WebGL-0x10400502800] GL_INVALID_FRAMEBUFFER_OPERATION: glClear: Framebuffer is incomplete: Attachment has zero size. @ http://localhost:3002/:0
[  230779ms] [WARNING] [.WebGL-0x10400502800] GL_INVALID_FRAMEBUFFER_OPERATION: glDrawElements: Framebuffer is incomplete: Attachment has zero size. @ http://localhost:3002/:0
[  230779ms] [WARNING] [.WebGL-0x10400502800] GL_INVALID_FRAMEBUFFER_OPERATION: glDrawElements: Framebuffer is incomplete: Attachment has zero size. @ http://localhost:3002/:0
[  230802ms] [WARNING] [.WebGL-0x10400502800] GL_INVALID_FRAMEBUFFER_OPERATION: glClear: Framebuffer is incomplete: Attachment has zero size. @ http://localhost:3002/:0
[  230802ms] [WARNING] [.WebGL-0x10400502800] GL_INVALID_FRAMEBUFFER_OPERATION: glClear: Framebuffer is incomplete: Attachment has zero size. @ http://localhost:3002/:0
[  230802ms] [WARNING] [.WebGL-0x10400502800] GL_INVALID_FRAMEBUFFER_OPERATION: glDrawElements: Framebuffer is incomplete: Attachment has zero size. @ http://localhost:3002/:0
[  230802ms] [WARNING] [.WebGL-0x10400502800] GL_INVALID_FRAMEBUFFER_OPERATION: glDrawElements: Framebuffer is incomplete: Attachment has zero size. @ http://localhost:3002/:0
[  230838ms] [WARNING] [.WebGL-0x10400502800] GL_INVALID_FRAMEBUFFER_OPERATION: glClear: Framebuffer is incomplete: Attachment has zero size. @ http://localhost:3002/:0
[  230838ms] [WARNING] [.WebGL-0x10400502800] GL_INVALID_FRAMEBUFFER_OPERATION: glClear: Framebuffer is incomplete: Attachment has zero size. @ http://localhost:3002/:0
[  230838ms] [WARNING] [.WebGL-0x10400502800] GL_INVALID_FRAMEBUFFER_OPERATION: glDrawElements: Framebuffer is incomplete: Attachment has zero size. @ http://localhost:3002/:0
[  230838ms] [WARNING] [.WebGL-0x10400502800] GL_INVALID_FRAMEBUFFER_OPERATION: glDrawElements: Framebuffer is incomplete: Attachment has zero size. @ http://localhost:3002/:0
[  230857ms] [WARNING] [.WebGL-0x10400502800] GL_INVALID_FRAMEBUFFER_OPERATION: glClear: Framebuffer is incomplete: Attachment has zero size. @ http://localhost:3002/:0
[  230857ms] [WARNING] [.WebGL-0x10400502800] GL_INVALID_FRAMEBUFFER_OPERATION: glClear: Framebuffer is incomplete: Attachment has zero size. @ http://localhost:3002/:0
[  230857ms] [WARNING] [.WebGL-0x10400502800] GL_INVALID_FRAMEBUFFER_OPERATION: glDrawElements: Framebuffer is incomplete: Attachment has zero size. @ http://localhost:3002/:0
[  230857ms] [WARNING] [.WebGL-0x10400502800] GL_INVALID_FRAMEBUFFER_OPERATION: glDrawElements: Framebuffer is incomplete: Attachment has zero size. @ http://localhost:3002/:0
[  230892ms] [WARNING] [.WebGL-0x10400502800] GL_INVALID_FRAMEBUFFER_OPERATION: glClear: Framebuffer is incomplete: Attachment has zero size. @ http://localhost:3002/:0
[  230892ms] [WARNING] [.WebGL-0x10400502800] GL_INVALID_FRAMEBUFFER_OPERATION: glClear: Framebuffer is incomplete: Attachment has zero size. @ http://localhost:3002/:0
[  230892ms] [WARNING] [.WebGL-0x10400502800] GL_INVALID_FRAMEBUFFER_OPERATION: glDrawElements: Framebuffer is incomplete: Attachment has zero size. @ http://localhost:3002/:0
[  230892ms] [WARNING] [.WebGL-0x10400502800] GL_INVALID_FRAMEBUFFER_OPERATION: glDrawElements: Framebuffer is incomplete: Attachment has zero size. @ http://localhost:3002/:0
[  230913ms] [WARNING] [.WebGL-0x10400502800] GL_INVALID_FRAMEBUFFER_OPERATION: glClear: Framebuffer is incomplete: Attachment has zero size. @ http://localhost:3002/:0
[  230913ms] [WARNING] [.WebGL-0x10400502800] GL_INVALID_FRAMEBUFFER_OPERATION: glClear: Framebuffer is incomplete: Attachment has zero size. @ http://localhost:3002/:0
[  230913ms] [WARNING] [.WebGL-0x10400502800] GL_INVALID_FRAMEBUFFER_OPERATION: glDrawElements: Framebuffer is incomplete: Attachment has zero size. @ http://localhost:3002/:0
[  230913ms] [WARNING] [.WebGL-0x10400502800] GL_INVALID_FRAMEBUFFER_OPERATION: glDrawElements: Framebuffer is incomplete: Attachment has zero size. @ http://localhost:3002/:0
[  230940ms] [WARNING] [.WebGL-0x10400502800] GL_INVALID_FRAMEBUFFER_OPERATION: glClear: Framebuffer is incomplete: Attachment has zero size. @ http://localhost:3002/:0
[  230940ms] [WARNING] [.WebGL-0x10400502800] GL_INVALID_FRAMEBUFFER_OPERATION: glClear: Framebuffer is incomplete: Attachment has zero size. @ http://localhost:3002/:0
[  230940ms] [WARNING] [.WebGL-0x10400502800] GL_INVALID_FRAMEBUFFER_OPERATION: glDrawElements: Framebuffer is incomplete: Attachment has zero size. @ http://localhost:3002/:0
[  230940ms] [WARNING] [.WebGL-0x10400502800] GL_INVALID_FRAMEBUFFER_OPERATION: glDrawElements: Framebuffer is incomplete: Attachment has zero size. @ http://localhost:3002/:0
[  230960ms] [WARNING] [.WebGL-0x10400502800] GL_INVALID_FRAMEBUFFER_OPERATION: glClear: Framebuffer is incomplete: Attachment has zero size. @ http://localhost:3002/:0
[  230960ms] [WARNING] [.WebGL-0x10400502800] GL_INVALID_FRAMEBUFFER_OPERATION: glClear: Framebuffer is incomplete: Attachment has zero size. @ http://localhost:3002/:0
[  230960ms] [WARNING] [.WebGL-0x10400502800] GL_INVALID_FRAMEBUFFER_OPERATION: glDrawElements: Framebuffer is incomplete: Attachment has zero size. @ http://localhost:3002/:0
[  230960ms] [WARNING] [.WebGL-0x10400502800] GL_INVALID_FRAMEBUFFER_OPERATION: glDrawElements: Framebuffer is incomplete: Attachment has zero size. @ http://localhost:3002/:0
[  230987ms] [WARNING] [.WebGL-0x10400502800] GL_INVALID_FRAMEBUFFER_OPERATION: glClear: Framebuffer is incomplete: Attachment has zero size. @ http://localhost:3002/:0
[  230987ms] [WARNING] [.WebGL-0x10400502800] GL_INVALID_FRAMEBUFFER_OPERATION: glClear: Framebuffer is incomplete: Attachment has zero size. @ http://localhost:3002/:0
[  230987ms] [WARNING] [.WebGL-0x10400502800] GL_INVALID_FRAMEBUFFER_OPERATION: glDrawElements: Framebuffer is incomplete: Attachment has zero size. @ http://localhost:3002/:0
[  230987ms] [WARNING] [.WebGL-0x10400502800] GL_INVALID_FRAMEBUFFER_OPERATION: glDrawElements: Framebuffer is incomplete: Attachment has zero size. @ http://localhost:3002/:0
[  231013ms] [WARNING] [.WebGL-0x10400502800] GL_INVALID_FRAMEBUFFER_OPERATION: glClear: Framebuffer is incomplete: Attachment has zero size. @ http://localhost:3002/:0
[  231013ms] [WARNING] [.WebGL-0x10400502800] GL_INVALID_FRAMEBUFFER_OPERATION: glClear: Framebuffer is incomplete: Attachment has zero size. @ http://localhost:3002/:0
[  231013ms] [WARNING] [.WebGL-0x10400502800] GL_INVALID_FRAMEBUFFER_OPERATION: glDrawElements: Framebuffer is incomplete: Attachment has zero size. @ http://localhost:3002/:0
[  231013ms] [WARNING] [.WebGL-0x10400502800] GL_INVALID_FRAMEBUFFER_OPERATION: glDrawElements: Framebuffer is incomplete: Attachment has zero size. @ http://localhost:3002/:0
[  231046ms] [WARNING] [.WebGL-0x10400502800] GL_INVALID_FRAMEBUFFER_OPERATION: glClear: Framebuffer is incomplete: Attachment has zero size. @ http://localhost:3002/:0
[  231046ms] [WARNING] [.WebGL-0x10400502800] GL_INVALID_FRAMEBUFFER_OPERATION: glClear: Framebuffer is incomplete: Attachment has zero size. @ http://localhost:3002/:0
[  231046ms] [WARNING] [.WebGL-0x10400502800] GL_INVALID_FRAMEBUFFER_OPERATION: glDrawElements: Framebuffer is incomplete: Attachment has zero size. @ http://localhost:3002/:0
[  231046ms] [WARNING] [.WebGL-0x10400502800] GL_INVALID_FRAMEBUFFER_OPERATION: glDrawElements: Framebuffer is incomplete: Attachment has zero size. @ http://localhost:3002/:0
[  231069ms] [WARNING] [.WebGL-0x10400502800] GL_INVALID_FRAMEBUFFER_OPERATION: glClear: Framebuffer is incomplete: Attachment has zero size. @ http://localhost:3002/:0
[  231069ms] [WARNING] [.WebGL-0x10400502800] GL_INVALID_FRAMEBUFFER_OPERATION: glClear: Framebuffer is incomplete: Attachment has zero size. @ http://localhost:3002/:0
[  231069ms] [WARNING] [.WebGL-0x10400502800] GL_INVALID_FRAMEBUFFER_OPERATION: glDrawElements: Framebuffer is incomplete: Attachment has zero size. @ http://localhost:3002/:0
[  231069ms] [WARNING] [.WebGL-0x10400502800] GL_INVALID_FRAMEBUFFER_OPERATION: glDrawElements: Framebuffer is incomplete: Attachment has zero size. @ http://localhost:3002/:0
[  231101ms] [WARNING] [.WebGL-0x10400502800] GL_INVALID_FRAMEBUFFER_OPERATION: glClear: Framebuffer is incomplete: Attachment has zero size. @ http://localhost:3002/:0
[  231101ms] [WARNING] [.WebGL-0x10400502800] GL_INVALID_FRAMEBUFFER_OPERATION: glClear: Framebuffer is incomplete: Attachment has zero size. @ http://localhost:3002/:0
[  231101ms] [WARNING] [.WebGL-0x10400502800] GL_INVALID_FRAMEBUFFER_OPERATION: glDrawElements: Framebuffer is incomplete: Attachment has zero size. @ http://localhost:3002/:0
[  231101ms] [WARNING] [.WebGL-0x10400502800] GL_INVALID_FRAMEBUFFER_OPERATION: glDrawElements: Framebuffer is incomplete: Attachment has zero size. @ http://localhost:3002/:0
[  231123ms] [WARNING] [.WebGL-0x10400502800] GL_INVALID_FRAMEBUFFER_OPERATION: glClear: Framebuffer is incomplete: Attachment has zero size. @ http://localhost:3002/:0
[  231123ms] [WARNING] [.WebGL-0x10400502800] GL_INVALID_FRAMEBUFFER_OPERATION: glClear: Framebuffer is incomplete: Attachment has zero size. @ http://localhost:3002/:0
[  231123ms] [WARNING] [.WebGL-0x10400502800] GL_INVALID_FRAMEBUFFER_OPERATION: glDrawElements: Framebuffer is incomplete: Attachment has zero size. @ http://localhost:3002/:0
[  231123ms] [WARNING] [.WebGL-0x10400502800] GL_INVALID_FRAMEBUFFER_OPERATION: glDrawElements: Framebuffer is incomplete: Attachment has zero size. @ http://localhost:3002/:0
[  231170ms] [WARNING] [.WebGL-0x10400502800] GL_INVALID_FRAMEBUFFER_OPERATION: glClear: Framebuffer is incomplete: Attachment has zero size. @ http://localhost:3002/:0
[  231170ms] [WARNING] [.WebGL-0x10400502800] GL_INVALID_FRAMEBUFFER_OPERATION: glClear: Framebuffer is incomplete: Attachment has zero size. @ http://localhost:3002/:0
[  231170ms] [WARNING] [.WebGL-0x10400502800] GL_INVALID_FRAMEBUFFER_OPERATION: glDrawElements: Framebuffer is incomplete: Attachment has zero size. @ http://localhost:3002/:0
[  231170ms] [WARNING] [.WebGL-0x10400502800] GL_INVALID_FRAMEBUFFER_OPERATION: glDrawElements: Framebuffer is incomplete: Attachment has zero size. @ http://localhost:3002/:0
[  231217ms] [WARNING] [.WebGL-0x10400502800] GL_INVALID_FRAMEBUFFER_OPERATION: glClear: Framebuffer is incomplete: Attachment has zero size. @ http://localhost:3002/:0
[  231217ms] [WARNING] [.WebGL-0x10400502800] GL_INVALID_FRAMEBUFFER_OPERATION: glClear: Framebuffer is incomplete: Attachment has zero size. @ http://localhost:3002/:0
[  231217ms] [WARNING] [.WebGL-0x10400502800] GL_INVALID_FRAMEBUFFER_OPERATION: glDrawElements: Framebuffer is incomplete: Attachment has zero size. @ http://localhost:3002/:0
[  231217ms] [WARNING] [.WebGL-0x10400502800] GL_INVALID_FRAMEBUFFER_OPERATION: glDrawElements: Framebuffer is incomplete: Attachment has zero size. @ http://localhost:3002/:0
[  231227ms] [WARNING] [.WebGL-0x10400502800] GL_INVALID_FRAMEBUFFER_OPERATION: glClear: Framebuffer is incomplete: Attachment has zero size. @ http://localhost:3002/:0
[  231227ms] [WARNING] [.WebGL-0x10400502800] GL_INVALID_FRAMEBUFFER_OPERATION: glClear: Framebuffer is incomplete: Attachment has zero size. @ http://localhost:3002/:0
[  231227ms] [WARNING] [.WebGL-0x10400502800] GL_INVALID_FRAMEBUFFER_OPERATION: glDrawElements: Framebuffer is incomplete: Attachment has zero size. @ http://localhost:3002/:0
[  231227ms] [WARNING] [.WebGL-0x10400502800] GL_INVALID_FRAMEBUFFER_OPERATION: glDrawElements: Framebuffer is incomplete: Attachment has zero size. @ http://localhost:3002/:0
[  231264ms] [WARNING] [.WebGL-0x10400502800] GL_INVALID_FRAMEBUFFER_OPERATION: glClear: Framebuffer is incomplete: Attachment has zero size. @ http://localhost:3002/:0
[  231264ms] [WARNING] [.WebGL-0x10400502800] GL_INVALID_FRAMEBUFFER_OPERATION: glClear: Framebuffer is incomplete: Attachment has zero size. @ http://localhost:3002/:0
[  231264ms] [WARNING] [.WebGL-0x10400502800] GL_INVALID_FRAMEBUFFER_OPERATION: glDrawElements: Framebuffer is incomplete: Attachment has zero size. @ http://localhost:3002/:0
[  231264ms] [WARNING] [.WebGL-0x10400502800] GL_INVALID_FRAMEBUFFER_OPERATION: glDrawElements: Framebuffer is incomplete: Attachment has zero size. @ http://localhost:3002/:0
[  231283ms] [WARNING] [.WebGL-0x10400502800] GL_INVALID_FRAMEBUFFER_OPERATION: glClear: Framebuffer is incomplete: Attachment has zero size. @ http://localhost:3002/:0
[  231283ms] [WARNING] [.WebGL-0x10400502800] GL_INVALID_FRAMEBUFFER_OPERATION: glClear: Framebuffer is incomplete: Attachment has zero size. @ http://localhost:3002/:0
[  231283ms] [WARNING] [.WebGL-0x10400502800] GL_INVALID_FRAMEBUFFER_OPERATION: glDrawElements: Framebuffer is incomplete: Attachment has zero size. @ http://localhost:3002/:0
[  231283ms] [WARNING] [.WebGL-0x10400502800] GL_INVALID_FRAMEBUFFER_OPERATION: glDrawElements: Framebuffer is incomplete: Attachment has zero size. @ http://localhost:3002/:0
[  231325ms] [WARNING] [.WebGL-0x10400502800] GL_INVALID_FRAMEBUFFER_OPERATION: glClear: Framebuffer is incomplete: Attachment has zero size. @ http://localhost:3002/:0
[  231325ms] [WARNING] [.WebGL-0x10400502800] GL_INVALID_FRAMEBUFFER_OPERATION: glClear: Framebuffer is incomplete: Attachment has zero size. @ http://localhost:3002/:0
[  231325ms] [WARNING] [.WebGL-0x10400502800] GL_INVALID_FRAMEBUFFER_OPERATION: glDrawElements: Framebuffer is incomplete: Attachment has zero size. @ http://localhost:3002/:0
[  231325ms] [WARNING] [.WebGL-0x10400502800] GL_INVALID_FRAMEBUFFER_OPERATION: glDrawElements: Framebuffer is incomplete: Attachment has zero size. @ http://localhost:3002/:0
[  231345ms] [WARNING] [.WebGL-0x10400502800] GL_INVALID_FRAMEBUFFER_OPERATION: glClear: Framebuffer is incomplete: Attachment has zero size. @ http://localhost:3002/:0
[  231346ms] [WARNING] [.WebGL-0x10400502800] GL_INVALID_FRAMEBUFFER_OPERATION: glClear: Framebuffer is incomplete: Attachment has zero size. @ http://localhost:3002/:0
[  231346ms] [WARNING] [.WebGL-0x10400502800] GL_INVALID_FRAMEBUFFER_OPERATION: glDrawElements: Framebuffer is incomplete: Attachment has zero size. @ http://localhost:3002/:0
[  231346ms] [WARNING] [.WebGL-0x10400502800] GL_INVALID_FRAMEBUFFER_OPERATION: glDrawElements: Framebuffer is incomplete: Attachment has zero size. @ http://localhost:3002/:0
[  231381ms] [WARNING] [.WebGL-0x10400502800] GL_INVALID_FRAMEBUFFER_OPERATION: glClear: Framebuffer is incomplete: Attachment has zero size. @ http://localhost:3002/:0
[  231381ms] [WARNING] [.WebGL-0x10400502800] GL_INVALID_FRAMEBUFFER_OPERATION: glClear: Framebuffer is incomplete: Attachment has zero size. @ http://localhost:3002/:0
[  231381ms] [WARNING] [.WebGL-0x10400502800] GL_INVALID_FRAMEBUFFER_OPERATION: glDrawElements: Framebuffer is incomplete: Attachment has zero size. @ http://localhost:3002/:0
[  231381ms] [WARNING] [.WebGL-0x10400502800] GL_INVALID_FRAMEBUFFER_OPERATION: glDrawElements: Framebuffer is incomplete: Attachment has zero size. @ http://localhost:3002/:0
[  231410ms] [WARNING] [.WebGL-0x10400502800] GL_INVALID_FRAMEBUFFER_OPERATION: glClear: Framebuffer is incomplete: Attachment has zero size. @ http://localhost:3002/:0
[  231410ms] [WARNING] [.WebGL-0x10400502800] GL_INVALID_FRAMEBUFFER_OPERATION: glClear: Framebuffer is incomplete: Attachment has zero size. @ http://localhost:3002/:0
[  231410ms] [WARNING] [.WebGL-0x10400502800] GL_INVALID_FRAMEBUFFER_OPERATION: glDrawElements: Framebuffer is incomplete: Attachment has zero size. @ http://localhost:3002/:0
[  231410ms] [WARNING] [.WebGL-0x10400502800] GL_INVALID_FRAMEBUFFER_OPERATION: glDrawElements: Framebuffer is incomplete: Attachment has zero size. @ http://localhost:3002/:0
[  231435ms] [WARNING] [.WebGL-0x10400502800] GL_INVALID_FRAMEBUFFER_OPERATION: glClear: Framebuffer is incomplete: Attachment has zero size. @ http://localhost:3002/:0
[  231435ms] [WARNING] [.WebGL-0x10400502800] GL_INVALID_FRAMEBUFFER_OPERATION: glClear: Framebuffer is incomplete: Attachment has zero size. @ http://localhost:3002/:0
[  231435ms] [WARNING] [.WebGL-0x10400502800] GL_INVALID_FRAMEBUFFER_OPERATION: glDrawElements: Framebuffer is incomplete: Attachment has zero size. @ http://localhost:3002/:0
[  231436ms] [WARNING] [.WebGL-0x10400502800] GL_INVALID_FRAMEBUFFER_OPERATION: glDrawElements: Framebuffer is incomplete: Attachment has zero size. @ http://localhost:3002/:0
[  231457ms] [WARNING] [.WebGL-0x10400502800] GL_INVALID_FRAMEBUFFER_OPERATION: glClear: Framebuffer is incomplete: Attachment has zero size. @ http://localhost:3002/:0
[  231457ms] [WARNING] [.WebGL-0x10400502800] GL_INVALID_FRAMEBUFFER_OPERATION: glClear: Framebuffer is incomplete: Attachment has zero size. @ http://localhost:3002/:0
[  231457ms] [WARNING] [.WebGL-0x10400502800] GL_INVALID_FRAMEBUFFER_OPERATION: glDrawElements: Framebuffer is incomplete: Attachment has zero size. @ http://localhost:3002/:0
[  231457ms] [WARNING] [.WebGL-0x10400502800] GL_INVALID_FRAMEBUFFER_OPERATION: glDrawElements: Framebuffer is incomplete: Attachment has zero size. @ http://localhost:3002/:0
[  231496ms] [WARNING] [.WebGL-0x10400502800] GL_INVALID_FRAMEBUFFER_OPERATION: glClear: Framebuffer is incomplete: Attachment has zero size. @ http://localhost:3002/:0
[  231496ms] [WARNING] [.WebGL-0x10400502800] GL_INVALID_FRAMEBUFFER_OPERATION: glClear: Framebuffer is incomplete: Attachment has zero size. @ http://localhost:3002/:0
[  231496ms] [WARNING] [.WebGL-0x10400502800] GL_INVALID_FRAMEBUFFER_OPERATION: glDrawElements: Framebuffer is incomplete: Attachment has zero size. @ http://localhost:3002/:0
[  231496ms] [WARNING] [.WebGL-0x10400502800] GL_INVALID_FRAMEBUFFER_OPERATION: glDrawElements: Framebuffer is incomplete: Attachment has zero size. @ http://localhost:3002/:0
[  231518ms] [WARNING] [.WebGL-0x10400502800] GL_INVALID_FRAMEBUFFER_OPERATION: glClear: Framebuffer is incomplete: Attachment has zero size. @ http://localhost:3002/:0
[  231518ms] [WARNING] [.WebGL-0x10400502800] GL_INVALID_FRAMEBUFFER_OPERATION: glClear: Framebuffer is incomplete: Attachment has zero size. @ http://localhost:3002/:0
[  231518ms] [WARNING] [.WebGL-0x10400502800] GL_INVALID_FRAMEBUFFER_OPERATION: glDrawElements: Framebuffer is incomplete: Attachment has zero size. @ http://localhost:3002/:0
[  231518ms] [WARNING] [.WebGL-0x10400502800] GL_INVALID_FRAMEBUFFER_OPERATION: glDrawElements: Framebuffer is incomplete: Attachment has zero size. @ http://localhost:3002/:0
[  231539ms] [WARNING] [.WebGL-0x10400502800] GL_INVALID_FRAMEBUFFER_OPERATION: glClear: Framebuffer is incomplete: Attachment has zero size. @ http://localhost:3002/:0
[  231539ms] [WARNING] [.WebGL-0x10400502800] GL_INVALID_FRAMEBUFFER_OPERATION: glClear: Framebuffer is incomplete: Attachment has zero size. @ http://localhost:3002/:0
[  231539ms] [WARNING] [.WebGL-0x10400502800] GL_INVALID_FRAMEBUFFER_OPERATION: glDrawElements: Framebuffer is incomplete: Attachment has zero size. @ http://localhost:3002/:0
[  231539ms] [WARNING] [.WebGL-0x10400502800] GL_INVALID_FRAMEBUFFER_OPERATION: glDrawElements: Framebuffer is incomplete: Attachment has zero size. @ http://localhost:3002/:0
[  231571ms] [WARNING] [.WebGL-0x10400502800] GL_INVALID_FRAMEBUFFER_OPERATION: glClear: Framebuffer is incomplete: Attachment has zero size. @ http://localhost:3002/:0
[  231571ms] [WARNING] [.WebGL-0x10400502800] GL_INVALID_FRAMEBUFFER_OPERATION: glClear: Framebuffer is incomplete: Attachment has zero size. @ http://localhost:3002/:0
[  231571ms] [WARNING] [.WebGL-0x10400502800] GL_INVALID_FRAMEBUFFER_OPERATION: glDrawElements: Framebuffer is incomplete: Attachment has zero size. @ http://localhost:3002/:0
[  231571ms] [WARNING] [.WebGL-0x10400502800] GL_INVALID_FRAMEBUFFER_OPERATION: glDrawElements: Framebuffer is incomplete: Attachment has zero size. @ http://localhost:3002/:0
[  231594ms] [WARNING] [.WebGL-0x10400502800] GL_INVALID_FRAMEBUFFER_OPERATION: glClear: Framebuffer is incomplete: Attachment has zero size. @ http://localhost:3002/:0
[  231594ms] [WARNING] [.WebGL-0x10400502800] GL_INVALID_FRAMEBUFFER_OPERATION: glClear: Framebuffer is incomplete: Attachment has zero size. @ http://localhost:3002/:0
[  231594ms] [WARNING] [.WebGL-0x10400502800] GL_INVALID_FRAMEBUFFER_OPERATION: glDrawElements: Framebuffer is incomplete: Attachment has zero size. @ http://localhost:3002/:0
[  231594ms] [WARNING] [.WebGL-0x10400502800] GL_INVALID_FRAMEBUFFER_OPERATION: glDrawElements: Framebuffer is incomplete: Attachment has zero size. @ http://localhost:3002/:0
[  231621ms] [WARNING] [.WebGL-0x10400502800] GL_INVALID_FRAMEBUFFER_OPERATION: glClear: Framebuffer is incomplete: Attachment has zero size. @ http://localhost:3002/:0
[  231622ms] [WARNING] [.WebGL-0x10400502800] GL_INVALID_FRAMEBUFFER_OPERATION: glClear: Framebuffer is incomplete: Attachment has zero size. @ http://localhost:3002/:0
[  231622ms] [WARNING] [.WebGL-0x10400502800] GL_INVALID_FRAMEBUFFER_OPERATION: glDrawElements: Framebuffer is incomplete: Attachment has zero size. @ http://localhost:3002/:0
[  231622ms] [WARNING] [.WebGL-0x10400502800] GL_INVALID_FRAMEBUFFER_OPERATION: glDrawElements: Framebuffer is incomplete: Attachment has zero size. @ http://localhost:3002/:0
[  231680ms] [WARNING] [.WebGL-0x10400502800] GL_INVALID_FRAMEBUFFER_OPERATION: glClear: Framebuffer is incomplete: Attachment has zero size. @ http://localhost:3002/:0
[  231680ms] [WARNING] [.WebGL-0x10400502800] GL_INVALID_FRAMEBUFFER_OPERATION: glClear: Framebuffer is incomplete: Attachment has zero size. @ http://localhost:3002/:0
[  231680ms] [WARNING] [.WebGL-0x10400502800] GL_INVALID_FRAMEBUFFER_OPERATION: glDrawElements: Framebuffer is incomplete: Attachment has zero size. @ http://localhost:3002/:0
[  231680ms] [WARNING] [.WebGL-0x10400502800] GL_INVALID_FRAMEBUFFER_OPERATION: glDrawElements: Framebuffer is incomplete: Attachment has zero size. @ http://localhost:3002/:0
[  231701ms] [WARNING] [.WebGL-0x10400502800] GL_INVALID_FRAMEBUFFER_OPERATION: glClear: Framebuffer is incomplete: Attachment has zero size. @ http://localhost:3002/:0
[  231701ms] [WARNING] [.WebGL-0x10400502800] GL_INVALID_FRAMEBUFFER_OPERATION: glClear: Framebuffer is incomplete: Attachment has zero size. @ http://localhost:3002/:0
[  231701ms] [WARNING] [.WebGL-0x10400502800] GL_INVALID_FRAMEBUFFER_OPERATION: glDrawElements: Framebuffer is incomplete: Attachment has zero size. @ http://localhost:3002/:0
[  231701ms] [WARNING] [.WebGL-0x10400502800] GL_INVALID_FRAMEBUFFER_OPERATION: glDrawElements: Framebuffer is incomplete: Attachment has zero size. @ http://localhost:3002/:0
[  231738ms] [WARNING] [.WebGL-0x10400502800] GL_INVALID_FRAMEBUFFER_OPERATION: glClear: Framebuffer is incomplete: Attachment has zero size. @ http://localhost:3002/:0
[  231738ms] [WARNING] [.WebGL-0x10400502800] GL_INVALID_FRAMEBUFFER_OPERATION: glClear: Framebuffer is incomplete: Attachment has zero size. @ http://localhost:3002/:0
[  231739ms] [WARNING] [.WebGL-0x10400502800] GL_INVALID_FRAMEBUFFER_OPERATION: glDrawElements: Framebuffer is incomplete: Attachment has zero size. @ http://localhost:3002/:0
[  231739ms] [WARNING] [.WebGL-0x10400502800] GL_INVALID_FRAMEBUFFER_OPERATION: glDrawElements: Framebuffer is incomplete: Attachment has zero size. @ http://localhost:3002/:0
[  231769ms] [WARNING] [.WebGL-0x10400502800] GL_INVALID_FRAMEBUFFER_OPERATION: glClear: Framebuffer is incomplete: Attachment has zero size. @ http://localhost:3002/:0
[  231769ms] [WARNING] [.WebGL-0x10400502800] GL_INVALID_FRAMEBUFFER_OPERATION: glClear: Framebuffer is incomplete: Attachment has zero size. @ http://localhost:3002/:0
[  231769ms] [WARNING] [.WebGL-0x10400502800] GL_INVALID_FRAMEBUFFER_OPERATION: glDrawElements: Framebuffer is incomplete: Attachment has zero size. @ http://localhost:3002/:0
[  231769ms] [WARNING] [.WebGL-0x10400502800] GL_INVALID_FRAMEBUFFER_OPERATION: glDrawElements: Framebuffer is incomplete: Attachment has zero size. @ http://localhost:3002/:0
[  231792ms] [WARNING] [.WebGL-0x10400502800] GL_INVALID_FRAMEBUFFER_OPERATION: glClear: Framebuffer is incomplete: Attachment has zero size. @ http://localhost:3002/:0
[  231792ms] [WARNING] [.WebGL-0x10400502800] GL_INVALID_FRAMEBUFFER_OPERATION: glClear: Framebuffer is incomplete: Attachment has zero size. @ http://localhost:3002/:0
[  231792ms] [WARNING] [.WebGL-0x10400502800] GL_INVALID_FRAMEBUFFER_OPERATION: glDrawElements: Framebuffer is incomplete: Attachment has zero size. @ http://localhost:3002/:0
[  231793ms] [WARNING] [.WebGL-0x10400502800] GL_INVALID_FRAMEBUFFER_OPERATION: glDrawElements: Framebuffer is incomplete: Attachment has zero size. @ http://localhost:3002/:0
[  231823ms] [WARNING] [.WebGL-0x10400502800] GL_INVALID_FRAMEBUFFER_OPERATION: glClear: Framebuffer is incomplete: Attachment has zero size. @ http://localhost:3002/:0
[  231823ms] [WARNING] [.WebGL-0x10400502800] GL_INVALID_FRAMEBUFFER_OPERATION: glClear: Framebuffer is incomplete: Attachment has zero size. @ http://localhost:3002/:0
[  231823ms] [WARNING] [.WebGL-0x10400502800] GL_INVALID_FRAMEBUFFER_OPERATION: glDrawElements: Framebuffer is incomplete: Attachment has zero size. @ http://localhost:3002/:0
[  231823ms] [WARNING] [.WebGL-0x10400502800] GL_INVALID_FRAMEBUFFER_OPERATION: glDrawElements: Framebuffer is incomplete: Attachment has zero size. @ http://localhost:3002/:0
[  231847ms] [WARNING] [.WebGL-0x10400502800] GL_INVALID_FRAMEBUFFER_OPERATION: glClear: Framebuffer is incomplete: Attachment has zero size. @ http://localhost:3002/:0
[  231848ms] [WARNING] [.WebGL-0x10400502800] GL_INVALID_FRAMEBUFFER_OPERATION: glClear: Framebuffer is incomplete: Attachment has zero size. @ http://localhost:3002/:0
[  231848ms] [WARNING] [.WebGL-0x10400502800] GL_INVALID_FRAMEBUFFER_OPERATION: glDrawElements: Framebuffer is incomplete: Attachment has zero size. @ http://localhost:3002/:0
[  231848ms] [WARNING] [.WebGL-0x10400502800] GL_INVALID_FRAMEBUFFER_OPERATION: glDrawElements: Framebuffer is incomplete: Attachment has zero size. @ http://localhost:3002/:0
[  231892ms] [WARNING] [.WebGL-0x10400502800] GL_INVALID_FRAMEBUFFER_OPERATION: glClear: Framebuffer is incomplete: Attachment has zero size. @ http://localhost:3002/:0
[  231892ms] [WARNING] [.WebGL-0x10400502800] GL_INVALID_FRAMEBUFFER_OPERATION: glClear: Framebuffer is incomplete: Attachment has zero size. @ http://localhost:3002/:0
[  231895ms] [WARNING] [.WebGL-0x10400502800] GL_INVALID_FRAMEBUFFER_OPERATION: glDrawElements: Framebuffer is incomplete: Attachment has zero size. @ http://localhost:3002/:0
[  231896ms] [WARNING] [.WebGL-0x10400502800] GL_INVALID_FRAMEBUFFER_OPERATION: glDrawElements: Framebuffer is incomplete: Attachment has zero size. @ http://localhost:3002/:0
[  231918ms] [WARNING] [.WebGL-0x10400502800] GL_INVALID_FRAMEBUFFER_OPERATION: glClear: Framebuffer is incomplete: Attachment has zero size. @ http://localhost:3002/:0
[  231918ms] [WARNING] [.WebGL-0x10400502800] GL_INVALID_FRAMEBUFFER_OPERATION: glClear: Framebuffer is incomplete: Attachment has zero size. @ http://localhost:3002/:0
[  231918ms] [WARNING] [.WebGL-0x10400502800] GL_INVALID_FRAMEBUFFER_OPERATION: glDrawElements: Framebuffer is incomplete: Attachment has zero size. @ http://localhost:3002/:0
[  231918ms] [WARNING] [.WebGL-0x10400502800] GL_INVALID_FRAMEBUFFER_OPERATION: glDrawElements: Framebuffer is incomplete: Attachment has zero size. @ http://localhost:3002/:0
[  231946ms] [WARNING] [.WebGL-0x10400502800] GL_INVALID_FRAMEBUFFER_OPERATION: glClear: Framebuffer is incomplete: Attachment has zero size. @ http://localhost:3002/:0
[  231946ms] [WARNING] [.WebGL-0x10400502800] GL_INVALID_FRAMEBUFFER_OPERATION: glClear: Framebuffer is incomplete: Attachment has zero size. @ http://localhost:3002/:0
[  231946ms] [WARNING] [.WebGL-0x10400502800] GL_INVALID_FRAMEBUFFER_OPERATION: glDrawElements: Framebuffer is incomplete: Attachment has zero size. @ http://localhost:3002/:0
[  231946ms] [WARNING] [.WebGL-0x10400502800] GL_INVALID_FRAMEBUFFER_OPERATION: glDrawElements: Framebuffer is incomplete: Attachment has zero size. @ http://localhost:3002/:0
[  231990ms] [WARNING] [.WebGL-0x10400502800] GL_INVALID_FRAMEBUFFER_OPERATION: glClear: Framebuffer is incomplete: Attachment has zero size. @ http://localhost:3002/:0
[  231990ms] [WARNING] [.WebGL-0x10400502800] GL_INVALID_FRAMEBUFFER_OPERATION: glClear: Framebuffer is incomplete: Attachment has zero size. @ http://localhost:3002/:0
[  231990ms] [WARNING] [.WebGL-0x10400502800] GL_INVALID_FRAMEBUFFER_OPERATION: glDrawElements: Framebuffer is incomplete: Attachment has zero size. @ http://localhost:3002/:0
[  231990ms] [WARNING] [.WebGL-0x10400502800] GL_INVALID_FRAMEBUFFER_OPERATION: glDrawElements: Framebuffer is incomplete: Attachment has zero size. @ http://localhost:3002/:0
[  232017ms] [WARNING] [.WebGL-0x10400502800] GL_INVALID_FRAMEBUFFER_OPERATION: glClear: Framebuffer is incomplete: Attachment has zero size. @ http://localhost:3002/:0
[  232017ms] [WARNING] [.WebGL-0x10400502800] GL_INVALID_FRAMEBUFFER_OPERATION: glClear: Framebuffer is incomplete: Attachment has zero size. @ http://localhost:3002/:0
[  232017ms] [WARNING] [.WebGL-0x10400502800] GL_INVALID_FRAMEBUFFER_OPERATION: glDrawElements: Framebuffer is incomplete: Attachment has zero size. @ http://localhost:3002/:0
[  232017ms] [WARNING] [.WebGL-0x10400502800] GL_INVALID_FRAMEBUFFER_OPERATION: glDrawElements: Framebuffer is incomplete: Attachment has zero size. @ http://localhost:3002/:0
[  232041ms] [WARNING] [.WebGL-0x10400502800] GL_INVALID_FRAMEBUFFER_OPERATION: glClear: Framebuffer is incomplete: Attachment has zero size. @ http://localhost:3002/:0
[  232041ms] [WARNING] [.WebGL-0x10400502800] GL_INVALID_FRAMEBUFFER_OPERATION: glClear: Framebuffer is incomplete: Attachment has zero size. @ http://localhost:3002/:0
[  232041ms] [WARNING] [.WebGL-0x10400502800] GL_INVALID_FRAMEBUFFER_OPERATION: glDrawElements: Framebuffer is incomplete: Attachment has zero size. @ http://localhost:3002/:0
[  232041ms] [WARNING] [.WebGL-0x10400502800] GL_INVALID_FRAMEBUFFER_OPERATION: glDrawElements: Framebuffer is incomplete: Attachment has zero size. @ http://localhost:3002/:0
[  232051ms] [WARNING] [.WebGL-0x10400502800] GL_INVALID_FRAMEBUFFER_OPERATION: glClear: Framebuffer is incomplete: Attachment has zero size. @ http://localhost:3002/:0
[  232051ms] [WARNING] [.WebGL-0x10400502800] GL_INVALID_FRAMEBUFFER_OPERATION: glClear: Framebuffer is incomplete: Attachment has zero size. @ http://localhost:3002/:0
[  232051ms] [WARNING] [.WebGL-0x10400502800] GL_INVALID_FRAMEBUFFER_OPERATION: glDrawElements: Framebuffer is incomplete: Attachment has zero size. @ http://localhost:3002/:0
[  232051ms] [WARNING] [.WebGL-0x10400502800] GL_INVALID_FRAMEBUFFER_OPERATION: glDrawElements: Framebuffer is incomplete: Attachment has zero size. @ http://localhost:3002/:0
[  232085ms] [WARNING] [.WebGL-0x10400502800] GL_INVALID_FRAMEBUFFER_OPERATION: glClear: Framebuffer is incomplete: Attachment has zero size. @ http://localhost:3002/:0
[  232085ms] [WARNING] [.WebGL-0x10400502800] GL_INVALID_FRAMEBUFFER_OPERATION: glClear: Framebuffer is incomplete: Attachment has zero size. @ http://localhost:3002/:0
[  232085ms] [WARNING] [.WebGL-0x10400502800] GL_INVALID_FRAMEBUFFER_OPERATION: glDrawElements: Framebuffer is incomplete: Attachment has zero size. @ http://localhost:3002/:0
[  232085ms] [WARNING] [.WebGL-0x10400502800] GL_INVALID_FRAMEBUFFER_OPERATION: glDrawElements: Framebuffer is incomplete: Attachment has zero size. @ http://localhost:3002/:0
[  232120ms] [WARNING] [.WebGL-0x10400502800] GL_INVALID_FRAMEBUFFER_OPERATION: glClear: Framebuffer is incomplete: Attachment has zero size. @ http://localhost:3002/:0
[  232120ms] [WARNING] [.WebGL-0x10400502800] GL_INVALID_FRAMEBUFFER_OPERATION: glClear: Framebuffer is incomplete: Attachment has zero size. @ http://localhost:3002/:0
[  232120ms] [WARNING] [.WebGL-0x10400502800] GL_INVALID_FRAMEBUFFER_OPERATION: glDrawElements: Framebuffer is incomplete: Attachment has zero size. @ http://localhost:3002/:0
[  232120ms] [WARNING] [.WebGL-0x10400502800] GL_INVALID_FRAMEBUFFER_OPERATION: glDrawElements: Framebuffer is incomplete: Attachment has zero size. @ http://localhost:3002/:0
[  232138ms] [WARNING] [.WebGL-0x10400502800] GL_INVALID_FRAMEBUFFER_OPERATION: glClear: Framebuffer is incomplete: Attachment has zero size. @ http://localhost:3002/:0
[  232138ms] [WARNING] [.WebGL-0x10400502800] GL_INVALID_FRAMEBUFFER_OPERATION: glClear: Framebuffer is incomplete: Attachment has zero size. @ http://localhost:3002/:0
[  232138ms] [WARNING] [.WebGL-0x10400502800] GL_INVALID_FRAMEBUFFER_OPERATION: glDrawElements: Framebuffer is incomplete: Attachment has zero size. @ http://localhost:3002/:0
[  232138ms] [WARNING] [.WebGL-0x10400502800] GL_INVALID_FRAMEBUFFER_OPERATION: glDrawElements: Framebuffer is incomplete: Attachment has zero size. @ http://localhost:3002/:0
[  232157ms] [WARNING] [.WebGL-0x10400502800] GL_INVALID_FRAMEBUFFER_OPERATION: glClear: Framebuffer is incomplete: Attachment has zero size. @ http://localhost:3002/:0
[  232157ms] [WARNING] [.WebGL-0x10400502800] GL_INVALID_FRAMEBUFFER_OPERATION: glClear: Framebuffer is incomplete: Attachment has zero size. @ http://localhost:3002/:0
[  232157ms] [WARNING] [.WebGL-0x10400502800] GL_INVALID_FRAMEBUFFER_OPERATION: glDrawElements: Framebuffer is incomplete: Attachment has zero size. @ http://localhost:3002/:0
[  232157ms] [WARNING] [.WebGL-0x10400502800] GL_INVALID_FRAMEBUFFER_OPERATION: glDrawElements: Framebuffer is incomplete: Attachment has zero size. @ http://localhost:3002/:0
[  232185ms] [WARNING] [.WebGL-0x10400502800] GL_INVALID_FRAMEBUFFER_OPERATION: glClear: Framebuffer is incomplete: Attachment has zero size. @ http://localhost:3002/:0
[  232185ms] [WARNING] [.WebGL-0x10400502800] GL_INVALID_FRAMEBUFFER_OPERATION: glClear: Framebuffer is incomplete: Attachment has zero size. @ http://localhost:3002/:0
[  232185ms] [WARNING] [.WebGL-0x10400502800] GL_INVALID_FRAMEBUFFER_OPERATION: glDrawElements: Framebuffer is incomplete: Attachment has zero size. @ http://localhost:3002/:0
[  232185ms] [WARNING] [.WebGL-0x10400502800] GL_INVALID_FRAMEBUFFER_OPERATION: glDrawElements: Framebuffer is incomplete: Attachment has zero size. @ http://localhost:3002/:0
[  232205ms] [WARNING] [.WebGL-0x10400502800] GL_INVALID_FRAMEBUFFER_OPERATION: glClear: Framebuffer is incomplete: Attachment has zero size. @ http://localhost:3002/:0
[  232205ms] [WARNING] [.WebGL-0x10400502800] GL_INVALID_FRAMEBUFFER_OPERATION: glClear: Framebuffer is incomplete: Attachment has zero size. @ http://localhost:3002/:0
[  232205ms] [WARNING] [.WebGL-0x10400502800] GL_INVALID_FRAMEBUFFER_OPERATION: glDrawElements: Framebuffer is incomplete: Attachment has zero size. @ http://localhost:3002/:0
[  232205ms] [WARNING] [.WebGL-0x10400502800] GL_INVALID_FRAMEBUFFER_OPERATION: glDrawElements: Framebuffer is incomplete: Attachment has zero size. @ http://localhost:3002/:0
[  232233ms] [WARNING] [.WebGL-0x10400502800] GL_INVALID_FRAMEBUFFER_OPERATION: glClear: Framebuffer is incomplete: Attachment has zero size. @ http://localhost:3002/:0
[  232233ms] [WARNING] [.WebGL-0x10400502800] GL_INVALID_FRAMEBUFFER_OPERATION: glClear: Framebuffer is incomplete: Attachment has zero size. @ http://localhost:3002/:0
[  232233ms] [WARNING] [.WebGL-0x10400502800] GL_INVALID_FRAMEBUFFER_OPERATION: glDrawElements: Framebuffer is incomplete: Attachment has zero size. @ http://localhost:3002/:0
[  232233ms] [WARNING] [.WebGL-0x10400502800] GL_INVALID_FRAMEBUFFER_OPERATION: glDrawElements: Framebuffer is incomplete: Attachment has zero size. @ http://localhost:3002/:0
[  232233ms] [WARNING] WebGL: too many errors, no more errors will be reported to the console for this context. @ http://localhost:3002/:0
[  241594ms] [WARNING] THREE.Color: Alpha component of rgba(59,130,246,0.3) will be ignored. @ http://localhost:3002/node_modules/.vite/deps/react-globe__gl.js?v=8c6aa4bf:614
[  241595ms] [WARNING] THREE.Color: Alpha component of rgba(59,130,246,0.3) will be ignored. @ http://localhost:3002/node_modules/.vite/deps/react-globe__gl.js?v=8c6aa4bf:614
[  255413ms] [ERROR] Failed to load resource: the server responded with a status of 404 (Not Found) @ http://localhost:3002/proxy/openfda/drug/label.json?search=openfda.generic_name:%22Rifampicin%22&limit=1:0
[  255553ms] [ERROR] Failed to load resource: the server responded with a status of 404 (PUGREST.NotFound) @ http://localhost:3002/proxy/pubchem/compound/cid/135398735/record/SDF?record_type=3d&response_type=save:0
[  259885ms] [WARNING] THREE.Color: Alpha component of rgba(59,130,246,0.3) will be ignored. @ http://localhost:3002/node_modules/.vite/deps/react-globe__gl.js?v=8c6aa4bf:614
[  259886ms] [WARNING] THREE.Color: Alpha component of rgba(59,130,246,0.3) will be ignored. @ http://localhost:3002/node_modules/.vite/deps/react-globe__gl.js?v=8c6aa4bf:614
