[     143ms] [INFO] %cDownload the React DevTools for a better development experience: https://reactjs.org/link/react-devtools font-weight:bold @ http://localhost:3002/node_modules/.vite/deps/chunk-5FIUFYUJ.js?v=8c6aa4bf:21550
[     240ms] [WARNING] ⚠️ React Router Future Flag Warning: React Router will begin wrapping state updates in `React.startTransition` in v7. You can use the `v7_startTransition` future flag to opt-in early. For more information, see https://reactrouter.com/v6/upgrading/future#v7_starttransition. @ http://localhost:3002/node_modules/.vite/deps/react-router-dom.js?v=8c6aa4bf:4435
[     240ms] [WARNING] ⚠️ React Router Future Flag Warning: Relative route resolution within Splat routes is changing in v7. You can use the `v7_relativeSplatPath` future flag to opt-in early. For more information, see https://reactrouter.com/v6/upgrading/future#v7_relativesplatpath. @ http://localhost:3002/node_modules/.vite/deps/react-router-dom.js?v=8c6aa4bf:4435
[     254ms] [WARNING] THREE.Color: Alpha component of rgba(59,130,246,0.3) will be ignored. @ http://localhost:3002/node_modules/.vite/deps/react-globe__gl.js?v=8c6aa4bf:614
[     256ms] [WARNING] THREE.Color: Alpha component of rgba(59,130,246,0.3) will be ignored. @ http://localhost:3002/node_modules/.vite/deps/react-globe__gl.js?v=8c6aa4bf:614
[  238686ms] [INFO] %cDownload the React DevTools for a better development experience: https://reactjs.org/link/react-devtools font-weight:bold @ http://localhost:3002/node_modules/.vite/deps/chunk-5FIUFYUJ.js?v=8c6aa4bf:21550
[  238791ms] [WARNING] ⚠️ React Router Future Flag Warning: React Router will begin wrapping state updates in `React.startTransition` in v7. You can use the `v7_startTransition` future flag to opt-in early. For more information, see https://reactrouter.com/v6/upgrading/future#v7_starttransition. @ http://localhost:3002/node_modules/.vite/deps/react-router-dom.js?v=8c6aa4bf:4435
[  238791ms] [WARNING] ⚠️ React Router Future Flag Warning: Relative route resolution within Splat routes is changing in v7. You can use the `v7_relativeSplatPath` future flag to opt-in early. For more information, see https://reactrouter.com/v6/upgrading/future#v7_relativesplatpath. @ http://localhost:3002/node_modules/.vite/deps/react-router-dom.js?v=8c6aa4bf:4435
[  238808ms] [WARNING] THREE.Color: Alpha component of rgba(59,130,246,0.3) will be ignored. @ http://localhost:3002/node_modules/.vite/deps/react-globe__gl.js?v=8c6aa4bf:614
[  238811ms] [WARNING] THREE.Color: Alpha component of rgba(59,130,246,0.3) will be ignored. @ http://localhost:3002/node_modules/.vite/deps/react-globe__gl.js?v=8c6aa4bf:614
[  468070ms] [INFO] %cDownload the React DevTools for a better development experience: https://reactjs.org/link/react-devtools font-weight:bold @ http://localhost:3002/node_modules/.vite/deps/chunk-5FIUFYUJ.js?v=8c6aa4bf:21550
[  468167ms] [WARNING] ⚠️ React Router Future Flag Warning: React Router will begin wrapping state updates in `React.startTransition` in v7. You can use the `v7_startTransition` future flag to opt-in early. For more information, see https://reactrouter.com/v6/upgrading/future#v7_starttransition. @ http://localhost:3002/node_modules/.vite/deps/react-router-dom.js?v=8c6aa4bf:4435
[  468168ms] [WARNING] ⚠️ React Router Future Flag Warning: Relative route resolution within Splat routes is changing in v7. You can use the `v7_relativeSplatPath` future flag to opt-in early. For more information, see https://reactrouter.com/v6/upgrading/future#v7_relativesplatpath. @ http://localhost:3002/node_modules/.vite/deps/react-router-dom.js?v=8c6aa4bf:4435
[  468186ms] [WARNING] THREE.Color: Alpha component of rgba(59,130,246,0.3) will be ignored. @ http://localhost:3002/node_modules/.vite/deps/react-globe__gl.js?v=8c6aa4bf:614
[  468187ms] [WARNING] THREE.Color: Alpha component of rgba(59,130,246,0.3) will be ignored. @ http://localhost:3002/node_modules/.vite/deps/react-globe__gl.js?v=8c6aa4bf:614
[  468863ms] [INFO] %cDownload the React DevTools for a better development experience: https://reactjs.org/link/react-devtools font-weight:bold @ http://localhost:3002/node_modules/.vite/deps/chunk-5FIUFYUJ.js?v=8c6aa4bf:21550
[  468933ms] [WARNING] ⚠️ React Router Future Flag Warning: React Router will begin wrapping state updates in `React.startTransition` in v7. You can use the `v7_startTransition` future flag to opt-in early. For more information, see https://reactrouter.com/v6/upgrading/future#v7_starttransition. @ http://localhost:3002/node_modules/.vite/deps/react-router-dom.js?v=8c6aa4bf:4435
[  468933ms] [WARNING] ⚠️ React Router Future Flag Warning: Relative route resolution within Splat routes is changing in v7. You can use the `v7_relativeSplatPath` future flag to opt-in early. For more information, see https://reactrouter.com/v6/upgrading/future#v7_relativesplatpath. @ http://localhost:3002/node_modules/.vite/deps/react-router-dom.js?v=8c6aa4bf:4435
[  468945ms] [WARNING] THREE.Color: Alpha component of rgba(59,130,246,0.3) will be ignored. @ http://localhost:3002/node_modules/.vite/deps/react-globe__gl.js?v=8c6aa4bf:614
[  468948ms] [WARNING] THREE.Color: Alpha component of rgba(59,130,246,0.3) will be ignored. @ http://localhost:3002/node_modules/.vite/deps/react-globe__gl.js?v=8c6aa4bf:614
