[     172ms] [INFO] %cDownload the React DevTools for a better development experience: https://reactjs.org/link/react-devtools font-weight:bold @ http://localhost:3002/node_modules/.vite/deps/chunk-5FIUFYUJ.js?v=8c6aa4bf:21550
[     281ms] [WARNING] ⚠️ React Router Future Flag Warning: React Router will begin wrapping state updates in `React.startTransition` in v7. You can use the `v7_startTransition` future flag to opt-in early. For more information, see https://reactrouter.com/v6/upgrading/future#v7_starttransition. @ http://localhost:3002/node_modules/.vite/deps/react-router-dom.js?v=8c6aa4bf:4435
[     281ms] [WARNING] ⚠️ React Router Future Flag Warning: Relative route resolution within Splat routes is changing in v7. You can use the `v7_relativeSplatPath` future flag to opt-in early. For more information, see https://reactrouter.com/v6/upgrading/future#v7_relativesplatpath. @ http://localhost:3002/node_modules/.vite/deps/react-router-dom.js?v=8c6aa4bf:4435
[     300ms] [WARNING] THREE.Color: Alpha component of rgba(59,130,246,0.3) will be ignored. @ http://localhost:3002/node_modules/.vite/deps/react-globe__gl.js?v=8c6aa4bf:614
[     303ms] [WARNING] THREE.Color: Alpha component of rgba(59,130,246,0.3) will be ignored. @ http://localhost:3002/node_modules/.vite/deps/react-globe__gl.js?v=8c6aa4bf:614
[  115513ms] [INFO] %cDownload the React DevTools for a better development experience: https://reactjs.org/link/react-devtools font-weight:bold @ http://localhost:3002/node_modules/.vite/deps/chunk-5FIUFYUJ.js?v=8c6aa4bf:21550
[  115586ms] [WARNING] ⚠️ React Router Future Flag Warning: React Router will begin wrapping state updates in `React.startTransition` in v7. You can use the `v7_startTransition` future flag to opt-in early. For more information, see https://reactrouter.com/v6/upgrading/future#v7_starttransition. @ http://localhost:3002/node_modules/.vite/deps/react-router-dom.js?v=8c6aa4bf:4435
[  115586ms] [WARNING] ⚠️ React Router Future Flag Warning: Relative route resolution within Splat routes is changing in v7. You can use the `v7_relativeSplatPath` future flag to opt-in early. For more information, see https://reactrouter.com/v6/upgrading/future#v7_relativesplatpath. @ http://localhost:3002/node_modules/.vite/deps/react-router-dom.js?v=8c6aa4bf:4435
[  125291ms] [WARNING] THREE.Color: Alpha component of rgba(59,130,246,0.3) will be ignored. @ http://localhost:3002/node_modules/.vite/deps/react-globe__gl.js?v=8c6aa4bf:614
[  125292ms] [WARNING] THREE.Color: Alpha component of rgba(59,130,246,0.3) will be ignored. @ http://localhost:3002/node_modules/.vite/deps/react-globe__gl.js?v=8c6aa4bf:614
[  125363ms] [WARNING] [.WebGL-0x10400507c00] GL_INVALID_FRAMEBUFFER_OPERATION: glClear: Framebuffer is incomplete: Attachment has zero size. @ http://localhost:3002/:0
[  125363ms] [WARNING] [.WebGL-0x10400507c00] GL_INVALID_FRAMEBUFFER_OPERATION: glClear: Framebuffer is incomplete: Attachment has zero size. @ http://localhost:3002/:0
[  125363ms] [WARNING] [.WebGL-0x10400507c00] GL_INVALID_FRAMEBUFFER_OPERATION: glDrawElements: Framebuffer is incomplete: Attachment has zero size. @ http://localhost:3002/:0
[  125363ms] [WARNING] [.WebGL-0x10400507c00] GL_INVALID_FRAMEBUFFER_OPERATION: glDrawElements: Framebuffer is incomplete: Attachment has zero size. @ http://localhost:3002/:0
[  125486ms] [WARNING] [.WebGL-0x10400507c00] GL_INVALID_FRAMEBUFFER_OPERATION: glClear: Framebuffer is incomplete: Attachment has zero size. @ http://localhost:3002/:0
[  125486ms] [WARNING] [.WebGL-0x10400507c00] GL_INVALID_FRAMEBUFFER_OPERATION: glClear: Framebuffer is incomplete: Attachment has zero size. @ http://localhost:3002/:0
[  125486ms] [WARNING] [.WebGL-0x10400507c00] GL_INVALID_FRAMEBUFFER_OPERATION: glDrawElements: Framebuffer is incomplete: Attachment has zero size. @ http://localhost:3002/:0
[  125486ms] [WARNING] [.WebGL-0x10400507c00] GL_INVALID_FRAMEBUFFER_OPERATION: glDrawElements: Framebuffer is incomplete: Attachment has zero size. @ http://localhost:3002/:0
[  125490ms] [WARNING] [.WebGL-0x10400507c00] GL_INVALID_FRAMEBUFFER_OPERATION: glClear: Framebuffer is incomplete: Attachment has zero size. @ http://localhost:3002/:0
[  125490ms] [WARNING] [.WebGL-0x10400507c00] GL_INVALID_FRAMEBUFFER_OPERATION: glClear: Framebuffer is incomplete: Attachment has zero size. @ http://localhost:3002/:0
[  125490ms] [WARNING] [.WebGL-0x10400507c00] GL_INVALID_FRAMEBUFFER_OPERATION: glDrawElements: Framebuffer is incomplete: Attachment has zero size. @ http://localhost:3002/:0
[  125490ms] [WARNING] [.WebGL-0x10400507c00] GL_INVALID_FRAMEBUFFER_OPERATION: glDrawElements: Framebuffer is incomplete: Attachment has zero size. @ http://localhost:3002/:0
[  125744ms] [WARNING] [.WebGL-0x10400507c00] GL_INVALID_FRAMEBUFFER_OPERATION: glClear: Framebuffer is incomplete: Attachment has zero size. @ http://localhost:3002/:0
[  125744ms] [WARNING] [.WebGL-0x10400507c00] GL_INVALID_FRAMEBUFFER_OPERATION: glClear: Framebuffer is incomplete: Attachment has zero size. @ http://localhost:3002/:0
[  125744ms] [WARNING] [.WebGL-0x10400507c00] GL_INVALID_FRAMEBUFFER_OPERATION: glDrawElements: Framebuffer is incomplete: Attachment has zero size. @ http://localhost:3002/:0
[  125744ms] [WARNING] [.WebGL-0x10400507c00] GL_INVALID_FRAMEBUFFER_OPERATION: glDrawElements: Framebuffer is incomplete: Attachment has zero size. @ http://localhost:3002/:0
[  125784ms] [WARNING] [.WebGL-0x10400507c00] GL_INVALID_FRAMEBUFFER_OPERATION: glClear: Framebuffer is incomplete: Attachment has zero size. @ http://localhost:3002/:0
[  125784ms] [WARNING] [.WebGL-0x10400507c00] GL_INVALID_FRAMEBUFFER_OPERATION: glClear: Framebuffer is incomplete: Attachment has zero size. @ http://localhost:3002/:0
[  125784ms] [WARNING] [.WebGL-0x10400507c00] GL_INVALID_FRAMEBUFFER_OPERATION: glDrawElements: Framebuffer is incomplete: Attachment has zero size. @ http://localhost:3002/:0
[  125784ms] [WARNING] [.WebGL-0x10400507c00] GL_INVALID_FRAMEBUFFER_OPERATION: glDrawElements: Framebuffer is incomplete: Attachment has zero size. @ http://localhost:3002/:0
[  125801ms] [WARNING] [.WebGL-0x10400507c00] GL_INVALID_FRAMEBUFFER_OPERATION: glClear: Framebuffer is incomplete: Attachment has zero size. @ http://localhost:3002/:0
[  125801ms] [WARNING] [.WebGL-0x10400507c00] GL_INVALID_FRAMEBUFFER_OPERATION: glClear: Framebuffer is incomplete: Attachment has zero size. @ http://localhost:3002/:0
[  125801ms] [WARNING] [.WebGL-0x10400507c00] GL_INVALID_FRAMEBUFFER_OPERATION: glDrawElements: Framebuffer is incomplete: Attachment has zero size. @ http://localhost:3002/:0
[  125801ms] [WARNING] [.WebGL-0x10400507c00] GL_INVALID_FRAMEBUFFER_OPERATION: glDrawElements: Framebuffer is incomplete: Attachment has zero size. @ http://localhost:3002/:0
[  125829ms] [WARNING] [.WebGL-0x10400507c00] GL_INVALID_FRAMEBUFFER_OPERATION: glClear: Framebuffer is incomplete: Attachment has zero size. @ http://localhost:3002/:0
[  125829ms] [WARNING] [.WebGL-0x10400507c00] GL_INVALID_FRAMEBUFFER_OPERATION: glClear: Framebuffer is incomplete: Attachment has zero size. @ http://localhost:3002/:0
[  125829ms] [WARNING] [.WebGL-0x10400507c00] GL_INVALID_FRAMEBUFFER_OPERATION: glDrawElements: Framebuffer is incomplete: Attachment has zero size. @ http://localhost:3002/:0
[  125830ms] [WARNING] [.WebGL-0x10400507c00] GL_INVALID_FRAMEBUFFER_OPERATION: glDrawElements: Framebuffer is incomplete: Attachment has zero size. @ http://localhost:3002/:0
[  125855ms] [WARNING] [.WebGL-0x10400507c00] GL_INVALID_FRAMEBUFFER_OPERATION: glClear: Framebuffer is incomplete: Attachment has zero size. @ http://localhost:3002/:0
[  125855ms] [WARNING] [.WebGL-0x10400507c00] GL_INVALID_FRAMEBUFFER_OPERATION: glClear: Framebuffer is incomplete: Attachment has zero size. @ http://localhost:3002/:0
[  125855ms] [WARNING] [.WebGL-0x10400507c00] GL_INVALID_FRAMEBUFFER_OPERATION: glDrawElements: Framebuffer is incomplete: Attachment has zero size. @ http://localhost:3002/:0
[  125855ms] [WARNING] [.WebGL-0x10400507c00] GL_INVALID_FRAMEBUFFER_OPERATION: glDrawElements: Framebuffer is incomplete: Attachment has zero size. @ http://localhost:3002/:0
[  125885ms] [WARNING] [.WebGL-0x10400507c00] GL_INVALID_FRAMEBUFFER_OPERATION: glClear: Framebuffer is incomplete: Attachment has zero size. @ http://localhost:3002/:0
[  125885ms] [WARNING] [.WebGL-0x10400507c00] GL_INVALID_FRAMEBUFFER_OPERATION: glClear: Framebuffer is incomplete: Attachment has zero size. @ http://localhost:3002/:0
[  125885ms] [WARNING] [.WebGL-0x10400507c00] GL_INVALID_FRAMEBUFFER_OPERATION: glDrawElements: Framebuffer is incomplete: Attachment has zero size. @ http://localhost:3002/:0
[  125885ms] [WARNING] [.WebGL-0x10400507c00] GL_INVALID_FRAMEBUFFER_OPERATION: glDrawElements: Framebuffer is incomplete: Attachment has zero size. @ http://localhost:3002/:0
[  125903ms] [WARNING] [.WebGL-0x10400507c00] GL_INVALID_FRAMEBUFFER_OPERATION: glClear: Framebuffer is incomplete: Attachment has zero size. @ http://localhost:3002/:0
[  125903ms] [WARNING] [.WebGL-0x10400507c00] GL_INVALID_FRAMEBUFFER_OPERATION: glClear: Framebuffer is incomplete: Attachment has zero size. @ http://localhost:3002/:0
[  125903ms] [WARNING] [.WebGL-0x10400507c00] GL_INVALID_FRAMEBUFFER_OPERATION: glDrawElements: Framebuffer is incomplete: Attachment has zero size. @ http://localhost:3002/:0
[  125903ms] [WARNING] [.WebGL-0x10400507c00] GL_INVALID_FRAMEBUFFER_OPERATION: glDrawElements: Framebuffer is incomplete: Attachment has zero size. @ http://localhost:3002/:0
[  125928ms] [WARNING] [.WebGL-0x10400507c00] GL_INVALID_FRAMEBUFFER_OPERATION: glClear: Framebuffer is incomplete: Attachment has zero size. @ http://localhost:3002/:0
[  125928ms] [WARNING] [.WebGL-0x10400507c00] GL_INVALID_FRAMEBUFFER_OPERATION: glClear: Framebuffer is incomplete: Attachment has zero size. @ http://localhost:3002/:0
[  125928ms] [WARNING] [.WebGL-0x10400507c00] GL_INVALID_FRAMEBUFFER_OPERATION: glDrawElements: Framebuffer is incomplete: Attachment has zero size. @ http://localhost:3002/:0
[  125928ms] [WARNING] [.WebGL-0x10400507c00] GL_INVALID_FRAMEBUFFER_OPERATION: glDrawElements: Framebuffer is incomplete: Attachment has zero size. @ http://localhost:3002/:0
[  125964ms] [WARNING] [.WebGL-0x10400507c00] GL_INVALID_FRAMEBUFFER_OPERATION: glClear: Framebuffer is incomplete: Attachment has zero size. @ http://localhost:3002/:0
[  125964ms] [WARNING] [.WebGL-0x10400507c00] GL_INVALID_FRAMEBUFFER_OPERATION: glClear: Framebuffer is incomplete: Attachment has zero size. @ http://localhost:3002/:0
[  125964ms] [WARNING] [.WebGL-0x10400507c00] GL_INVALID_FRAMEBUFFER_OPERATION: glDrawElements: Framebuffer is incomplete: Attachment has zero size. @ http://localhost:3002/:0
[  125964ms] [WARNING] [.WebGL-0x10400507c00] GL_INVALID_FRAMEBUFFER_OPERATION: glDrawElements: Framebuffer is incomplete: Attachment has zero size. @ http://localhost:3002/:0
[  125974ms] [WARNING] [.WebGL-0x10400507c00] GL_INVALID_FRAMEBUFFER_OPERATION: glClear: Framebuffer is incomplete: Attachment has zero size. @ http://localhost:3002/:0
[  125974ms] [WARNING] [.WebGL-0x10400507c00] GL_INVALID_FRAMEBUFFER_OPERATION: glClear: Framebuffer is incomplete: Attachment has zero size. @ http://localhost:3002/:0
[  125974ms] [WARNING] [.WebGL-0x10400507c00] GL_INVALID_FRAMEBUFFER_OPERATION: glDrawElements: Framebuffer is incomplete: Attachment has zero size. @ http://localhost:3002/:0
[  125974ms] [WARNING] [.WebGL-0x10400507c00] GL_INVALID_FRAMEBUFFER_OPERATION: glDrawElements: Framebuffer is incomplete: Attachment has zero size. @ http://localhost:3002/:0
[  126004ms] [WARNING] [.WebGL-0x10400507c00] GL_INVALID_FRAMEBUFFER_OPERATION: glClear: Framebuffer is incomplete: Attachment has zero size. @ http://localhost:3002/:0
[  126004ms] [WARNING] [.WebGL-0x10400507c00] GL_INVALID_FRAMEBUFFER_OPERATION: glClear: Framebuffer is incomplete: Attachment has zero size. @ http://localhost:3002/:0
[  126004ms] [WARNING] [.WebGL-0x10400507c00] GL_INVALID_FRAMEBUFFER_OPERATION: glDrawElements: Framebuffer is incomplete: Attachment has zero size. @ http://localhost:3002/:0
[  126004ms] [WARNING] [.WebGL-0x10400507c00] GL_INVALID_FRAMEBUFFER_OPERATION: glDrawElements: Framebuffer is incomplete: Attachment has zero size. @ http://localhost:3002/:0
[  126034ms] [WARNING] [.WebGL-0x10400507c00] GL_INVALID_FRAMEBUFFER_OPERATION: glClear: Framebuffer is incomplete: Attachment has zero size. @ http://localhost:3002/:0
[  126034ms] [WARNING] [.WebGL-0x10400507c00] GL_INVALID_FRAMEBUFFER_OPERATION: glClear: Framebuffer is incomplete: Attachment has zero size. @ http://localhost:3002/:0
[  126034ms] [WARNING] [.WebGL-0x10400507c00] GL_INVALID_FRAMEBUFFER_OPERATION: glDrawElements: Framebuffer is incomplete: Attachment has zero size. @ http://localhost:3002/:0
[  126034ms] [WARNING] [.WebGL-0x10400507c00] GL_INVALID_FRAMEBUFFER_OPERATION: glDrawElements: Framebuffer is incomplete: Attachment has zero size. @ http://localhost:3002/:0
[  126047ms] [WARNING] [.WebGL-0x10400507c00] GL_INVALID_FRAMEBUFFER_OPERATION: glClear: Framebuffer is incomplete: Attachment has zero size. @ http://localhost:3002/:0
[  126047ms] [WARNING] [.WebGL-0x10400507c00] GL_INVALID_FRAMEBUFFER_OPERATION: glClear: Framebuffer is incomplete: Attachment has zero size. @ http://localhost:3002/:0
[  126047ms] [WARNING] [.WebGL-0x10400507c00] GL_INVALID_FRAMEBUFFER_OPERATION: glDrawElements: Framebuffer is incomplete: Attachment has zero size. @ http://localhost:3002/:0
[  126047ms] [WARNING] [.WebGL-0x10400507c00] GL_INVALID_FRAMEBUFFER_OPERATION: glDrawElements: Framebuffer is incomplete: Attachment has zero size. @ http://localhost:3002/:0
[  126075ms] [WARNING] [.WebGL-0x10400507c00] GL_INVALID_FRAMEBUFFER_OPERATION: glClear: Framebuffer is incomplete: Attachment has zero size. @ http://localhost:3002/:0
[  126075ms] [WARNING] [.WebGL-0x10400507c00] GL_INVALID_FRAMEBUFFER_OPERATION: glClear: Framebuffer is incomplete: Attachment has zero size. @ http://localhost:3002/:0
[  126075ms] [WARNING] [.WebGL-0x10400507c00] GL_INVALID_FRAMEBUFFER_OPERATION: glDrawElements: Framebuffer is incomplete: Attachment has zero size. @ http://localhost:3002/:0
[  126075ms] [WARNING] [.WebGL-0x10400507c00] GL_INVALID_FRAMEBUFFER_OPERATION: glDrawElements: Framebuffer is incomplete: Attachment has zero size. @ http://localhost:3002/:0
[  126103ms] [WARNING] [.WebGL-0x10400507c00] GL_INVALID_FRAMEBUFFER_OPERATION: glClear: Framebuffer is incomplete: Attachment has zero size. @ http://localhost:3002/:0
[  126103ms] [WARNING] [.WebGL-0x10400507c00] GL_INVALID_FRAMEBUFFER_OPERATION: glClear: Framebuffer is incomplete: Attachment has zero size. @ http://localhost:3002/:0
[  126103ms] [WARNING] [.WebGL-0x10400507c00] GL_INVALID_FRAMEBUFFER_OPERATION: glDrawElements: Framebuffer is incomplete: Attachment has zero size. @ http://localhost:3002/:0
[  126103ms] [WARNING] [.WebGL-0x10400507c00] GL_INVALID_FRAMEBUFFER_OPERATION: glDrawElements: Framebuffer is incomplete: Attachment has zero size. @ http://localhost:3002/:0
[  126119ms] [WARNING] [.WebGL-0x10400507c00] GL_INVALID_FRAMEBUFFER_OPERATION: glClear: Framebuffer is incomplete: Attachment has zero size. @ http://localhost:3002/:0
[  126119ms] [WARNING] [.WebGL-0x10400507c00] GL_INVALID_FRAMEBUFFER_OPERATION: glClear: Framebuffer is incomplete: Attachment has zero size. @ http://localhost:3002/:0
[  126119ms] [WARNING] [.WebGL-0x10400507c00] GL_INVALID_FRAMEBUFFER_OPERATION: glDrawElements: Framebuffer is incomplete: Attachment has zero size. @ http://localhost:3002/:0
[  126119ms] [WARNING] [.WebGL-0x10400507c00] GL_INVALID_FRAMEBUFFER_OPERATION: glDrawElements: Framebuffer is incomplete: Attachment has zero size. @ http://localhost:3002/:0
[  126159ms] [WARNING] [.WebGL-0x10400507c00] GL_INVALID_FRAMEBUFFER_OPERATION: glClear: Framebuffer is incomplete: Attachment has zero size. @ http://localhost:3002/:0
[  126159ms] [WARNING] [.WebGL-0x10400507c00] GL_INVALID_FRAMEBUFFER_OPERATION: glClear: Framebuffer is incomplete: Attachment has zero size. @ http://localhost:3002/:0
[  126159ms] [WARNING] [.WebGL-0x10400507c00] GL_INVALID_FRAMEBUFFER_OPERATION: glDrawElements: Framebuffer is incomplete: Attachment has zero size. @ http://localhost:3002/:0
[  126159ms] [WARNING] [.WebGL-0x10400507c00] GL_INVALID_FRAMEBUFFER_OPERATION: glDrawElements: Framebuffer is incomplete: Attachment has zero size. @ http://localhost:3002/:0
[  126177ms] [WARNING] [.WebGL-0x10400507c00] GL_INVALID_FRAMEBUFFER_OPERATION: glClear: Framebuffer is incomplete: Attachment has zero size. @ http://localhost:3002/:0
[  126177ms] [WARNING] [.WebGL-0x10400507c00] GL_INVALID_FRAMEBUFFER_OPERATION: glClear: Framebuffer is incomplete: Attachment has zero size. @ http://localhost:3002/:0
[  126177ms] [WARNING] [.WebGL-0x10400507c00] GL_INVALID_FRAMEBUFFER_OPERATION: glDrawElements: Framebuffer is incomplete: Attachment has zero size. @ http://localhost:3002/:0
[  126177ms] [WARNING] [.WebGL-0x10400507c00] GL_INVALID_FRAMEBUFFER_OPERATION: glDrawElements: Framebuffer is incomplete: Attachment has zero size. @ http://localhost:3002/:0
[  126203ms] [WARNING] [.WebGL-0x10400507c00] GL_INVALID_FRAMEBUFFER_OPERATION: glClear: Framebuffer is incomplete: Attachment has zero size. @ http://localhost:3002/:0
[  126203ms] [WARNING] [.WebGL-0x10400507c00] GL_INVALID_FRAMEBUFFER_OPERATION: glClear: Framebuffer is incomplete: Attachment has zero size. @ http://localhost:3002/:0
[  126203ms] [WARNING] [.WebGL-0x10400507c00] GL_INVALID_FRAMEBUFFER_OPERATION: glDrawElements: Framebuffer is incomplete: Attachment has zero size. @ http://localhost:3002/:0
[  126203ms] [WARNING] [.WebGL-0x10400507c00] GL_INVALID_FRAMEBUFFER_OPERATION: glDrawElements: Framebuffer is incomplete: Attachment has zero size. @ http://localhost:3002/:0
[  126234ms] [WARNING] [.WebGL-0x10400507c00] GL_INVALID_FRAMEBUFFER_OPERATION: glClear: Framebuffer is incomplete: Attachment has zero size. @ http://localhost:3002/:0
[  126234ms] [WARNING] [.WebGL-0x10400507c00] GL_INVALID_FRAMEBUFFER_OPERATION: glClear: Framebuffer is incomplete: Attachment has zero size. @ http://localhost:3002/:0
[  126234ms] [WARNING] [.WebGL-0x10400507c00] GL_INVALID_FRAMEBUFFER_OPERATION: glDrawElements: Framebuffer is incomplete: Attachment has zero size. @ http://localhost:3002/:0
[  126234ms] [WARNING] [.WebGL-0x10400507c00] GL_INVALID_FRAMEBUFFER_OPERATION: glDrawElements: Framebuffer is incomplete: Attachment has zero size. @ http://localhost:3002/:0
[  126249ms] [WARNING] [.WebGL-0x10400507c00] GL_INVALID_FRAMEBUFFER_OPERATION: glClear: Framebuffer is incomplete: Attachment has zero size. @ http://localhost:3002/:0
[  126249ms] [WARNING] [.WebGL-0x10400507c00] GL_INVALID_FRAMEBUFFER_OPERATION: glClear: Framebuffer is incomplete: Attachment has zero size. @ http://localhost:3002/:0
[  126249ms] [WARNING] [.WebGL-0x10400507c00] GL_INVALID_FRAMEBUFFER_OPERATION: glDrawElements: Framebuffer is incomplete: Attachment has zero size. @ http://localhost:3002/:0
[  126249ms] [WARNING] [.WebGL-0x10400507c00] GL_INVALID_FRAMEBUFFER_OPERATION: glDrawElements: Framebuffer is incomplete: Attachment has zero size. @ http://localhost:3002/:0
[  126284ms] [WARNING] [.WebGL-0x10400507c00] GL_INVALID_FRAMEBUFFER_OPERATION: glClear: Framebuffer is incomplete: Attachment has zero size. @ http://localhost:3002/:0
[  126284ms] [WARNING] [.WebGL-0x10400507c00] GL_INVALID_FRAMEBUFFER_OPERATION: glClear: Framebuffer is incomplete: Attachment has zero size. @ http://localhost:3002/:0
[  126284ms] [WARNING] [.WebGL-0x10400507c00] GL_INVALID_FRAMEBUFFER_OPERATION: glDrawElements: Framebuffer is incomplete: Attachment has zero size. @ http://localhost:3002/:0
[  126284ms] [WARNING] [.WebGL-0x10400507c00] GL_INVALID_FRAMEBUFFER_OPERATION: glDrawElements: Framebuffer is incomplete: Attachment has zero size. @ http://localhost:3002/:0
[  126306ms] [WARNING] [.WebGL-0x10400507c00] GL_INVALID_FRAMEBUFFER_OPERATION: glClear: Framebuffer is incomplete: Attachment has zero size. @ http://localhost:3002/:0
[  126306ms] [WARNING] [.WebGL-0x10400507c00] GL_INVALID_FRAMEBUFFER_OPERATION: glClear: Framebuffer is incomplete: Attachment has zero size. @ http://localhost:3002/:0
[  126306ms] [WARNING] [.WebGL-0x10400507c00] GL_INVALID_FRAMEBUFFER_OPERATION: glDrawElements: Framebuffer is incomplete: Attachment has zero size. @ http://localhost:3002/:0
[  126306ms] [WARNING] [.WebGL-0x10400507c00] GL_INVALID_FRAMEBUFFER_OPERATION: glDrawElements: Framebuffer is incomplete: Attachment has zero size. @ http://localhost:3002/:0
[  126344ms] [WARNING] [.WebGL-0x10400507c00] GL_INVALID_FRAMEBUFFER_OPERATION: glClear: Framebuffer is incomplete: Attachment has zero size. @ http://localhost:3002/:0
[  126344ms] [WARNING] [.WebGL-0x10400507c00] GL_INVALID_FRAMEBUFFER_OPERATION: glClear: Framebuffer is incomplete: Attachment has zero size. @ http://localhost:3002/:0
[  126344ms] [WARNING] [.WebGL-0x10400507c00] GL_INVALID_FRAMEBUFFER_OPERATION: glDrawElements: Framebuffer is incomplete: Attachment has zero size. @ http://localhost:3002/:0
[  126344ms] [WARNING] [.WebGL-0x10400507c00] GL_INVALID_FRAMEBUFFER_OPERATION: glDrawElements: Framebuffer is incomplete: Attachment has zero size. @ http://localhost:3002/:0
[  126368ms] [WARNING] [.WebGL-0x10400507c00] GL_INVALID_FRAMEBUFFER_OPERATION: glClear: Framebuffer is incomplete: Attachment has zero size. @ http://localhost:3002/:0
[  126368ms] [WARNING] [.WebGL-0x10400507c00] GL_INVALID_FRAMEBUFFER_OPERATION: glClear: Framebuffer is incomplete: Attachment has zero size. @ http://localhost:3002/:0
[  126368ms] [WARNING] [.WebGL-0x10400507c00] GL_INVALID_FRAMEBUFFER_OPERATION: glDrawElements: Framebuffer is incomplete: Attachment has zero size. @ http://localhost:3002/:0
[  126368ms] [WARNING] [.WebGL-0x10400507c00] GL_INVALID_FRAMEBUFFER_OPERATION: glDrawElements: Framebuffer is incomplete: Attachment has zero size. @ http://localhost:3002/:0
[  126394ms] [WARNING] [.WebGL-0x10400507c00] GL_INVALID_FRAMEBUFFER_OPERATION: glClear: Framebuffer is incomplete: Attachment has zero size. @ http://localhost:3002/:0
[  126394ms] [WARNING] [.WebGL-0x10400507c00] GL_INVALID_FRAMEBUFFER_OPERATION: glClear: Framebuffer is incomplete: Attachment has zero size. @ http://localhost:3002/:0
[  126394ms] [WARNING] [.WebGL-0x10400507c00] GL_INVALID_FRAMEBUFFER_OPERATION: glDrawElements: Framebuffer is incomplete: Attachment has zero size. @ http://localhost:3002/:0
[  126394ms] [WARNING] [.WebGL-0x10400507c00] GL_INVALID_FRAMEBUFFER_OPERATION: glDrawElements: Framebuffer is incomplete: Attachment has zero size. @ http://localhost:3002/:0
[  126444ms] [WARNING] [.WebGL-0x10400507c00] GL_INVALID_FRAMEBUFFER_OPERATION: glClear: Framebuffer is incomplete: Attachment has zero size. @ http://localhost:3002/:0
[  126444ms] [WARNING] [.WebGL-0x10400507c00] GL_INVALID_FRAMEBUFFER_OPERATION: glClear: Framebuffer is incomplete: Attachment has zero size. @ http://localhost:3002/:0
[  126444ms] [WARNING] [.WebGL-0x10400507c00] GL_INVALID_FRAMEBUFFER_OPERATION: glDrawElements: Framebuffer is incomplete: Attachment has zero size. @ http://localhost:3002/:0
[  126444ms] [WARNING] [.WebGL-0x10400507c00] GL_INVALID_FRAMEBUFFER_OPERATION: glDrawElements: Framebuffer is incomplete: Attachment has zero size. @ http://localhost:3002/:0
[  126474ms] [WARNING] [.WebGL-0x10400507c00] GL_INVALID_FRAMEBUFFER_OPERATION: glClear: Framebuffer is incomplete: Attachment has zero size. @ http://localhost:3002/:0
[  126474ms] [WARNING] [.WebGL-0x10400507c00] GL_INVALID_FRAMEBUFFER_OPERATION: glClear: Framebuffer is incomplete: Attachment has zero size. @ http://localhost:3002/:0
[  126474ms] [WARNING] [.WebGL-0x10400507c00] GL_INVALID_FRAMEBUFFER_OPERATION: glDrawElements: Framebuffer is incomplete: Attachment has zero size. @ http://localhost:3002/:0
[  126474ms] [WARNING] [.WebGL-0x10400507c00] GL_INVALID_FRAMEBUFFER_OPERATION: glDrawElements: Framebuffer is incomplete: Attachment has zero size. @ http://localhost:3002/:0
[  126513ms] [WARNING] [.WebGL-0x10400507c00] GL_INVALID_FRAMEBUFFER_OPERATION: glClear: Framebuffer is incomplete: Attachment has zero size. @ http://localhost:3002/:0
[  126513ms] [WARNING] [.WebGL-0x10400507c00] GL_INVALID_FRAMEBUFFER_OPERATION: glClear: Framebuffer is incomplete: Attachment has zero size. @ http://localhost:3002/:0
[  126513ms] [WARNING] [.WebGL-0x10400507c00] GL_INVALID_FRAMEBUFFER_OPERATION: glDrawElements: Framebuffer is incomplete: Attachment has zero size. @ http://localhost:3002/:0
[  126513ms] [WARNING] [.WebGL-0x10400507c00] GL_INVALID_FRAMEBUFFER_OPERATION: glDrawElements: Framebuffer is incomplete: Attachment has zero size. @ http://localhost:3002/:0
[  126536ms] [WARNING] [.WebGL-0x10400507c00] GL_INVALID_FRAMEBUFFER_OPERATION: glClear: Framebuffer is incomplete: Attachment has zero size. @ http://localhost:3002/:0
[  126536ms] [WARNING] [.WebGL-0x10400507c00] GL_INVALID_FRAMEBUFFER_OPERATION: glClear: Framebuffer is incomplete: Attachment has zero size. @ http://localhost:3002/:0
[  126536ms] [WARNING] [.WebGL-0x10400507c00] GL_INVALID_FRAMEBUFFER_OPERATION: glDrawElements: Framebuffer is incomplete: Attachment has zero size. @ http://localhost:3002/:0
[  126536ms] [WARNING] [.WebGL-0x10400507c00] GL_INVALID_FRAMEBUFFER_OPERATION: glDrawElements: Framebuffer is incomplete: Attachment has zero size. @ http://localhost:3002/:0
[  126564ms] [WARNING] [.WebGL-0x10400507c00] GL_INVALID_FRAMEBUFFER_OPERATION: glClear: Framebuffer is incomplete: Attachment has zero size. @ http://localhost:3002/:0
[  126564ms] [WARNING] [.WebGL-0x10400507c00] GL_INVALID_FRAMEBUFFER_OPERATION: glClear: Framebuffer is incomplete: Attachment has zero size. @ http://localhost:3002/:0
[  126564ms] [WARNING] [.WebGL-0x10400507c00] GL_INVALID_FRAMEBUFFER_OPERATION: glDrawElements: Framebuffer is incomplete: Attachment has zero size. @ http://localhost:3002/:0
[  126564ms] [WARNING] [.WebGL-0x10400507c00] GL_INVALID_FRAMEBUFFER_OPERATION: glDrawElements: Framebuffer is incomplete: Attachment has zero size. @ http://localhost:3002/:0
[  126586ms] [WARNING] [.WebGL-0x10400507c00] GL_INVALID_FRAMEBUFFER_OPERATION: glClear: Framebuffer is incomplete: Attachment has zero size. @ http://localhost:3002/:0
[  126586ms] [WARNING] [.WebGL-0x10400507c00] GL_INVALID_FRAMEBUFFER_OPERATION: glClear: Framebuffer is incomplete: Attachment has zero size. @ http://localhost:3002/:0
[  126586ms] [WARNING] [.WebGL-0x10400507c00] GL_INVALID_FRAMEBUFFER_OPERATION: glDrawElements: Framebuffer is incomplete: Attachment has zero size. @ http://localhost:3002/:0
[  126586ms] [WARNING] [.WebGL-0x10400507c00] GL_INVALID_FRAMEBUFFER_OPERATION: glDrawElements: Framebuffer is incomplete: Attachment has zero size. @ http://localhost:3002/:0
[  126613ms] [WARNING] [.WebGL-0x10400507c00] GL_INVALID_FRAMEBUFFER_OPERATION: glClear: Framebuffer is incomplete: Attachment has zero size. @ http://localhost:3002/:0
[  126613ms] [WARNING] [.WebGL-0x10400507c00] GL_INVALID_FRAMEBUFFER_OPERATION: glClear: Framebuffer is incomplete: Attachment has zero size. @ http://localhost:3002/:0
[  126613ms] [WARNING] [.WebGL-0x10400507c00] GL_INVALID_FRAMEBUFFER_OPERATION: glDrawElements: Framebuffer is incomplete: Attachment has zero size. @ http://localhost:3002/:0
[  126613ms] [WARNING] [.WebGL-0x10400507c00] GL_INVALID_FRAMEBUFFER_OPERATION: glDrawElements: Framebuffer is incomplete: Attachment has zero size. @ http://localhost:3002/:0
[  126632ms] [WARNING] [.WebGL-0x10400507c00] GL_INVALID_FRAMEBUFFER_OPERATION: glClear: Framebuffer is incomplete: Attachment has zero size. @ http://localhost:3002/:0
[  126632ms] [WARNING] [.WebGL-0x10400507c00] GL_INVALID_FRAMEBUFFER_OPERATION: glClear: Framebuffer is incomplete: Attachment has zero size. @ http://localhost:3002/:0
[  126632ms] [WARNING] [.WebGL-0x10400507c00] GL_INVALID_FRAMEBUFFER_OPERATION: glDrawElements: Framebuffer is incomplete: Attachment has zero size. @ http://localhost:3002/:0
[  126632ms] [WARNING] [.WebGL-0x10400507c00] GL_INVALID_FRAMEBUFFER_OPERATION: glDrawElements: Framebuffer is incomplete: Attachment has zero size. @ http://localhost:3002/:0
[  126659ms] [WARNING] [.WebGL-0x10400507c00] GL_INVALID_FRAMEBUFFER_OPERATION: glClear: Framebuffer is incomplete: Attachment has zero size. @ http://localhost:3002/:0
[  126659ms] [WARNING] [.WebGL-0x10400507c00] GL_INVALID_FRAMEBUFFER_OPERATION: glClear: Framebuffer is incomplete: Attachment has zero size. @ http://localhost:3002/:0
[  126659ms] [WARNING] [.WebGL-0x10400507c00] GL_INVALID_FRAMEBUFFER_OPERATION: glDrawElements: Framebuffer is incomplete: Attachment has zero size. @ http://localhost:3002/:0
[  126659ms] [WARNING] [.WebGL-0x10400507c00] GL_INVALID_FRAMEBUFFER_OPERATION: glDrawElements: Framebuffer is incomplete: Attachment has zero size. @ http://localhost:3002/:0
[  126678ms] [WARNING] [.WebGL-0x10400507c00] GL_INVALID_FRAMEBUFFER_OPERATION: glClear: Framebuffer is incomplete: Attachment has zero size. @ http://localhost:3002/:0
[  126678ms] [WARNING] [.WebGL-0x10400507c00] GL_INVALID_FRAMEBUFFER_OPERATION: glClear: Framebuffer is incomplete: Attachment has zero size. @ http://localhost:3002/:0
[  126678ms] [WARNING] [.WebGL-0x10400507c00] GL_INVALID_FRAMEBUFFER_OPERATION: glDrawElements: Framebuffer is incomplete: Attachment has zero size. @ http://localhost:3002/:0
[  126678ms] [WARNING] [.WebGL-0x10400507c00] GL_INVALID_FRAMEBUFFER_OPERATION: glDrawElements: Framebuffer is incomplete: Attachment has zero size. @ http://localhost:3002/:0
[  126706ms] [WARNING] [.WebGL-0x10400507c00] GL_INVALID_FRAMEBUFFER_OPERATION: glClear: Framebuffer is incomplete: Attachment has zero size. @ http://localhost:3002/:0
[  126707ms] [WARNING] [.WebGL-0x10400507c00] GL_INVALID_FRAMEBUFFER_OPERATION: glClear: Framebuffer is incomplete: Attachment has zero size. @ http://localhost:3002/:0
[  126707ms] [WARNING] [.WebGL-0x10400507c00] GL_INVALID_FRAMEBUFFER_OPERATION: glDrawElements: Framebuffer is incomplete: Attachment has zero size. @ http://localhost:3002/:0
[  126707ms] [WARNING] [.WebGL-0x10400507c00] GL_INVALID_FRAMEBUFFER_OPERATION: glDrawElements: Framebuffer is incomplete: Attachment has zero size. @ http://localhost:3002/:0
[  126734ms] [WARNING] [.WebGL-0x10400507c00] GL_INVALID_FRAMEBUFFER_OPERATION: glClear: Framebuffer is incomplete: Attachment has zero size. @ http://localhost:3002/:0
[  126734ms] [WARNING] [.WebGL-0x10400507c00] GL_INVALID_FRAMEBUFFER_OPERATION: glClear: Framebuffer is incomplete: Attachment has zero size. @ http://localhost:3002/:0
[  126734ms] [WARNING] [.WebGL-0x10400507c00] GL_INVALID_FRAMEBUFFER_OPERATION: glDrawElements: Framebuffer is incomplete: Attachment has zero size. @ http://localhost:3002/:0
[  126734ms] [WARNING] [.WebGL-0x10400507c00] GL_INVALID_FRAMEBUFFER_OPERATION: glDrawElements: Framebuffer is incomplete: Attachment has zero size. @ http://localhost:3002/:0
[  126751ms] [WARNING] [.WebGL-0x10400507c00] GL_INVALID_FRAMEBUFFER_OPERATION: glClear: Framebuffer is incomplete: Attachment has zero size. @ http://localhost:3002/:0
[  126751ms] [WARNING] [.WebGL-0x10400507c00] GL_INVALID_FRAMEBUFFER_OPERATION: glClear: Framebuffer is incomplete: Attachment has zero size. @ http://localhost:3002/:0
[  126751ms] [WARNING] [.WebGL-0x10400507c00] GL_INVALID_FRAMEBUFFER_OPERATION: glDrawElements: Framebuffer is incomplete: Attachment has zero size. @ http://localhost:3002/:0
[  126751ms] [WARNING] [.WebGL-0x10400507c00] GL_INVALID_FRAMEBUFFER_OPERATION: glDrawElements: Framebuffer is incomplete: Attachment has zero size. @ http://localhost:3002/:0
[  126779ms] [WARNING] [.WebGL-0x10400507c00] GL_INVALID_FRAMEBUFFER_OPERATION: glClear: Framebuffer is incomplete: Attachment has zero size. @ http://localhost:3002/:0
[  126779ms] [WARNING] [.WebGL-0x10400507c00] GL_INVALID_FRAMEBUFFER_OPERATION: glClear: Framebuffer is incomplete: Attachment has zero size. @ http://localhost:3002/:0
[  126779ms] [WARNING] [.WebGL-0x10400507c00] GL_INVALID_FRAMEBUFFER_OPERATION: glDrawElements: Framebuffer is incomplete: Attachment has zero size. @ http://localhost:3002/:0
[  126779ms] [WARNING] [.WebGL-0x10400507c00] GL_INVALID_FRAMEBUFFER_OPERATION: glDrawElements: Framebuffer is incomplete: Attachment has zero size. @ http://localhost:3002/:0
[  126808ms] [WARNING] [.WebGL-0x10400507c00] GL_INVALID_FRAMEBUFFER_OPERATION: glClear: Framebuffer is incomplete: Attachment has zero size. @ http://localhost:3002/:0
[  126808ms] [WARNING] [.WebGL-0x10400507c00] GL_INVALID_FRAMEBUFFER_OPERATION: glClear: Framebuffer is incomplete: Attachment has zero size. @ http://localhost:3002/:0
[  126808ms] [WARNING] [.WebGL-0x10400507c00] GL_INVALID_FRAMEBUFFER_OPERATION: glDrawElements: Framebuffer is incomplete: Attachment has zero size. @ http://localhost:3002/:0
[  126808ms] [WARNING] [.WebGL-0x10400507c00] GL_INVALID_FRAMEBUFFER_OPERATION: glDrawElements: Framebuffer is incomplete: Attachment has zero size. @ http://localhost:3002/:0
[  126826ms] [WARNING] [.WebGL-0x10400507c00] GL_INVALID_FRAMEBUFFER_OPERATION: glClear: Framebuffer is incomplete: Attachment has zero size. @ http://localhost:3002/:0
[  126826ms] [WARNING] [.WebGL-0x10400507c00] GL_INVALID_FRAMEBUFFER_OPERATION: glClear: Framebuffer is incomplete: Attachment has zero size. @ http://localhost:3002/:0
[  126826ms] [WARNING] [.WebGL-0x10400507c00] GL_INVALID_FRAMEBUFFER_OPERATION: glDrawElements: Framebuffer is incomplete: Attachment has zero size. @ http://localhost:3002/:0
[  126826ms] [WARNING] [.WebGL-0x10400507c00] GL_INVALID_FRAMEBUFFER_OPERATION: glDrawElements: Framebuffer is incomplete: Attachment has zero size. @ http://localhost:3002/:0
[  126843ms] [WARNING] [.WebGL-0x10400507c00] GL_INVALID_FRAMEBUFFER_OPERATION: glClear: Framebuffer is incomplete: Attachment has zero size. @ http://localhost:3002/:0
[  126843ms] [WARNING] [.WebGL-0x10400507c00] GL_INVALID_FRAMEBUFFER_OPERATION: glClear: Framebuffer is incomplete: Attachment has zero size. @ http://localhost:3002/:0
[  126843ms] [WARNING] [.WebGL-0x10400507c00] GL_INVALID_FRAMEBUFFER_OPERATION: glDrawElements: Framebuffer is incomplete: Attachment has zero size. @ http://localhost:3002/:0
[  126843ms] [WARNING] [.WebGL-0x10400507c00] GL_INVALID_FRAMEBUFFER_OPERATION: glDrawElements: Framebuffer is incomplete: Attachment has zero size. @ http://localhost:3002/:0
[  126879ms] [WARNING] [.WebGL-0x10400507c00] GL_INVALID_FRAMEBUFFER_OPERATION: glClear: Framebuffer is incomplete: Attachment has zero size. @ http://localhost:3002/:0
[  126879ms] [WARNING] [.WebGL-0x10400507c00] GL_INVALID_FRAMEBUFFER_OPERATION: glClear: Framebuffer is incomplete: Attachment has zero size. @ http://localhost:3002/:0
[  126879ms] [WARNING] [.WebGL-0x10400507c00] GL_INVALID_FRAMEBUFFER_OPERATION: glDrawElements: Framebuffer is incomplete: Attachment has zero size. @ http://localhost:3002/:0
[  126879ms] [WARNING] [.WebGL-0x10400507c00] GL_INVALID_FRAMEBUFFER_OPERATION: glDrawElements: Framebuffer is incomplete: Attachment has zero size. @ http://localhost:3002/:0
[  126905ms] [WARNING] [.WebGL-0x10400507c00] GL_INVALID_FRAMEBUFFER_OPERATION: glClear: Framebuffer is incomplete: Attachment has zero size. @ http://localhost:3002/:0
[  126905ms] [WARNING] [.WebGL-0x10400507c00] GL_INVALID_FRAMEBUFFER_OPERATION: glClear: Framebuffer is incomplete: Attachment has zero size. @ http://localhost:3002/:0
[  126905ms] [WARNING] [.WebGL-0x10400507c00] GL_INVALID_FRAMEBUFFER_OPERATION: glDrawElements: Framebuffer is incomplete: Attachment has zero size. @ http://localhost:3002/:0
[  126905ms] [WARNING] [.WebGL-0x10400507c00] GL_INVALID_FRAMEBUFFER_OPERATION: glDrawElements: Framebuffer is incomplete: Attachment has zero size. @ http://localhost:3002/:0
[  126934ms] [WARNING] [.WebGL-0x10400507c00] GL_INVALID_FRAMEBUFFER_OPERATION: glClear: Framebuffer is incomplete: Attachment has zero size. @ http://localhost:3002/:0
[  126934ms] [WARNING] [.WebGL-0x10400507c00] GL_INVALID_FRAMEBUFFER_OPERATION: glClear: Framebuffer is incomplete: Attachment has zero size. @ http://localhost:3002/:0
[  126934ms] [WARNING] [.WebGL-0x10400507c00] GL_INVALID_FRAMEBUFFER_OPERATION: glDrawElements: Framebuffer is incomplete: Attachment has zero size. @ http://localhost:3002/:0
[  126934ms] [WARNING] [.WebGL-0x10400507c00] GL_INVALID_FRAMEBUFFER_OPERATION: glDrawElements: Framebuffer is incomplete: Attachment has zero size. @ http://localhost:3002/:0
[  126943ms] [WARNING] [.WebGL-0x10400507c00] GL_INVALID_FRAMEBUFFER_OPERATION: glClear: Framebuffer is incomplete: Attachment has zero size. @ http://localhost:3002/:0
[  126943ms] [WARNING] [.WebGL-0x10400507c00] GL_INVALID_FRAMEBUFFER_OPERATION: glClear: Framebuffer is incomplete: Attachment has zero size. @ http://localhost:3002/:0
[  126943ms] [WARNING] [.WebGL-0x10400507c00] GL_INVALID_FRAMEBUFFER_OPERATION: glDrawElements: Framebuffer is incomplete: Attachment has zero size. @ http://localhost:3002/:0
[  126943ms] [WARNING] [.WebGL-0x10400507c00] GL_INVALID_FRAMEBUFFER_OPERATION: glDrawElements: Framebuffer is incomplete: Attachment has zero size. @ http://localhost:3002/:0
[  126980ms] [WARNING] [.WebGL-0x10400507c00] GL_INVALID_FRAMEBUFFER_OPERATION: glClear: Framebuffer is incomplete: Attachment has zero size. @ http://localhost:3002/:0
[  126980ms] [WARNING] [.WebGL-0x10400507c00] GL_INVALID_FRAMEBUFFER_OPERATION: glClear: Framebuffer is incomplete: Attachment has zero size. @ http://localhost:3002/:0
[  126980ms] [WARNING] [.WebGL-0x10400507c00] GL_INVALID_FRAMEBUFFER_OPERATION: glDrawElements: Framebuffer is incomplete: Attachment has zero size. @ http://localhost:3002/:0
[  126980ms] [WARNING] [.WebGL-0x10400507c00] GL_INVALID_FRAMEBUFFER_OPERATION: glDrawElements: Framebuffer is incomplete: Attachment has zero size. @ http://localhost:3002/:0
[  126998ms] [WARNING] [.WebGL-0x10400507c00] GL_INVALID_FRAMEBUFFER_OPERATION: glClear: Framebuffer is incomplete: Attachment has zero size. @ http://localhost:3002/:0
[  126998ms] [WARNING] [.WebGL-0x10400507c00] GL_INVALID_FRAMEBUFFER_OPERATION: glClear: Framebuffer is incomplete: Attachment has zero size. @ http://localhost:3002/:0
[  126998ms] [WARNING] [.WebGL-0x10400507c00] GL_INVALID_FRAMEBUFFER_OPERATION: glDrawElements: Framebuffer is incomplete: Attachment has zero size. @ http://localhost:3002/:0
[  126998ms] [WARNING] [.WebGL-0x10400507c00] GL_INVALID_FRAMEBUFFER_OPERATION: glDrawElements: Framebuffer is incomplete: Attachment has zero size. @ http://localhost:3002/:0
[  127027ms] [WARNING] [.WebGL-0x10400507c00] GL_INVALID_FRAMEBUFFER_OPERATION: glClear: Framebuffer is incomplete: Attachment has zero size. @ http://localhost:3002/:0
[  127027ms] [WARNING] [.WebGL-0x10400507c00] GL_INVALID_FRAMEBUFFER_OPERATION: glClear: Framebuffer is incomplete: Attachment has zero size. @ http://localhost:3002/:0
[  127027ms] [WARNING] [.WebGL-0x10400507c00] GL_INVALID_FRAMEBUFFER_OPERATION: glDrawElements: Framebuffer is incomplete: Attachment has zero size. @ http://localhost:3002/:0
[  127027ms] [WARNING] [.WebGL-0x10400507c00] GL_INVALID_FRAMEBUFFER_OPERATION: glDrawElements: Framebuffer is incomplete: Attachment has zero size. @ http://localhost:3002/:0
[  127058ms] [WARNING] [.WebGL-0x10400507c00] GL_INVALID_FRAMEBUFFER_OPERATION: glClear: Framebuffer is incomplete: Attachment has zero size. @ http://localhost:3002/:0
[  127058ms] [WARNING] [.WebGL-0x10400507c00] GL_INVALID_FRAMEBUFFER_OPERATION: glClear: Framebuffer is incomplete: Attachment has zero size. @ http://localhost:3002/:0
[  127058ms] [WARNING] [.WebGL-0x10400507c00] GL_INVALID_FRAMEBUFFER_OPERATION: glDrawElements: Framebuffer is incomplete: Attachment has zero size. @ http://localhost:3002/:0
[  127058ms] [WARNING] [.WebGL-0x10400507c00] GL_INVALID_FRAMEBUFFER_OPERATION: glDrawElements: Framebuffer is incomplete: Attachment has zero size. @ http://localhost:3002/:0
[  127076ms] [WARNING] [.WebGL-0x10400507c00] GL_INVALID_FRAMEBUFFER_OPERATION: glClear: Framebuffer is incomplete: Attachment has zero size. @ http://localhost:3002/:0
[  127076ms] [WARNING] [.WebGL-0x10400507c00] GL_INVALID_FRAMEBUFFER_OPERATION: glClear: Framebuffer is incomplete: Attachment has zero size. @ http://localhost:3002/:0
[  127076ms] [WARNING] [.WebGL-0x10400507c00] GL_INVALID_FRAMEBUFFER_OPERATION: glDrawElements: Framebuffer is incomplete: Attachment has zero size. @ http://localhost:3002/:0
[  127076ms] [WARNING] [.WebGL-0x10400507c00] GL_INVALID_FRAMEBUFFER_OPERATION: glDrawElements: Framebuffer is incomplete: Attachment has zero size. @ http://localhost:3002/:0
[  127108ms] [WARNING] [.WebGL-0x10400507c00] GL_INVALID_FRAMEBUFFER_OPERATION: glClear: Framebuffer is incomplete: Attachment has zero size. @ http://localhost:3002/:0
[  127108ms] [WARNING] [.WebGL-0x10400507c00] GL_INVALID_FRAMEBUFFER_OPERATION: glClear: Framebuffer is incomplete: Attachment has zero size. @ http://localhost:3002/:0
[  127108ms] [WARNING] [.WebGL-0x10400507c00] GL_INVALID_FRAMEBUFFER_OPERATION: glDrawElements: Framebuffer is incomplete: Attachment has zero size. @ http://localhost:3002/:0
[  127108ms] [WARNING] [.WebGL-0x10400507c00] GL_INVALID_FRAMEBUFFER_OPERATION: glDrawElements: Framebuffer is incomplete: Attachment has zero size. @ http://localhost:3002/:0
[  127131ms] [WARNING] [.WebGL-0x10400507c00] GL_INVALID_FRAMEBUFFER_OPERATION: glClear: Framebuffer is incomplete: Attachment has zero size. @ http://localhost:3002/:0
[  127131ms] [WARNING] [.WebGL-0x10400507c00] GL_INVALID_FRAMEBUFFER_OPERATION: glClear: Framebuffer is incomplete: Attachment has zero size. @ http://localhost:3002/:0
[  127131ms] [WARNING] [.WebGL-0x10400507c00] GL_INVALID_FRAMEBUFFER_OPERATION: glDrawElements: Framebuffer is incomplete: Attachment has zero size. @ http://localhost:3002/:0
[  127131ms] [WARNING] [.WebGL-0x10400507c00] GL_INVALID_FRAMEBUFFER_OPERATION: glDrawElements: Framebuffer is incomplete: Attachment has zero size. @ http://localhost:3002/:0
[  127173ms] [WARNING] [.WebGL-0x10400507c00] GL_INVALID_FRAMEBUFFER_OPERATION: glClear: Framebuffer is incomplete: Attachment has zero size. @ http://localhost:3002/:0
[  127173ms] [WARNING] [.WebGL-0x10400507c00] GL_INVALID_FRAMEBUFFER_OPERATION: glClear: Framebuffer is incomplete: Attachment has zero size. @ http://localhost:3002/:0
[  127173ms] [WARNING] [.WebGL-0x10400507c00] GL_INVALID_FRAMEBUFFER_OPERATION: glDrawElements: Framebuffer is incomplete: Attachment has zero size. @ http://localhost:3002/:0
[  127173ms] [WARNING] [.WebGL-0x10400507c00] GL_INVALID_FRAMEBUFFER_OPERATION: glDrawElements: Framebuffer is incomplete: Attachment has zero size. @ http://localhost:3002/:0
[  127212ms] [WARNING] [.WebGL-0x10400507c00] GL_INVALID_FRAMEBUFFER_OPERATION: glClear: Framebuffer is incomplete: Attachment has zero size. @ http://localhost:3002/:0
[  127212ms] [WARNING] [.WebGL-0x10400507c00] GL_INVALID_FRAMEBUFFER_OPERATION: glClear: Framebuffer is incomplete: Attachment has zero size. @ http://localhost:3002/:0
[  127212ms] [WARNING] [.WebGL-0x10400507c00] GL_INVALID_FRAMEBUFFER_OPERATION: glDrawElements: Framebuffer is incomplete: Attachment has zero size. @ http://localhost:3002/:0
[  127212ms] [WARNING] [.WebGL-0x10400507c00] GL_INVALID_FRAMEBUFFER_OPERATION: glDrawElements: Framebuffer is incomplete: Attachment has zero size. @ http://localhost:3002/:0
[  127236ms] [WARNING] [.WebGL-0x10400507c00] GL_INVALID_FRAMEBUFFER_OPERATION: glClear: Framebuffer is incomplete: Attachment has zero size. @ http://localhost:3002/:0
[  127237ms] [WARNING] [.WebGL-0x10400507c00] GL_INVALID_FRAMEBUFFER_OPERATION: glClear: Framebuffer is incomplete: Attachment has zero size. @ http://localhost:3002/:0
[  127237ms] [WARNING] [.WebGL-0x10400507c00] GL_INVALID_FRAMEBUFFER_OPERATION: glDrawElements: Framebuffer is incomplete: Attachment has zero size. @ http://localhost:3002/:0
[  127237ms] [WARNING] [.WebGL-0x10400507c00] GL_INVALID_FRAMEBUFFER_OPERATION: glDrawElements: Framebuffer is incomplete: Attachment has zero size. @ http://localhost:3002/:0
[  127266ms] [WARNING] [.WebGL-0x10400507c00] GL_INVALID_FRAMEBUFFER_OPERATION: glClear: Framebuffer is incomplete: Attachment has zero size. @ http://localhost:3002/:0
[  127266ms] [WARNING] [.WebGL-0x10400507c00] GL_INVALID_FRAMEBUFFER_OPERATION: glClear: Framebuffer is incomplete: Attachment has zero size. @ http://localhost:3002/:0
[  127266ms] [WARNING] [.WebGL-0x10400507c00] GL_INVALID_FRAMEBUFFER_OPERATION: glDrawElements: Framebuffer is incomplete: Attachment has zero size. @ http://localhost:3002/:0
[  127266ms] [WARNING] [.WebGL-0x10400507c00] GL_INVALID_FRAMEBUFFER_OPERATION: glDrawElements: Framebuffer is incomplete: Attachment has zero size. @ http://localhost:3002/:0
[  127289ms] [WARNING] [.WebGL-0x10400507c00] GL_INVALID_FRAMEBUFFER_OPERATION: glClear: Framebuffer is incomplete: Attachment has zero size. @ http://localhost:3002/:0
[  127289ms] [WARNING] [.WebGL-0x10400507c00] GL_INVALID_FRAMEBUFFER_OPERATION: glClear: Framebuffer is incomplete: Attachment has zero size. @ http://localhost:3002/:0
[  127289ms] [WARNING] [.WebGL-0x10400507c00] GL_INVALID_FRAMEBUFFER_OPERATION: glDrawElements: Framebuffer is incomplete: Attachment has zero size. @ http://localhost:3002/:0
[  127289ms] [WARNING] [.WebGL-0x10400507c00] GL_INVALID_FRAMEBUFFER_OPERATION: glDrawElements: Framebuffer is incomplete: Attachment has zero size. @ http://localhost:3002/:0
[  127322ms] [WARNING] [.WebGL-0x10400507c00] GL_INVALID_FRAMEBUFFER_OPERATION: glClear: Framebuffer is incomplete: Attachment has zero size. @ http://localhost:3002/:0
[  127322ms] [WARNING] [.WebGL-0x10400507c00] GL_INVALID_FRAMEBUFFER_OPERATION: glClear: Framebuffer is incomplete: Attachment has zero size. @ http://localhost:3002/:0
[  127322ms] [WARNING] [.WebGL-0x10400507c00] GL_INVALID_FRAMEBUFFER_OPERATION: glDrawElements: Framebuffer is incomplete: Attachment has zero size. @ http://localhost:3002/:0
[  127322ms] [WARNING] [.WebGL-0x10400507c00] GL_INVALID_FRAMEBUFFER_OPERATION: glDrawElements: Framebuffer is incomplete: Attachment has zero size. @ http://localhost:3002/:0
[  127345ms] [WARNING] [.WebGL-0x10400507c00] GL_INVALID_FRAMEBUFFER_OPERATION: glClear: Framebuffer is incomplete: Attachment has zero size. @ http://localhost:3002/:0
[  127345ms] [WARNING] [.WebGL-0x10400507c00] GL_INVALID_FRAMEBUFFER_OPERATION: glClear: Framebuffer is incomplete: Attachment has zero size. @ http://localhost:3002/:0
[  127345ms] [WARNING] [.WebGL-0x10400507c00] GL_INVALID_FRAMEBUFFER_OPERATION: glDrawElements: Framebuffer is incomplete: Attachment has zero size. @ http://localhost:3002/:0
[  127345ms] [WARNING] [.WebGL-0x10400507c00] GL_INVALID_FRAMEBUFFER_OPERATION: glDrawElements: Framebuffer is incomplete: Attachment has zero size. @ http://localhost:3002/:0
[  127345ms] [WARNING] WebGL: too many errors, no more errors will be reported to the console for this context. @ http://localhost:3002/:0
[  182846ms] [INFO] %cDownload the React DevTools for a better development experience: https://reactjs.org/link/react-devtools font-weight:bold @ http://localhost:3002/node_modules/.vite/deps/chunk-5FIUFYUJ.js?v=8c6aa4bf:21550
[  182972ms] [WARNING] ⚠️ React Router Future Flag Warning: React Router will begin wrapping state updates in `React.startTransition` in v7. You can use the `v7_startTransition` future flag to opt-in early. For more information, see https://reactrouter.com/v6/upgrading/future#v7_starttransition. @ http://localhost:3002/node_modules/.vite/deps/react-router-dom.js?v=8c6aa4bf:4435
[  182972ms] [WARNING] ⚠️ React Router Future Flag Warning: Relative route resolution within Splat routes is changing in v7. You can use the `v7_relativeSplatPath` future flag to opt-in early. For more information, see https://reactrouter.com/v6/upgrading/future#v7_relativesplatpath. @ http://localhost:3002/node_modules/.vite/deps/react-router-dom.js?v=8c6aa4bf:4435
[  182990ms] [WARNING] THREE.Color: Alpha component of rgba(59,130,246,0.3) will be ignored. @ http://localhost:3002/node_modules/.vite/deps/react-globe__gl.js?v=8c6aa4bf:614
[  182993ms] [WARNING] THREE.Color: Alpha component of rgba(59,130,246,0.3) will be ignored. @ http://localhost:3002/node_modules/.vite/deps/react-globe__gl.js?v=8c6aa4bf:614
[  188980ms] [WARNING] THREE.Color: Alpha component of rgba(59,130,246,0.3) will be ignored. @ http://localhost:3002/node_modules/.vite/deps/react-globe__gl.js?v=8c6aa4bf:614
[  188981ms] [WARNING] THREE.Color: Alpha component of rgba(59,130,246,0.3) will be ignored. @ http://localhost:3002/node_modules/.vite/deps/react-globe__gl.js?v=8c6aa4bf:614
[  220304ms] [INFO] %cDownload the React DevTools for a better development experience: https://reactjs.org/link/react-devtools font-weight:bold @ http://localhost:3002/node_modules/.vite/deps/chunk-5FIUFYUJ.js?v=8c6aa4bf:21550
[  220405ms] [WARNING] ⚠️ React Router Future Flag Warning: React Router will begin wrapping state updates in `React.startTransition` in v7. You can use the `v7_startTransition` future flag to opt-in early. For more information, see https://reactrouter.com/v6/upgrading/future#v7_starttransition. @ http://localhost:3002/node_modules/.vite/deps/react-router-dom.js?v=8c6aa4bf:4435
[  220405ms] [WARNING] ⚠️ React Router Future Flag Warning: Relative route resolution within Splat routes is changing in v7. You can use the `v7_relativeSplatPath` future flag to opt-in early. For more information, see https://reactrouter.com/v6/upgrading/future#v7_relativesplatpath. @ http://localhost:3002/node_modules/.vite/deps/react-router-dom.js?v=8c6aa4bf:4435
[  220419ms] [WARNING] THREE.Color: Alpha component of rgba(59,130,246,0.3) will be ignored. @ http://localhost:3002/node_modules/.vite/deps/react-globe__gl.js?v=8c6aa4bf:614
[  220422ms] [WARNING] THREE.Color: Alpha component of rgba(59,130,246,0.3) will be ignored. @ http://localhost:3002/node_modules/.vite/deps/react-globe__gl.js?v=8c6aa4bf:614
[  265314ms] [WARNING] THREE.Color: Alpha component of rgba(59,130,246,0.3) will be ignored. @ http://localhost:3002/node_modules/.vite/deps/react-globe__gl.js?v=8c6aa4bf:614
[  265315ms] [WARNING] THREE.Color: Alpha component of rgba(59,130,246,0.3) will be ignored. @ http://localhost:3002/node_modules/.vite/deps/react-globe__gl.js?v=8c6aa4bf:614
[  265330ms] [WARNING] [.WebGL-0x104004f2600] GL_INVALID_FRAMEBUFFER_OPERATION: glClear: Framebuffer is incomplete: Attachment has zero size. @ http://localhost:3002/:0
[  265330ms] [WARNING] [.WebGL-0x104004f2600] GL_INVALID_FRAMEBUFFER_OPERATION: glClear: Framebuffer is incomplete: Attachment has zero size. @ http://localhost:3002/:0
[  265330ms] [WARNING] [.WebGL-0x104004f2600] GL_INVALID_FRAMEBUFFER_OPERATION: glDrawElements: Framebuffer is incomplete: Attachment has zero size. @ http://localhost:3002/:0
[  265330ms] [WARNING] [.WebGL-0x104004f2600] GL_INVALID_FRAMEBUFFER_OPERATION: glDrawElements: Framebuffer is incomplete: Attachment has zero size. @ http://localhost:3002/:0
[  265533ms] [WARNING] [.WebGL-0x104004f2600] GL_INVALID_FRAMEBUFFER_OPERATION: glClear: Framebuffer is incomplete: Attachment has zero size. @ http://localhost:3002/:0
[  265533ms] [WARNING] [.WebGL-0x104004f2600] GL_INVALID_FRAMEBUFFER_OPERATION: glClear: Framebuffer is incomplete: Attachment has zero size. @ http://localhost:3002/:0
[  265533ms] [WARNING] [.WebGL-0x104004f2600] GL_INVALID_FRAMEBUFFER_OPERATION: glDrawElements: Framebuffer is incomplete: Attachment has zero size. @ http://localhost:3002/:0
[  265533ms] [WARNING] [.WebGL-0x104004f2600] GL_INVALID_FRAMEBUFFER_OPERATION: glDrawElements: Framebuffer is incomplete: Attachment has zero size. @ http://localhost:3002/:0
[  265677ms] [WARNING] [.WebGL-0x104004f2600] GL_INVALID_FRAMEBUFFER_OPERATION: glClear: Framebuffer is incomplete: Attachment has zero size. @ http://localhost:3002/:0
[  265677ms] [WARNING] [.WebGL-0x104004f2600] GL_INVALID_FRAMEBUFFER_OPERATION: glClear: Framebuffer is incomplete: Attachment has zero size. @ http://localhost:3002/:0
[  265677ms] [WARNING] [.WebGL-0x104004f2600] GL_INVALID_FRAMEBUFFER_OPERATION: glDrawElements: Framebuffer is incomplete: Attachment has zero size. @ http://localhost:3002/:0
[  265677ms] [WARNING] [.WebGL-0x104004f2600] GL_INVALID_FRAMEBUFFER_OPERATION: glDrawElements: Framebuffer is incomplete: Attachment has zero size. @ http://localhost:3002/:0
[  265692ms] [WARNING] [.WebGL-0x104004f2600] GL_INVALID_FRAMEBUFFER_OPERATION: glClear: Framebuffer is incomplete: Attachment has zero size. @ http://localhost:3002/:0
[  265692ms] [WARNING] [.WebGL-0x104004f2600] GL_INVALID_FRAMEBUFFER_OPERATION: glClear: Framebuffer is incomplete: Attachment has zero size. @ http://localhost:3002/:0
[  265692ms] [WARNING] [.WebGL-0x104004f2600] GL_INVALID_FRAMEBUFFER_OPERATION: glDrawElements: Framebuffer is incomplete: Attachment has zero size. @ http://localhost:3002/:0
[  265692ms] [WARNING] [.WebGL-0x104004f2600] GL_INVALID_FRAMEBUFFER_OPERATION: glDrawElements: Framebuffer is incomplete: Attachment has zero size. @ http://localhost:3002/:0
[  265706ms] [WARNING] [.WebGL-0x104004f2600] GL_INVALID_FRAMEBUFFER_OPERATION: glClear: Framebuffer is incomplete: Attachment has zero size. @ http://localhost:3002/:0
[  265706ms] [WARNING] [.WebGL-0x104004f2600] GL_INVALID_FRAMEBUFFER_OPERATION: glClear: Framebuffer is incomplete: Attachment has zero size. @ http://localhost:3002/:0
[  265706ms] [WARNING] [.WebGL-0x104004f2600] GL_INVALID_FRAMEBUFFER_OPERATION: glDrawElements: Framebuffer is incomplete: Attachment has zero size. @ http://localhost:3002/:0
[  265706ms] [WARNING] [.WebGL-0x104004f2600] GL_INVALID_FRAMEBUFFER_OPERATION: glDrawElements: Framebuffer is incomplete: Attachment has zero size. @ http://localhost:3002/:0
[  265731ms] [WARNING] [.WebGL-0x104004f2600] GL_INVALID_FRAMEBUFFER_OPERATION: glClear: Framebuffer is incomplete: Attachment has zero size. @ http://localhost:3002/:0
[  265731ms] [WARNING] [.WebGL-0x104004f2600] GL_INVALID_FRAMEBUFFER_OPERATION: glClear: Framebuffer is incomplete: Attachment has zero size. @ http://localhost:3002/:0
[  265731ms] [WARNING] [.WebGL-0x104004f2600] GL_INVALID_FRAMEBUFFER_OPERATION: glDrawElements: Framebuffer is incomplete: Attachment has zero size. @ http://localhost:3002/:0
[  265731ms] [WARNING] [.WebGL-0x104004f2600] GL_INVALID_FRAMEBUFFER_OPERATION: glDrawElements: Framebuffer is incomplete: Attachment has zero size. @ http://localhost:3002/:0
[  265758ms] [WARNING] [.WebGL-0x104004f2600] GL_INVALID_FRAMEBUFFER_OPERATION: glClear: Framebuffer is incomplete: Attachment has zero size. @ http://localhost:3002/:0
[  265758ms] [WARNING] [.WebGL-0x104004f2600] GL_INVALID_FRAMEBUFFER_OPERATION: glClear: Framebuffer is incomplete: Attachment has zero size. @ http://localhost:3002/:0
[  265758ms] [WARNING] [.WebGL-0x104004f2600] GL_INVALID_FRAMEBUFFER_OPERATION: glDrawElements: Framebuffer is incomplete: Attachment has zero size. @ http://localhost:3002/:0
[  265758ms] [WARNING] [.WebGL-0x104004f2600] GL_INVALID_FRAMEBUFFER_OPERATION: glDrawElements: Framebuffer is incomplete: Attachment has zero size. @ http://localhost:3002/:0
[  265771ms] [WARNING] [.WebGL-0x104004f2600] GL_INVALID_FRAMEBUFFER_OPERATION: glClear: Framebuffer is incomplete: Attachment has zero size. @ http://localhost:3002/:0
[  265771ms] [WARNING] [.WebGL-0x104004f2600] GL_INVALID_FRAMEBUFFER_OPERATION: glClear: Framebuffer is incomplete: Attachment has zero size. @ http://localhost:3002/:0
[  265771ms] [WARNING] [.WebGL-0x104004f2600] GL_INVALID_FRAMEBUFFER_OPERATION: glDrawElements: Framebuffer is incomplete: Attachment has zero size. @ http://localhost:3002/:0
[  265771ms] [WARNING] [.WebGL-0x104004f2600] GL_INVALID_FRAMEBUFFER_OPERATION: glDrawElements: Framebuffer is incomplete: Attachment has zero size. @ http://localhost:3002/:0
[  265812ms] [WARNING] [.WebGL-0x104004f2600] GL_INVALID_FRAMEBUFFER_OPERATION: glClear: Framebuffer is incomplete: Attachment has zero size. @ http://localhost:3002/:0
[  265812ms] [WARNING] [.WebGL-0x104004f2600] GL_INVALID_FRAMEBUFFER_OPERATION: glClear: Framebuffer is incomplete: Attachment has zero size. @ http://localhost:3002/:0
[  265812ms] [WARNING] [.WebGL-0x104004f2600] GL_INVALID_FRAMEBUFFER_OPERATION: glDrawElements: Framebuffer is incomplete: Attachment has zero size. @ http://localhost:3002/:0
[  265812ms] [WARNING] [.WebGL-0x104004f2600] GL_INVALID_FRAMEBUFFER_OPERATION: glDrawElements: Framebuffer is incomplete: Attachment has zero size. @ http://localhost:3002/:0
[  265838ms] [WARNING] [.WebGL-0x104004f2600] GL_INVALID_FRAMEBUFFER_OPERATION: glClear: Framebuffer is incomplete: Attachment has zero size. @ http://localhost:3002/:0
[  265838ms] [WARNING] [.WebGL-0x104004f2600] GL_INVALID_FRAMEBUFFER_OPERATION: glClear: Framebuffer is incomplete: Attachment has zero size. @ http://localhost:3002/:0
[  265838ms] [WARNING] [.WebGL-0x104004f2600] GL_INVALID_FRAMEBUFFER_OPERATION: glDrawElements: Framebuffer is incomplete: Attachment has zero size. @ http://localhost:3002/:0
[  265838ms] [WARNING] [.WebGL-0x104004f2600] GL_INVALID_FRAMEBUFFER_OPERATION: glDrawElements: Framebuffer is incomplete: Attachment has zero size. @ http://localhost:3002/:0
[  265863ms] [WARNING] [.WebGL-0x104004f2600] GL_INVALID_FRAMEBUFFER_OPERATION: glClear: Framebuffer is incomplete: Attachment has zero size. @ http://localhost:3002/:0
[  265863ms] [WARNING] [.WebGL-0x104004f2600] GL_INVALID_FRAMEBUFFER_OPERATION: glClear: Framebuffer is incomplete: Attachment has zero size. @ http://localhost:3002/:0
[  265863ms] [WARNING] [.WebGL-0x104004f2600] GL_INVALID_FRAMEBUFFER_OPERATION: glDrawElements: Framebuffer is incomplete: Attachment has zero size. @ http://localhost:3002/:0
[  265863ms] [WARNING] [.WebGL-0x104004f2600] GL_INVALID_FRAMEBUFFER_OPERATION: glDrawElements: Framebuffer is incomplete: Attachment has zero size. @ http://localhost:3002/:0
[  265888ms] [WARNING] [.WebGL-0x104004f2600] GL_INVALID_FRAMEBUFFER_OPERATION: glClear: Framebuffer is incomplete: Attachment has zero size. @ http://localhost:3002/:0
[  265888ms] [WARNING] [.WebGL-0x104004f2600] GL_INVALID_FRAMEBUFFER_OPERATION: glClear: Framebuffer is incomplete: Attachment has zero size. @ http://localhost:3002/:0
[  265888ms] [WARNING] [.WebGL-0x104004f2600] GL_INVALID_FRAMEBUFFER_OPERATION: glDrawElements: Framebuffer is incomplete: Attachment has zero size. @ http://localhost:3002/:0
[  265888ms] [WARNING] [.WebGL-0x104004f2600] GL_INVALID_FRAMEBUFFER_OPERATION: glDrawElements: Framebuffer is incomplete: Attachment has zero size. @ http://localhost:3002/:0
[  265900ms] [WARNING] [.WebGL-0x104004f2600] GL_INVALID_FRAMEBUFFER_OPERATION: glClear: Framebuffer is incomplete: Attachment has zero size. @ http://localhost:3002/:0
[  265900ms] [WARNING] [.WebGL-0x104004f2600] GL_INVALID_FRAMEBUFFER_OPERATION: glClear: Framebuffer is incomplete: Attachment has zero size. @ http://localhost:3002/:0
[  265900ms] [WARNING] [.WebGL-0x104004f2600] GL_INVALID_FRAMEBUFFER_OPERATION: glDrawElements: Framebuffer is incomplete: Attachment has zero size. @ http://localhost:3002/:0
[  265900ms] [WARNING] [.WebGL-0x104004f2600] GL_INVALID_FRAMEBUFFER_OPERATION: glDrawElements: Framebuffer is incomplete: Attachment has zero size. @ http://localhost:3002/:0
[  265937ms] [WARNING] [.WebGL-0x104004f2600] GL_INVALID_FRAMEBUFFER_OPERATION: glClear: Framebuffer is incomplete: Attachment has zero size. @ http://localhost:3002/:0
[  265937ms] [WARNING] [.WebGL-0x104004f2600] GL_INVALID_FRAMEBUFFER_OPERATION: glClear: Framebuffer is incomplete: Attachment has zero size. @ http://localhost:3002/:0
[  265937ms] [WARNING] [.WebGL-0x104004f2600] GL_INVALID_FRAMEBUFFER_OPERATION: glDrawElements: Framebuffer is incomplete: Attachment has zero size. @ http://localhost:3002/:0
[  265937ms] [WARNING] [.WebGL-0x104004f2600] GL_INVALID_FRAMEBUFFER_OPERATION: glDrawElements: Framebuffer is incomplete: Attachment has zero size. @ http://localhost:3002/:0
[  265949ms] [WARNING] [.WebGL-0x104004f2600] GL_INVALID_FRAMEBUFFER_OPERATION: glClear: Framebuffer is incomplete: Attachment has zero size. @ http://localhost:3002/:0
[  265949ms] [WARNING] [.WebGL-0x104004f2600] GL_INVALID_FRAMEBUFFER_OPERATION: glClear: Framebuffer is incomplete: Attachment has zero size. @ http://localhost:3002/:0
[  265949ms] [WARNING] [.WebGL-0x104004f2600] GL_INVALID_FRAMEBUFFER_OPERATION: glDrawElements: Framebuffer is incomplete: Attachment has zero size. @ http://localhost:3002/:0
[  265949ms] [WARNING] [.WebGL-0x104004f2600] GL_INVALID_FRAMEBUFFER_OPERATION: glDrawElements: Framebuffer is incomplete: Attachment has zero size. @ http://localhost:3002/:0
[  265984ms] [WARNING] [.WebGL-0x104004f2600] GL_INVALID_FRAMEBUFFER_OPERATION: glClear: Framebuffer is incomplete: Attachment has zero size. @ http://localhost:3002/:0
[  265984ms] [WARNING] [.WebGL-0x104004f2600] GL_INVALID_FRAMEBUFFER_OPERATION: glClear: Framebuffer is incomplete: Attachment has zero size. @ http://localhost:3002/:0
[  265984ms] [WARNING] [.WebGL-0x104004f2600] GL_INVALID_FRAMEBUFFER_OPERATION: glDrawElements: Framebuffer is incomplete: Attachment has zero size. @ http://localhost:3002/:0
[  265984ms] [WARNING] [.WebGL-0x104004f2600] GL_INVALID_FRAMEBUFFER_OPERATION: glDrawElements: Framebuffer is incomplete: Attachment has zero size. @ http://localhost:3002/:0
[  265993ms] [WARNING] [.WebGL-0x104004f2600] GL_INVALID_FRAMEBUFFER_OPERATION: glClear: Framebuffer is incomplete: Attachment has zero size. @ http://localhost:3002/:0
[  265993ms] [WARNING] [.WebGL-0x104004f2600] GL_INVALID_FRAMEBUFFER_OPERATION: glClear: Framebuffer is incomplete: Attachment has zero size. @ http://localhost:3002/:0
[  265993ms] [WARNING] [.WebGL-0x104004f2600] GL_INVALID_FRAMEBUFFER_OPERATION: glDrawElements: Framebuffer is incomplete: Attachment has zero size. @ http://localhost:3002/:0
[  265993ms] [WARNING] [.WebGL-0x104004f2600] GL_INVALID_FRAMEBUFFER_OPERATION: glDrawElements: Framebuffer is incomplete: Attachment has zero size. @ http://localhost:3002/:0
[  266023ms] [WARNING] [.WebGL-0x104004f2600] GL_INVALID_FRAMEBUFFER_OPERATION: glClear: Framebuffer is incomplete: Attachment has zero size. @ http://localhost:3002/:0
[  266023ms] [WARNING] [.WebGL-0x104004f2600] GL_INVALID_FRAMEBUFFER_OPERATION: glClear: Framebuffer is incomplete: Attachment has zero size. @ http://localhost:3002/:0
[  266023ms] [WARNING] [.WebGL-0x104004f2600] GL_INVALID_FRAMEBUFFER_OPERATION: glDrawElements: Framebuffer is incomplete: Attachment has zero size. @ http://localhost:3002/:0
[  266023ms] [WARNING] [.WebGL-0x104004f2600] GL_INVALID_FRAMEBUFFER_OPERATION: glDrawElements: Framebuffer is incomplete: Attachment has zero size. @ http://localhost:3002/:0
[  266053ms] [WARNING] [.WebGL-0x104004f2600] GL_INVALID_FRAMEBUFFER_OPERATION: glClear: Framebuffer is incomplete: Attachment has zero size. @ http://localhost:3002/:0
[  266053ms] [WARNING] [.WebGL-0x104004f2600] GL_INVALID_FRAMEBUFFER_OPERATION: glClear: Framebuffer is incomplete: Attachment has zero size. @ http://localhost:3002/:0
[  266053ms] [WARNING] [.WebGL-0x104004f2600] GL_INVALID_FRAMEBUFFER_OPERATION: glDrawElements: Framebuffer is incomplete: Attachment has zero size. @ http://localhost:3002/:0
[  266053ms] [WARNING] [.WebGL-0x104004f2600] GL_INVALID_FRAMEBUFFER_OPERATION: glDrawElements: Framebuffer is incomplete: Attachment has zero size. @ http://localhost:3002/:0
[  266083ms] [WARNING] [.WebGL-0x104004f2600] GL_INVALID_FRAMEBUFFER_OPERATION: glClear: Framebuffer is incomplete: Attachment has zero size. @ http://localhost:3002/:0
[  266083ms] [WARNING] [.WebGL-0x104004f2600] GL_INVALID_FRAMEBUFFER_OPERATION: glClear: Framebuffer is incomplete: Attachment has zero size. @ http://localhost:3002/:0
[  266083ms] [WARNING] [.WebGL-0x104004f2600] GL_INVALID_FRAMEBUFFER_OPERATION: glDrawElements: Framebuffer is incomplete: Attachment has zero size. @ http://localhost:3002/:0
[  266083ms] [WARNING] [.WebGL-0x104004f2600] GL_INVALID_FRAMEBUFFER_OPERATION: glDrawElements: Framebuffer is incomplete: Attachment has zero size. @ http://localhost:3002/:0
[  266094ms] [WARNING] [.WebGL-0x104004f2600] GL_INVALID_FRAMEBUFFER_OPERATION: glClear: Framebuffer is incomplete: Attachment has zero size. @ http://localhost:3002/:0
[  266094ms] [WARNING] [.WebGL-0x104004f2600] GL_INVALID_FRAMEBUFFER_OPERATION: glClear: Framebuffer is incomplete: Attachment has zero size. @ http://localhost:3002/:0
[  266094ms] [WARNING] [.WebGL-0x104004f2600] GL_INVALID_FRAMEBUFFER_OPERATION: glDrawElements: Framebuffer is incomplete: Attachment has zero size. @ http://localhost:3002/:0
[  266094ms] [WARNING] [.WebGL-0x104004f2600] GL_INVALID_FRAMEBUFFER_OPERATION: glDrawElements: Framebuffer is incomplete: Attachment has zero size. @ http://localhost:3002/:0
[  266124ms] [WARNING] [.WebGL-0x104004f2600] GL_INVALID_FRAMEBUFFER_OPERATION: glClear: Framebuffer is incomplete: Attachment has zero size. @ http://localhost:3002/:0
[  266124ms] [WARNING] [.WebGL-0x104004f2600] GL_INVALID_FRAMEBUFFER_OPERATION: glClear: Framebuffer is incomplete: Attachment has zero size. @ http://localhost:3002/:0
[  266124ms] [WARNING] [.WebGL-0x104004f2600] GL_INVALID_FRAMEBUFFER_OPERATION: glDrawElements: Framebuffer is incomplete: Attachment has zero size. @ http://localhost:3002/:0
[  266124ms] [WARNING] [.WebGL-0x104004f2600] GL_INVALID_FRAMEBUFFER_OPERATION: glDrawElements: Framebuffer is incomplete: Attachment has zero size. @ http://localhost:3002/:0
[  266153ms] [WARNING] [.WebGL-0x104004f2600] GL_INVALID_FRAMEBUFFER_OPERATION: glClear: Framebuffer is incomplete: Attachment has zero size. @ http://localhost:3002/:0
[  266153ms] [WARNING] [.WebGL-0x104004f2600] GL_INVALID_FRAMEBUFFER_OPERATION: glClear: Framebuffer is incomplete: Attachment has zero size. @ http://localhost:3002/:0
[  266153ms] [WARNING] [.WebGL-0x104004f2600] GL_INVALID_FRAMEBUFFER_OPERATION: glDrawElements: Framebuffer is incomplete: Attachment has zero size. @ http://localhost:3002/:0
[  266153ms] [WARNING] [.WebGL-0x104004f2600] GL_INVALID_FRAMEBUFFER_OPERATION: glDrawElements: Framebuffer is incomplete: Attachment has zero size. @ http://localhost:3002/:0
[  266183ms] [WARNING] [.WebGL-0x104004f2600] GL_INVALID_FRAMEBUFFER_OPERATION: glClear: Framebuffer is incomplete: Attachment has zero size. @ http://localhost:3002/:0
[  266183ms] [WARNING] [.WebGL-0x104004f2600] GL_INVALID_FRAMEBUFFER_OPERATION: glClear: Framebuffer is incomplete: Attachment has zero size. @ http://localhost:3002/:0
[  266183ms] [WARNING] [.WebGL-0x104004f2600] GL_INVALID_FRAMEBUFFER_OPERATION: glDrawElements: Framebuffer is incomplete: Attachment has zero size. @ http://localhost:3002/:0
[  266183ms] [WARNING] [.WebGL-0x104004f2600] GL_INVALID_FRAMEBUFFER_OPERATION: glDrawElements: Framebuffer is incomplete: Attachment has zero size. @ http://localhost:3002/:0
[  266202ms] [WARNING] [.WebGL-0x104004f2600] GL_INVALID_FRAMEBUFFER_OPERATION: glClear: Framebuffer is incomplete: Attachment has zero size. @ http://localhost:3002/:0
[  266202ms] [WARNING] [.WebGL-0x104004f2600] GL_INVALID_FRAMEBUFFER_OPERATION: glClear: Framebuffer is incomplete: Attachment has zero size. @ http://localhost:3002/:0
[  266202ms] [WARNING] [.WebGL-0x104004f2600] GL_INVALID_FRAMEBUFFER_OPERATION: glDrawElements: Framebuffer is incomplete: Attachment has zero size. @ http://localhost:3002/:0
[  266202ms] [WARNING] [.WebGL-0x104004f2600] GL_INVALID_FRAMEBUFFER_OPERATION: glDrawElements: Framebuffer is incomplete: Attachment has zero size. @ http://localhost:3002/:0
[  266231ms] [WARNING] [.WebGL-0x104004f2600] GL_INVALID_FRAMEBUFFER_OPERATION: glClear: Framebuffer is incomplete: Attachment has zero size. @ http://localhost:3002/:0
[  266231ms] [WARNING] [.WebGL-0x104004f2600] GL_INVALID_FRAMEBUFFER_OPERATION: glClear: Framebuffer is incomplete: Attachment has zero size. @ http://localhost:3002/:0
[  266231ms] [WARNING] [.WebGL-0x104004f2600] GL_INVALID_FRAMEBUFFER_OPERATION: glDrawElements: Framebuffer is incomplete: Attachment has zero size. @ http://localhost:3002/:0
[  266231ms] [WARNING] [.WebGL-0x104004f2600] GL_INVALID_FRAMEBUFFER_OPERATION: glDrawElements: Framebuffer is incomplete: Attachment has zero size. @ http://localhost:3002/:0
[  266241ms] [WARNING] [.WebGL-0x104004f2600] GL_INVALID_FRAMEBUFFER_OPERATION: glClear: Framebuffer is incomplete: Attachment has zero size. @ http://localhost:3002/:0
[  266241ms] [WARNING] [.WebGL-0x104004f2600] GL_INVALID_FRAMEBUFFER_OPERATION: glClear: Framebuffer is incomplete: Attachment has zero size. @ http://localhost:3002/:0
[  266241ms] [WARNING] [.WebGL-0x104004f2600] GL_INVALID_FRAMEBUFFER_OPERATION: glDrawElements: Framebuffer is incomplete: Attachment has zero size. @ http://localhost:3002/:0
[  266241ms] [WARNING] [.WebGL-0x104004f2600] GL_INVALID_FRAMEBUFFER_OPERATION: glDrawElements: Framebuffer is incomplete: Attachment has zero size. @ http://localhost:3002/:0
[  266273ms] [WARNING] [.WebGL-0x104004f2600] GL_INVALID_FRAMEBUFFER_OPERATION: glClear: Framebuffer is incomplete: Attachment has zero size. @ http://localhost:3002/:0
[  266273ms] [WARNING] [.WebGL-0x104004f2600] GL_INVALID_FRAMEBUFFER_OPERATION: glClear: Framebuffer is incomplete: Attachment has zero size. @ http://localhost:3002/:0
[  266273ms] [WARNING] [.WebGL-0x104004f2600] GL_INVALID_FRAMEBUFFER_OPERATION: glDrawElements: Framebuffer is incomplete: Attachment has zero size. @ http://localhost:3002/:0
[  266273ms] [WARNING] [.WebGL-0x104004f2600] GL_INVALID_FRAMEBUFFER_OPERATION: glDrawElements: Framebuffer is incomplete: Attachment has zero size. @ http://localhost:3002/:0
[  266302ms] [WARNING] [.WebGL-0x104004f2600] GL_INVALID_FRAMEBUFFER_OPERATION: glClear: Framebuffer is incomplete: Attachment has zero size. @ http://localhost:3002/:0
[  266302ms] [WARNING] [.WebGL-0x104004f2600] GL_INVALID_FRAMEBUFFER_OPERATION: glClear: Framebuffer is incomplete: Attachment has zero size. @ http://localhost:3002/:0
[  266303ms] [WARNING] [.WebGL-0x104004f2600] GL_INVALID_FRAMEBUFFER_OPERATION: glDrawElements: Framebuffer is incomplete: Attachment has zero size. @ http://localhost:3002/:0
[  266303ms] [WARNING] [.WebGL-0x104004f2600] GL_INVALID_FRAMEBUFFER_OPERATION: glDrawElements: Framebuffer is incomplete: Attachment has zero size. @ http://localhost:3002/:0
[  266333ms] [WARNING] [.WebGL-0x104004f2600] GL_INVALID_FRAMEBUFFER_OPERATION: glClear: Framebuffer is incomplete: Attachment has zero size. @ http://localhost:3002/:0
[  266333ms] [WARNING] [.WebGL-0x104004f2600] GL_INVALID_FRAMEBUFFER_OPERATION: glClear: Framebuffer is incomplete: Attachment has zero size. @ http://localhost:3002/:0
[  266333ms] [WARNING] [.WebGL-0x104004f2600] GL_INVALID_FRAMEBUFFER_OPERATION: glDrawElements: Framebuffer is incomplete: Attachment has zero size. @ http://localhost:3002/:0
[  266333ms] [WARNING] [.WebGL-0x104004f2600] GL_INVALID_FRAMEBUFFER_OPERATION: glDrawElements: Framebuffer is incomplete: Attachment has zero size. @ http://localhost:3002/:0
[  266352ms] [WARNING] [.WebGL-0x104004f2600] GL_INVALID_FRAMEBUFFER_OPERATION: glClear: Framebuffer is incomplete: Attachment has zero size. @ http://localhost:3002/:0
[  266352ms] [WARNING] [.WebGL-0x104004f2600] GL_INVALID_FRAMEBUFFER_OPERATION: glClear: Framebuffer is incomplete: Attachment has zero size. @ http://localhost:3002/:0
[  266352ms] [WARNING] [.WebGL-0x104004f2600] GL_INVALID_FRAMEBUFFER_OPERATION: glDrawElements: Framebuffer is incomplete: Attachment has zero size. @ http://localhost:3002/:0
[  266352ms] [WARNING] [.WebGL-0x104004f2600] GL_INVALID_FRAMEBUFFER_OPERATION: glDrawElements: Framebuffer is incomplete: Attachment has zero size. @ http://localhost:3002/:0
[  266381ms] [WARNING] [.WebGL-0x104004f2600] GL_INVALID_FRAMEBUFFER_OPERATION: glClear: Framebuffer is incomplete: Attachment has zero size. @ http://localhost:3002/:0
[  266381ms] [WARNING] [.WebGL-0x104004f2600] GL_INVALID_FRAMEBUFFER_OPERATION: glClear: Framebuffer is incomplete: Attachment has zero size. @ http://localhost:3002/:0
[  266381ms] [WARNING] [.WebGL-0x104004f2600] GL_INVALID_FRAMEBUFFER_OPERATION: glDrawElements: Framebuffer is incomplete: Attachment has zero size. @ http://localhost:3002/:0
[  266381ms] [WARNING] [.WebGL-0x104004f2600] GL_INVALID_FRAMEBUFFER_OPERATION: glDrawElements: Framebuffer is incomplete: Attachment has zero size. @ http://localhost:3002/:0
[  266391ms] [WARNING] [.WebGL-0x104004f2600] GL_INVALID_FRAMEBUFFER_OPERATION: glClear: Framebuffer is incomplete: Attachment has zero size. @ http://localhost:3002/:0
[  266391ms] [WARNING] [.WebGL-0x104004f2600] GL_INVALID_FRAMEBUFFER_OPERATION: glClear: Framebuffer is incomplete: Attachment has zero size. @ http://localhost:3002/:0
[  266391ms] [WARNING] [.WebGL-0x104004f2600] GL_INVALID_FRAMEBUFFER_OPERATION: glDrawElements: Framebuffer is incomplete: Attachment has zero size. @ http://localhost:3002/:0
[  266391ms] [WARNING] [.WebGL-0x104004f2600] GL_INVALID_FRAMEBUFFER_OPERATION: glDrawElements: Framebuffer is incomplete: Attachment has zero size. @ http://localhost:3002/:0
[  266430ms] [WARNING] [.WebGL-0x104004f2600] GL_INVALID_FRAMEBUFFER_OPERATION: glClear: Framebuffer is incomplete: Attachment has zero size. @ http://localhost:3002/:0
[  266430ms] [WARNING] [.WebGL-0x104004f2600] GL_INVALID_FRAMEBUFFER_OPERATION: glClear: Framebuffer is incomplete: Attachment has zero size. @ http://localhost:3002/:0
[  266430ms] [WARNING] [.WebGL-0x104004f2600] GL_INVALID_FRAMEBUFFER_OPERATION: glDrawElements: Framebuffer is incomplete: Attachment has zero size. @ http://localhost:3002/:0
[  266430ms] [WARNING] [.WebGL-0x104004f2600] GL_INVALID_FRAMEBUFFER_OPERATION: glDrawElements: Framebuffer is incomplete: Attachment has zero size. @ http://localhost:3002/:0
[  266439ms] [WARNING] [.WebGL-0x104004f2600] GL_INVALID_FRAMEBUFFER_OPERATION: glClear: Framebuffer is incomplete: Attachment has zero size. @ http://localhost:3002/:0
[  266439ms] [WARNING] [.WebGL-0x104004f2600] GL_INVALID_FRAMEBUFFER_OPERATION: glClear: Framebuffer is incomplete: Attachment has zero size. @ http://localhost:3002/:0
[  266439ms] [WARNING] [.WebGL-0x104004f2600] GL_INVALID_FRAMEBUFFER_OPERATION: glDrawElements: Framebuffer is incomplete: Attachment has zero size. @ http://localhost:3002/:0
[  266439ms] [WARNING] [.WebGL-0x104004f2600] GL_INVALID_FRAMEBUFFER_OPERATION: glDrawElements: Framebuffer is incomplete: Attachment has zero size. @ http://localhost:3002/:0
[  266470ms] [WARNING] [.WebGL-0x104004f2600] GL_INVALID_FRAMEBUFFER_OPERATION: glClear: Framebuffer is incomplete: Attachment has zero size. @ http://localhost:3002/:0
[  266471ms] [WARNING] [.WebGL-0x104004f2600] GL_INVALID_FRAMEBUFFER_OPERATION: glClear: Framebuffer is incomplete: Attachment has zero size. @ http://localhost:3002/:0
[  266471ms] [WARNING] [.WebGL-0x104004f2600] GL_INVALID_FRAMEBUFFER_OPERATION: glDrawElements: Framebuffer is incomplete: Attachment has zero size. @ http://localhost:3002/:0
[  266471ms] [WARNING] [.WebGL-0x104004f2600] GL_INVALID_FRAMEBUFFER_OPERATION: glDrawElements: Framebuffer is incomplete: Attachment has zero size. @ http://localhost:3002/:0
[  266489ms] [WARNING] [.WebGL-0x104004f2600] GL_INVALID_FRAMEBUFFER_OPERATION: glClear: Framebuffer is incomplete: Attachment has zero size. @ http://localhost:3002/:0
[  266489ms] [WARNING] [.WebGL-0x104004f2600] GL_INVALID_FRAMEBUFFER_OPERATION: glClear: Framebuffer is incomplete: Attachment has zero size. @ http://localhost:3002/:0
[  266489ms] [WARNING] [.WebGL-0x104004f2600] GL_INVALID_FRAMEBUFFER_OPERATION: glDrawElements: Framebuffer is incomplete: Attachment has zero size. @ http://localhost:3002/:0
[  266489ms] [WARNING] [.WebGL-0x104004f2600] GL_INVALID_FRAMEBUFFER_OPERATION: glDrawElements: Framebuffer is incomplete: Attachment has zero size. @ http://localhost:3002/:0
[  266520ms] [WARNING] [.WebGL-0x104004f2600] GL_INVALID_FRAMEBUFFER_OPERATION: glClear: Framebuffer is incomplete: Attachment has zero size. @ http://localhost:3002/:0
[  266520ms] [WARNING] [.WebGL-0x104004f2600] GL_INVALID_FRAMEBUFFER_OPERATION: glClear: Framebuffer is incomplete: Attachment has zero size. @ http://localhost:3002/:0
[  266520ms] [WARNING] [.WebGL-0x104004f2600] GL_INVALID_FRAMEBUFFER_OPERATION: glDrawElements: Framebuffer is incomplete: Attachment has zero size. @ http://localhost:3002/:0
[  266520ms] [WARNING] [.WebGL-0x104004f2600] GL_INVALID_FRAMEBUFFER_OPERATION: glDrawElements: Framebuffer is incomplete: Attachment has zero size. @ http://localhost:3002/:0
[  266551ms] [WARNING] [.WebGL-0x104004f2600] GL_INVALID_FRAMEBUFFER_OPERATION: glClear: Framebuffer is incomplete: Attachment has zero size. @ http://localhost:3002/:0
[  266551ms] [WARNING] [.WebGL-0x104004f2600] GL_INVALID_FRAMEBUFFER_OPERATION: glClear: Framebuffer is incomplete: Attachment has zero size. @ http://localhost:3002/:0
[  266551ms] [WARNING] [.WebGL-0x104004f2600] GL_INVALID_FRAMEBUFFER_OPERATION: glDrawElements: Framebuffer is incomplete: Attachment has zero size. @ http://localhost:3002/:0
[  266551ms] [WARNING] [.WebGL-0x104004f2600] GL_INVALID_FRAMEBUFFER_OPERATION: glDrawElements: Framebuffer is incomplete: Attachment has zero size. @ http://localhost:3002/:0
[  266572ms] [WARNING] [.WebGL-0x104004f2600] GL_INVALID_FRAMEBUFFER_OPERATION: glClear: Framebuffer is incomplete: Attachment has zero size. @ http://localhost:3002/:0
[  266572ms] [WARNING] [.WebGL-0x104004f2600] GL_INVALID_FRAMEBUFFER_OPERATION: glClear: Framebuffer is incomplete: Attachment has zero size. @ http://localhost:3002/:0
[  266572ms] [WARNING] [.WebGL-0x104004f2600] GL_INVALID_FRAMEBUFFER_OPERATION: glDrawElements: Framebuffer is incomplete: Attachment has zero size. @ http://localhost:3002/:0
[  266572ms] [WARNING] [.WebGL-0x104004f2600] GL_INVALID_FRAMEBUFFER_OPERATION: glDrawElements: Framebuffer is incomplete: Attachment has zero size. @ http://localhost:3002/:0
[  266599ms] [WARNING] [.WebGL-0x104004f2600] GL_INVALID_FRAMEBUFFER_OPERATION: glClear: Framebuffer is incomplete: Attachment has zero size. @ http://localhost:3002/:0
[  266599ms] [WARNING] [.WebGL-0x104004f2600] GL_INVALID_FRAMEBUFFER_OPERATION: glClear: Framebuffer is incomplete: Attachment has zero size. @ http://localhost:3002/:0
[  266599ms] [WARNING] [.WebGL-0x104004f2600] GL_INVALID_FRAMEBUFFER_OPERATION: glDrawElements: Framebuffer is incomplete: Attachment has zero size. @ http://localhost:3002/:0
[  266599ms] [WARNING] [.WebGL-0x104004f2600] GL_INVALID_FRAMEBUFFER_OPERATION: glDrawElements: Framebuffer is incomplete: Attachment has zero size. @ http://localhost:3002/:0
[  266619ms] [WARNING] [.WebGL-0x104004f2600] GL_INVALID_FRAMEBUFFER_OPERATION: glClear: Framebuffer is incomplete: Attachment has zero size. @ http://localhost:3002/:0
[  266619ms] [WARNING] [.WebGL-0x104004f2600] GL_INVALID_FRAMEBUFFER_OPERATION: glClear: Framebuffer is incomplete: Attachment has zero size. @ http://localhost:3002/:0
[  266619ms] [WARNING] [.WebGL-0x104004f2600] GL_INVALID_FRAMEBUFFER_OPERATION: glDrawElements: Framebuffer is incomplete: Attachment has zero size. @ http://localhost:3002/:0
[  266619ms] [WARNING] [.WebGL-0x104004f2600] GL_INVALID_FRAMEBUFFER_OPERATION: glDrawElements: Framebuffer is incomplete: Attachment has zero size. @ http://localhost:3002/:0
[  266647ms] [WARNING] [.WebGL-0x104004f2600] GL_INVALID_FRAMEBUFFER_OPERATION: glClear: Framebuffer is incomplete: Attachment has zero size. @ http://localhost:3002/:0
[  266647ms] [WARNING] [.WebGL-0x104004f2600] GL_INVALID_FRAMEBUFFER_OPERATION: glClear: Framebuffer is incomplete: Attachment has zero size. @ http://localhost:3002/:0
[  266647ms] [WARNING] [.WebGL-0x104004f2600] GL_INVALID_FRAMEBUFFER_OPERATION: glDrawElements: Framebuffer is incomplete: Attachment has zero size. @ http://localhost:3002/:0
[  266647ms] [WARNING] [.WebGL-0x104004f2600] GL_INVALID_FRAMEBUFFER_OPERATION: glDrawElements: Framebuffer is incomplete: Attachment has zero size. @ http://localhost:3002/:0
[  266665ms] [WARNING] [.WebGL-0x104004f2600] GL_INVALID_FRAMEBUFFER_OPERATION: glClear: Framebuffer is incomplete: Attachment has zero size. @ http://localhost:3002/:0
[  266665ms] [WARNING] [.WebGL-0x104004f2600] GL_INVALID_FRAMEBUFFER_OPERATION: glClear: Framebuffer is incomplete: Attachment has zero size. @ http://localhost:3002/:0
[  266665ms] [WARNING] [.WebGL-0x104004f2600] GL_INVALID_FRAMEBUFFER_OPERATION: glDrawElements: Framebuffer is incomplete: Attachment has zero size. @ http://localhost:3002/:0
[  266665ms] [WARNING] [.WebGL-0x104004f2600] GL_INVALID_FRAMEBUFFER_OPERATION: glDrawElements: Framebuffer is incomplete: Attachment has zero size. @ http://localhost:3002/:0
[  266693ms] [WARNING] [.WebGL-0x104004f2600] GL_INVALID_FRAMEBUFFER_OPERATION: glClear: Framebuffer is incomplete: Attachment has zero size. @ http://localhost:3002/:0
[  266693ms] [WARNING] [.WebGL-0x104004f2600] GL_INVALID_FRAMEBUFFER_OPERATION: glClear: Framebuffer is incomplete: Attachment has zero size. @ http://localhost:3002/:0
[  266693ms] [WARNING] [.WebGL-0x104004f2600] GL_INVALID_FRAMEBUFFER_OPERATION: glDrawElements: Framebuffer is incomplete: Attachment has zero size. @ http://localhost:3002/:0
[  266693ms] [WARNING] [.WebGL-0x104004f2600] GL_INVALID_FRAMEBUFFER_OPERATION: glDrawElements: Framebuffer is incomplete: Attachment has zero size. @ http://localhost:3002/:0
[  266720ms] [WARNING] [.WebGL-0x104004f2600] GL_INVALID_FRAMEBUFFER_OPERATION: glClear: Framebuffer is incomplete: Attachment has zero size. @ http://localhost:3002/:0
[  266720ms] [WARNING] [.WebGL-0x104004f2600] GL_INVALID_FRAMEBUFFER_OPERATION: glClear: Framebuffer is incomplete: Attachment has zero size. @ http://localhost:3002/:0
[  266720ms] [WARNING] [.WebGL-0x104004f2600] GL_INVALID_FRAMEBUFFER_OPERATION: glDrawElements: Framebuffer is incomplete: Attachment has zero size. @ http://localhost:3002/:0
[  266720ms] [WARNING] [.WebGL-0x104004f2600] GL_INVALID_FRAMEBUFFER_OPERATION: glDrawElements: Framebuffer is incomplete: Attachment has zero size. @ http://localhost:3002/:0
[  266750ms] [WARNING] [.WebGL-0x104004f2600] GL_INVALID_FRAMEBUFFER_OPERATION: glClear: Framebuffer is incomplete: Attachment has zero size. @ http://localhost:3002/:0
[  266750ms] [WARNING] [.WebGL-0x104004f2600] GL_INVALID_FRAMEBUFFER_OPERATION: glClear: Framebuffer is incomplete: Attachment has zero size. @ http://localhost:3002/:0
[  266750ms] [WARNING] [.WebGL-0x104004f2600] GL_INVALID_FRAMEBUFFER_OPERATION: glDrawElements: Framebuffer is incomplete: Attachment has zero size. @ http://localhost:3002/:0
[  266750ms] [WARNING] [.WebGL-0x104004f2600] GL_INVALID_FRAMEBUFFER_OPERATION: glDrawElements: Framebuffer is incomplete: Attachment has zero size. @ http://localhost:3002/:0
[  266768ms] [WARNING] [.WebGL-0x104004f2600] GL_INVALID_FRAMEBUFFER_OPERATION: glClear: Framebuffer is incomplete: Attachment has zero size. @ http://localhost:3002/:0
[  266768ms] [WARNING] [.WebGL-0x104004f2600] GL_INVALID_FRAMEBUFFER_OPERATION: glClear: Framebuffer is incomplete: Attachment has zero size. @ http://localhost:3002/:0
[  266768ms] [WARNING] [.WebGL-0x104004f2600] GL_INVALID_FRAMEBUFFER_OPERATION: glDrawElements: Framebuffer is incomplete: Attachment has zero size. @ http://localhost:3002/:0
[  266768ms] [WARNING] [.WebGL-0x104004f2600] GL_INVALID_FRAMEBUFFER_OPERATION: glDrawElements: Framebuffer is incomplete: Attachment has zero size. @ http://localhost:3002/:0
[  266798ms] [WARNING] [.WebGL-0x104004f2600] GL_INVALID_FRAMEBUFFER_OPERATION: glClear: Framebuffer is incomplete: Attachment has zero size. @ http://localhost:3002/:0
[  266798ms] [WARNING] [.WebGL-0x104004f2600] GL_INVALID_FRAMEBUFFER_OPERATION: glClear: Framebuffer is incomplete: Attachment has zero size. @ http://localhost:3002/:0
[  266798ms] [WARNING] [.WebGL-0x104004f2600] GL_INVALID_FRAMEBUFFER_OPERATION: glDrawElements: Framebuffer is incomplete: Attachment has zero size. @ http://localhost:3002/:0
[  266798ms] [WARNING] [.WebGL-0x104004f2600] GL_INVALID_FRAMEBUFFER_OPERATION: glDrawElements: Framebuffer is incomplete: Attachment has zero size. @ http://localhost:3002/:0
[  266833ms] [WARNING] [.WebGL-0x104004f2600] GL_INVALID_FRAMEBUFFER_OPERATION: glClear: Framebuffer is incomplete: Attachment has zero size. @ http://localhost:3002/:0
[  266833ms] [WARNING] [.WebGL-0x104004f2600] GL_INVALID_FRAMEBUFFER_OPERATION: glClear: Framebuffer is incomplete: Attachment has zero size. @ http://localhost:3002/:0
[  266833ms] [WARNING] [.WebGL-0x104004f2600] GL_INVALID_FRAMEBUFFER_OPERATION: glDrawElements: Framebuffer is incomplete: Attachment has zero size. @ http://localhost:3002/:0
[  266833ms] [WARNING] [.WebGL-0x104004f2600] GL_INVALID_FRAMEBUFFER_OPERATION: glDrawElements: Framebuffer is incomplete: Attachment has zero size. @ http://localhost:3002/:0
[  266845ms] [WARNING] [.WebGL-0x104004f2600] GL_INVALID_FRAMEBUFFER_OPERATION: glClear: Framebuffer is incomplete: Attachment has zero size. @ http://localhost:3002/:0
[  266845ms] [WARNING] [.WebGL-0x104004f2600] GL_INVALID_FRAMEBUFFER_OPERATION: glClear: Framebuffer is incomplete: Attachment has zero size. @ http://localhost:3002/:0
[  266845ms] [WARNING] [.WebGL-0x104004f2600] GL_INVALID_FRAMEBUFFER_OPERATION: glDrawElements: Framebuffer is incomplete: Attachment has zero size. @ http://localhost:3002/:0
[  266845ms] [WARNING] [.WebGL-0x104004f2600] GL_INVALID_FRAMEBUFFER_OPERATION: glDrawElements: Framebuffer is incomplete: Attachment has zero size. @ http://localhost:3002/:0
[  266868ms] [WARNING] [.WebGL-0x104004f2600] GL_INVALID_FRAMEBUFFER_OPERATION: glClear: Framebuffer is incomplete: Attachment has zero size. @ http://localhost:3002/:0
[  266868ms] [WARNING] [.WebGL-0x104004f2600] GL_INVALID_FRAMEBUFFER_OPERATION: glClear: Framebuffer is incomplete: Attachment has zero size. @ http://localhost:3002/:0
[  266868ms] [WARNING] [.WebGL-0x104004f2600] GL_INVALID_FRAMEBUFFER_OPERATION: glDrawElements: Framebuffer is incomplete: Attachment has zero size. @ http://localhost:3002/:0
[  266868ms] [WARNING] [.WebGL-0x104004f2600] GL_INVALID_FRAMEBUFFER_OPERATION: glDrawElements: Framebuffer is incomplete: Attachment has zero size. @ http://localhost:3002/:0
[  266899ms] [WARNING] [.WebGL-0x104004f2600] GL_INVALID_FRAMEBUFFER_OPERATION: glClear: Framebuffer is incomplete: Attachment has zero size. @ http://localhost:3002/:0
[  266899ms] [WARNING] [.WebGL-0x104004f2600] GL_INVALID_FRAMEBUFFER_OPERATION: glClear: Framebuffer is incomplete: Attachment has zero size. @ http://localhost:3002/:0
[  266899ms] [WARNING] [.WebGL-0x104004f2600] GL_INVALID_FRAMEBUFFER_OPERATION: glDrawElements: Framebuffer is incomplete: Attachment has zero size. @ http://localhost:3002/:0
[  266899ms] [WARNING] [.WebGL-0x104004f2600] GL_INVALID_FRAMEBUFFER_OPERATION: glDrawElements: Framebuffer is incomplete: Attachment has zero size. @ http://localhost:3002/:0
[  266919ms] [WARNING] [.WebGL-0x104004f2600] GL_INVALID_FRAMEBUFFER_OPERATION: glClear: Framebuffer is incomplete: Attachment has zero size. @ http://localhost:3002/:0
[  266919ms] [WARNING] [.WebGL-0x104004f2600] GL_INVALID_FRAMEBUFFER_OPERATION: glClear: Framebuffer is incomplete: Attachment has zero size. @ http://localhost:3002/:0
[  266919ms] [WARNING] [.WebGL-0x104004f2600] GL_INVALID_FRAMEBUFFER_OPERATION: glDrawElements: Framebuffer is incomplete: Attachment has zero size. @ http://localhost:3002/:0
[  266919ms] [WARNING] [.WebGL-0x104004f2600] GL_INVALID_FRAMEBUFFER_OPERATION: glDrawElements: Framebuffer is incomplete: Attachment has zero size. @ http://localhost:3002/:0
[  266951ms] [WARNING] [.WebGL-0x104004f2600] GL_INVALID_FRAMEBUFFER_OPERATION: glClear: Framebuffer is incomplete: Attachment has zero size. @ http://localhost:3002/:0
[  266951ms] [WARNING] [.WebGL-0x104004f2600] GL_INVALID_FRAMEBUFFER_OPERATION: glClear: Framebuffer is incomplete: Attachment has zero size. @ http://localhost:3002/:0
[  266951ms] [WARNING] [.WebGL-0x104004f2600] GL_INVALID_FRAMEBUFFER_OPERATION: glDrawElements: Framebuffer is incomplete: Attachment has zero size. @ http://localhost:3002/:0
[  266951ms] [WARNING] [.WebGL-0x104004f2600] GL_INVALID_FRAMEBUFFER_OPERATION: glDrawElements: Framebuffer is incomplete: Attachment has zero size. @ http://localhost:3002/:0
[  266980ms] [WARNING] [.WebGL-0x104004f2600] GL_INVALID_FRAMEBUFFER_OPERATION: glClear: Framebuffer is incomplete: Attachment has zero size. @ http://localhost:3002/:0
[  266980ms] [WARNING] [.WebGL-0x104004f2600] GL_INVALID_FRAMEBUFFER_OPERATION: glClear: Framebuffer is incomplete: Attachment has zero size. @ http://localhost:3002/:0
[  266980ms] [WARNING] [.WebGL-0x104004f2600] GL_INVALID_FRAMEBUFFER_OPERATION: glDrawElements: Framebuffer is incomplete: Attachment has zero size. @ http://localhost:3002/:0
[  266980ms] [WARNING] [.WebGL-0x104004f2600] GL_INVALID_FRAMEBUFFER_OPERATION: glDrawElements: Framebuffer is incomplete: Attachment has zero size. @ http://localhost:3002/:0
[  267000ms] [WARNING] [.WebGL-0x104004f2600] GL_INVALID_FRAMEBUFFER_OPERATION: glClear: Framebuffer is incomplete: Attachment has zero size. @ http://localhost:3002/:0
[  267000ms] [WARNING] [.WebGL-0x104004f2600] GL_INVALID_FRAMEBUFFER_OPERATION: glClear: Framebuffer is incomplete: Attachment has zero size. @ http://localhost:3002/:0
[  267000ms] [WARNING] [.WebGL-0x104004f2600] GL_INVALID_FRAMEBUFFER_OPERATION: glDrawElements: Framebuffer is incomplete: Attachment has zero size. @ http://localhost:3002/:0
[  267000ms] [WARNING] [.WebGL-0x104004f2600] GL_INVALID_FRAMEBUFFER_OPERATION: glDrawElements: Framebuffer is incomplete: Attachment has zero size. @ http://localhost:3002/:0
[  267028ms] [WARNING] [.WebGL-0x104004f2600] GL_INVALID_FRAMEBUFFER_OPERATION: glClear: Framebuffer is incomplete: Attachment has zero size. @ http://localhost:3002/:0
[  267028ms] [WARNING] [.WebGL-0x104004f2600] GL_INVALID_FRAMEBUFFER_OPERATION: glClear: Framebuffer is incomplete: Attachment has zero size. @ http://localhost:3002/:0
[  267028ms] [WARNING] [.WebGL-0x104004f2600] GL_INVALID_FRAMEBUFFER_OPERATION: glDrawElements: Framebuffer is incomplete: Attachment has zero size. @ http://localhost:3002/:0
[  267028ms] [WARNING] [.WebGL-0x104004f2600] GL_INVALID_FRAMEBUFFER_OPERATION: glDrawElements: Framebuffer is incomplete: Attachment has zero size. @ http://localhost:3002/:0
[  267058ms] [WARNING] [.WebGL-0x104004f2600] GL_INVALID_FRAMEBUFFER_OPERATION: glClear: Framebuffer is incomplete: Attachment has zero size. @ http://localhost:3002/:0
[  267058ms] [WARNING] [.WebGL-0x104004f2600] GL_INVALID_FRAMEBUFFER_OPERATION: glClear: Framebuffer is incomplete: Attachment has zero size. @ http://localhost:3002/:0
[  267058ms] [WARNING] [.WebGL-0x104004f2600] GL_INVALID_FRAMEBUFFER_OPERATION: glDrawElements: Framebuffer is incomplete: Attachment has zero size. @ http://localhost:3002/:0
[  267058ms] [WARNING] [.WebGL-0x104004f2600] GL_INVALID_FRAMEBUFFER_OPERATION: glDrawElements: Framebuffer is incomplete: Attachment has zero size. @ http://localhost:3002/:0
[  267075ms] [WARNING] [.WebGL-0x104004f2600] GL_INVALID_FRAMEBUFFER_OPERATION: glClear: Framebuffer is incomplete: Attachment has zero size. @ http://localhost:3002/:0
[  267075ms] [WARNING] [.WebGL-0x104004f2600] GL_INVALID_FRAMEBUFFER_OPERATION: glClear: Framebuffer is incomplete: Attachment has zero size. @ http://localhost:3002/:0
[  267075ms] [WARNING] [.WebGL-0x104004f2600] GL_INVALID_FRAMEBUFFER_OPERATION: glDrawElements: Framebuffer is incomplete: Attachment has zero size. @ http://localhost:3002/:0
[  267075ms] [WARNING] [.WebGL-0x104004f2600] GL_INVALID_FRAMEBUFFER_OPERATION: glDrawElements: Framebuffer is incomplete: Attachment has zero size. @ http://localhost:3002/:0
[  267101ms] [WARNING] [.WebGL-0x104004f2600] GL_INVALID_FRAMEBUFFER_OPERATION: glClear: Framebuffer is incomplete: Attachment has zero size. @ http://localhost:3002/:0
[  267101ms] [WARNING] [.WebGL-0x104004f2600] GL_INVALID_FRAMEBUFFER_OPERATION: glClear: Framebuffer is incomplete: Attachment has zero size. @ http://localhost:3002/:0
[  267101ms] [WARNING] [.WebGL-0x104004f2600] GL_INVALID_FRAMEBUFFER_OPERATION: glDrawElements: Framebuffer is incomplete: Attachment has zero size. @ http://localhost:3002/:0
[  267101ms] [WARNING] [.WebGL-0x104004f2600] GL_INVALID_FRAMEBUFFER_OPERATION: glDrawElements: Framebuffer is incomplete: Attachment has zero size. @ http://localhost:3002/:0
[  267125ms] [WARNING] [.WebGL-0x104004f2600] GL_INVALID_FRAMEBUFFER_OPERATION: glClear: Framebuffer is incomplete: Attachment has zero size. @ http://localhost:3002/:0
[  267125ms] [WARNING] [.WebGL-0x104004f2600] GL_INVALID_FRAMEBUFFER_OPERATION: glClear: Framebuffer is incomplete: Attachment has zero size. @ http://localhost:3002/:0
[  267125ms] [WARNING] [.WebGL-0x104004f2600] GL_INVALID_FRAMEBUFFER_OPERATION: glDrawElements: Framebuffer is incomplete: Attachment has zero size. @ http://localhost:3002/:0
[  267125ms] [WARNING] [.WebGL-0x104004f2600] GL_INVALID_FRAMEBUFFER_OPERATION: glDrawElements: Framebuffer is incomplete: Attachment has zero size. @ http://localhost:3002/:0
[  267149ms] [WARNING] [.WebGL-0x104004f2600] GL_INVALID_FRAMEBUFFER_OPERATION: glClear: Framebuffer is incomplete: Attachment has zero size. @ http://localhost:3002/:0
[  267149ms] [WARNING] [.WebGL-0x104004f2600] GL_INVALID_FRAMEBUFFER_OPERATION: glClear: Framebuffer is incomplete: Attachment has zero size. @ http://localhost:3002/:0
[  267149ms] [WARNING] [.WebGL-0x104004f2600] GL_INVALID_FRAMEBUFFER_OPERATION: glDrawElements: Framebuffer is incomplete: Attachment has zero size. @ http://localhost:3002/:0
[  267149ms] [WARNING] [.WebGL-0x104004f2600] GL_INVALID_FRAMEBUFFER_OPERATION: glDrawElements: Framebuffer is incomplete: Attachment has zero size. @ http://localhost:3002/:0
[  267165ms] [WARNING] [.WebGL-0x104004f2600] GL_INVALID_FRAMEBUFFER_OPERATION: glClear: Framebuffer is incomplete: Attachment has zero size. @ http://localhost:3002/:0
[  267165ms] [WARNING] [.WebGL-0x104004f2600] GL_INVALID_FRAMEBUFFER_OPERATION: glClear: Framebuffer is incomplete: Attachment has zero size. @ http://localhost:3002/:0
[  267165ms] [WARNING] [.WebGL-0x104004f2600] GL_INVALID_FRAMEBUFFER_OPERATION: glDrawElements: Framebuffer is incomplete: Attachment has zero size. @ http://localhost:3002/:0
[  267165ms] [WARNING] [.WebGL-0x104004f2600] GL_INVALID_FRAMEBUFFER_OPERATION: glDrawElements: Framebuffer is incomplete: Attachment has zero size. @ http://localhost:3002/:0
[  267165ms] [WARNING] WebGL: too many errors, no more errors will be reported to the console for this context. @ http://localhost:3002/:0
