[     156ms] [INFO] %cDownload the React DevTools for a better development experience: https://reactjs.org/link/react-devtools font-weight:bold @ http://localhost:3002/node_modules/.vite/deps/chunk-5FIUFYUJ.js?v=8c6aa4bf:21550
[     238ms] [WARNING] ⚠️ React Router Future Flag Warning: React Router will begin wrapping state updates in `React.startTransition` in v7. You can use the `v7_startTransition` future flag to opt-in early. For more information, see https://reactrouter.com/v6/upgrading/future#v7_starttransition. @ http://localhost:3002/node_modules/.vite/deps/react-router-dom.js?v=8c6aa4bf:4435
[     239ms] [WARNING] ⚠️ React Router Future Flag Warning: Relative route resolution within Splat routes is changing in v7. You can use the `v7_relativeSplatPath` future flag to opt-in early. For more information, see https://reactrouter.com/v6/upgrading/future#v7_relativesplatpath. @ http://localhost:3002/node_modules/.vite/deps/react-router-dom.js?v=8c6aa4bf:4435
[     259ms] [WARNING] THREE.Color: Alpha component of rgba(59,130,246,0.3) will be ignored. @ http://localhost:3002/node_modules/.vite/deps/react-globe__gl.js?v=8c6aa4bf:614
[     261ms] [WARNING] THREE.Color: Alpha component of rgba(59,130,246,0.3) will be ignored. @ http://localhost:3002/node_modules/.vite/deps/react-globe__gl.js?v=8c6aa4bf:614
[   38297ms] [ERROR] Failed to load resource: the server responded with a status of 404 (Not Found) @ http://localhost:3002/proxy/rxnorm/interaction/interaction.json?rxcui=105292:0
[   44827ms] [WARNING] THREE.Color: Alpha component of rgba(59,130,246,0.3) will be ignored. @ http://localhost:3002/node_modules/.vite/deps/react-globe__gl.js?v=8c6aa4bf:614
[   44829ms] [WARNING] THREE.Color: Alpha component of rgba(59,130,246,0.3) will be ignored. @ http://localhost:3002/node_modules/.vite/deps/react-globe__gl.js?v=8c6aa4bf:614
[   44846ms] [WARNING] [.WebGL-0x104004f6200] GL_INVALID_FRAMEBUFFER_OPERATION: glClear: Framebuffer is incomplete: Attachment has zero size. @ http://localhost:3002/:0
[   44846ms] [WARNING] [.WebGL-0x104004f6200] GL_INVALID_FRAMEBUFFER_OPERATION: glClear: Framebuffer is incomplete: Attachment has zero size. @ http://localhost:3002/:0
[   44846ms] [WARNING] [.WebGL-0x104004f6200] GL_INVALID_FRAMEBUFFER_OPERATION: glDrawElements: Framebuffer is incomplete: Attachment has zero size. @ http://localhost:3002/:0
[   44846ms] [WARNING] [.WebGL-0x104004f6200] GL_INVALID_FRAMEBUFFER_OPERATION: glDrawElements: Framebuffer is incomplete: Attachment has zero size. @ http://localhost:3002/:0
[   44968ms] [WARNING] [.WebGL-0x104004f6200] GL_INVALID_FRAMEBUFFER_OPERATION: glClear: Framebuffer is incomplete: Attachment has zero size. @ http://localhost:3002/:0
[   44968ms] [WARNING] [.WebGL-0x104004f6200] GL_INVALID_FRAMEBUFFER_OPERATION: glClear: Framebuffer is incomplete: Attachment has zero size. @ http://localhost:3002/:0
[   44968ms] [WARNING] [.WebGL-0x104004f6200] GL_INVALID_FRAMEBUFFER_OPERATION: glDrawElements: Framebuffer is incomplete: Attachment has zero size. @ http://localhost:3002/:0
[   44968ms] [WARNING] [.WebGL-0x104004f6200] GL_INVALID_FRAMEBUFFER_OPERATION: glDrawElements: Framebuffer is incomplete: Attachment has zero size. @ http://localhost:3002/:0
[   44972ms] [WARNING] [.WebGL-0x104004f6200] GL_INVALID_FRAMEBUFFER_OPERATION: glClear: Framebuffer is incomplete: Attachment has zero size. @ http://localhost:3002/:0
[   44972ms] [WARNING] [.WebGL-0x104004f6200] GL_INVALID_FRAMEBUFFER_OPERATION: glClear: Framebuffer is incomplete: Attachment has zero size. @ http://localhost:3002/:0
[   45069ms] [WARNING] [.WebGL-0x104004f6200] GL_INVALID_FRAMEBUFFER_OPERATION: glDrawElements: Framebuffer is incomplete: Attachment has zero size. @ http://localhost:3002/:0
[   45069ms] [WARNING] [.WebGL-0x104004f6200] GL_INVALID_FRAMEBUFFER_OPERATION: glDrawElements: Framebuffer is incomplete: Attachment has zero size. @ http://localhost:3002/:0
[   45220ms] [WARNING] [.WebGL-0x104004f6200] GL_INVALID_FRAMEBUFFER_OPERATION: glClear: Framebuffer is incomplete: Attachment has zero size. @ http://localhost:3002/:0
[   45220ms] [WARNING] [.WebGL-0x104004f6200] GL_INVALID_FRAMEBUFFER_OPERATION: glClear: Framebuffer is incomplete: Attachment has zero size. @ http://localhost:3002/:0
[   45220ms] [WARNING] [.WebGL-0x104004f6200] GL_INVALID_FRAMEBUFFER_OPERATION: glDrawElements: Framebuffer is incomplete: Attachment has zero size. @ http://localhost:3002/:0
[   45220ms] [WARNING] [.WebGL-0x104004f6200] GL_INVALID_FRAMEBUFFER_OPERATION: glDrawElements: Framebuffer is incomplete: Attachment has zero size. @ http://localhost:3002/:0
[   45235ms] [WARNING] [.WebGL-0x104004f6200] GL_INVALID_FRAMEBUFFER_OPERATION: glClear: Framebuffer is incomplete: Attachment has zero size. @ http://localhost:3002/:0
[   45235ms] [WARNING] [.WebGL-0x104004f6200] GL_INVALID_FRAMEBUFFER_OPERATION: glClear: Framebuffer is incomplete: Attachment has zero size. @ http://localhost:3002/:0
[   45235ms] [WARNING] [.WebGL-0x104004f6200] GL_INVALID_FRAMEBUFFER_OPERATION: glDrawElements: Framebuffer is incomplete: Attachment has zero size. @ http://localhost:3002/:0
[   45235ms] [WARNING] [.WebGL-0x104004f6200] GL_INVALID_FRAMEBUFFER_OPERATION: glDrawElements: Framebuffer is incomplete: Attachment has zero size. @ http://localhost:3002/:0
[   45263ms] [WARNING] [.WebGL-0x104004f6200] GL_INVALID_FRAMEBUFFER_OPERATION: glClear: Framebuffer is incomplete: Attachment has zero size. @ http://localhost:3002/:0
[   45263ms] [WARNING] [.WebGL-0x104004f6200] GL_INVALID_FRAMEBUFFER_OPERATION: glClear: Framebuffer is incomplete: Attachment has zero size. @ http://localhost:3002/:0
[   45263ms] [WARNING] [.WebGL-0x104004f6200] GL_INVALID_FRAMEBUFFER_OPERATION: glDrawElements: Framebuffer is incomplete: Attachment has zero size. @ http://localhost:3002/:0
[   45264ms] [WARNING] [.WebGL-0x104004f6200] GL_INVALID_FRAMEBUFFER_OPERATION: glDrawElements: Framebuffer is incomplete: Attachment has zero size. @ http://localhost:3002/:0
[   45293ms] [WARNING] [.WebGL-0x104004f6200] GL_INVALID_FRAMEBUFFER_OPERATION: glClear: Framebuffer is incomplete: Attachment has zero size. @ http://localhost:3002/:0
[   45293ms] [WARNING] [.WebGL-0x104004f6200] GL_INVALID_FRAMEBUFFER_OPERATION: glClear: Framebuffer is incomplete: Attachment has zero size. @ http://localhost:3002/:0
[   45293ms] [WARNING] [.WebGL-0x104004f6200] GL_INVALID_FRAMEBUFFER_OPERATION: glDrawElements: Framebuffer is incomplete: Attachment has zero size. @ http://localhost:3002/:0
[   45293ms] [WARNING] [.WebGL-0x104004f6200] GL_INVALID_FRAMEBUFFER_OPERATION: glDrawElements: Framebuffer is incomplete: Attachment has zero size. @ http://localhost:3002/:0
[   45320ms] [WARNING] [.WebGL-0x104004f6200] GL_INVALID_FRAMEBUFFER_OPERATION: glClear: Framebuffer is incomplete: Attachment has zero size. @ http://localhost:3002/:0
[   45320ms] [WARNING] [.WebGL-0x104004f6200] GL_INVALID_FRAMEBUFFER_OPERATION: glClear: Framebuffer is incomplete: Attachment has zero size. @ http://localhost:3002/:0
[   45320ms] [WARNING] [.WebGL-0x104004f6200] GL_INVALID_FRAMEBUFFER_OPERATION: glDrawElements: Framebuffer is incomplete: Attachment has zero size. @ http://localhost:3002/:0
[   45320ms] [WARNING] [.WebGL-0x104004f6200] GL_INVALID_FRAMEBUFFER_OPERATION: glDrawElements: Framebuffer is incomplete: Attachment has zero size. @ http://localhost:3002/:0
[   45355ms] [WARNING] [.WebGL-0x104004f6200] GL_INVALID_FRAMEBUFFER_OPERATION: glClear: Framebuffer is incomplete: Attachment has zero size. @ http://localhost:3002/:0
[   45355ms] [WARNING] [.WebGL-0x104004f6200] GL_INVALID_FRAMEBUFFER_OPERATION: glClear: Framebuffer is incomplete: Attachment has zero size. @ http://localhost:3002/:0
[   45355ms] [WARNING] [.WebGL-0x104004f6200] GL_INVALID_FRAMEBUFFER_OPERATION: glDrawElements: Framebuffer is incomplete: Attachment has zero size. @ http://localhost:3002/:0
[   45355ms] [WARNING] [.WebGL-0x104004f6200] GL_INVALID_FRAMEBUFFER_OPERATION: glDrawElements: Framebuffer is incomplete: Attachment has zero size. @ http://localhost:3002/:0
[   45380ms] [WARNING] [.WebGL-0x104004f6200] GL_INVALID_FRAMEBUFFER_OPERATION: glClear: Framebuffer is incomplete: Attachment has zero size. @ http://localhost:3002/:0
[   45381ms] [WARNING] [.WebGL-0x104004f6200] GL_INVALID_FRAMEBUFFER_OPERATION: glClear: Framebuffer is incomplete: Attachment has zero size. @ http://localhost:3002/:0
[   45381ms] [WARNING] [.WebGL-0x104004f6200] GL_INVALID_FRAMEBUFFER_OPERATION: glDrawElements: Framebuffer is incomplete: Attachment has zero size. @ http://localhost:3002/:0
[   45381ms] [WARNING] [.WebGL-0x104004f6200] GL_INVALID_FRAMEBUFFER_OPERATION: glDrawElements: Framebuffer is incomplete: Attachment has zero size. @ http://localhost:3002/:0
[   45404ms] [WARNING] [.WebGL-0x104004f6200] GL_INVALID_FRAMEBUFFER_OPERATION: glClear: Framebuffer is incomplete: Attachment has zero size. @ http://localhost:3002/:0
[   45404ms] [WARNING] [.WebGL-0x104004f6200] GL_INVALID_FRAMEBUFFER_OPERATION: glClear: Framebuffer is incomplete: Attachment has zero size. @ http://localhost:3002/:0
[   45404ms] [WARNING] [.WebGL-0x104004f6200] GL_INVALID_FRAMEBUFFER_OPERATION: glDrawElements: Framebuffer is incomplete: Attachment has zero size. @ http://localhost:3002/:0
[   45404ms] [WARNING] [.WebGL-0x104004f6200] GL_INVALID_FRAMEBUFFER_OPERATION: glDrawElements: Framebuffer is incomplete: Attachment has zero size. @ http://localhost:3002/:0
[   45435ms] [WARNING] [.WebGL-0x104004f6200] GL_INVALID_FRAMEBUFFER_OPERATION: glClear: Framebuffer is incomplete: Attachment has zero size. @ http://localhost:3002/:0
[   45435ms] [WARNING] [.WebGL-0x104004f6200] GL_INVALID_FRAMEBUFFER_OPERATION: glClear: Framebuffer is incomplete: Attachment has zero size. @ http://localhost:3002/:0
[   45435ms] [WARNING] [.WebGL-0x104004f6200] GL_INVALID_FRAMEBUFFER_OPERATION: glDrawElements: Framebuffer is incomplete: Attachment has zero size. @ http://localhost:3002/:0
[   45435ms] [WARNING] [.WebGL-0x104004f6200] GL_INVALID_FRAMEBUFFER_OPERATION: glDrawElements: Framebuffer is incomplete: Attachment has zero size. @ http://localhost:3002/:0
[   45445ms] [WARNING] [.WebGL-0x104004f6200] GL_INVALID_FRAMEBUFFER_OPERATION: glClear: Framebuffer is incomplete: Attachment has zero size. @ http://localhost:3002/:0
[   45445ms] [WARNING] [.WebGL-0x104004f6200] GL_INVALID_FRAMEBUFFER_OPERATION: glClear: Framebuffer is incomplete: Attachment has zero size. @ http://localhost:3002/:0
[   45445ms] [WARNING] [.WebGL-0x104004f6200] GL_INVALID_FRAMEBUFFER_OPERATION: glDrawElements: Framebuffer is incomplete: Attachment has zero size. @ http://localhost:3002/:0
[   45445ms] [WARNING] [.WebGL-0x104004f6200] GL_INVALID_FRAMEBUFFER_OPERATION: glDrawElements: Framebuffer is incomplete: Attachment has zero size. @ http://localhost:3002/:0
[   45476ms] [WARNING] [.WebGL-0x104004f6200] GL_INVALID_FRAMEBUFFER_OPERATION: glClear: Framebuffer is incomplete: Attachment has zero size. @ http://localhost:3002/:0
[   45476ms] [WARNING] [.WebGL-0x104004f6200] GL_INVALID_FRAMEBUFFER_OPERATION: glClear: Framebuffer is incomplete: Attachment has zero size. @ http://localhost:3002/:0
[   45476ms] [WARNING] [.WebGL-0x104004f6200] GL_INVALID_FRAMEBUFFER_OPERATION: glDrawElements: Framebuffer is incomplete: Attachment has zero size. @ http://localhost:3002/:0
[   45476ms] [WARNING] [.WebGL-0x104004f6200] GL_INVALID_FRAMEBUFFER_OPERATION: glDrawElements: Framebuffer is incomplete: Attachment has zero size. @ http://localhost:3002/:0
[   45497ms] [WARNING] [.WebGL-0x104004f6200] GL_INVALID_FRAMEBUFFER_OPERATION: glClear: Framebuffer is incomplete: Attachment has zero size. @ http://localhost:3002/:0
[   45497ms] [WARNING] [.WebGL-0x104004f6200] GL_INVALID_FRAMEBUFFER_OPERATION: glClear: Framebuffer is incomplete: Attachment has zero size. @ http://localhost:3002/:0
[   45497ms] [WARNING] [.WebGL-0x104004f6200] GL_INVALID_FRAMEBUFFER_OPERATION: glDrawElements: Framebuffer is incomplete: Attachment has zero size. @ http://localhost:3002/:0
[   45497ms] [WARNING] [.WebGL-0x104004f6200] GL_INVALID_FRAMEBUFFER_OPERATION: glDrawElements: Framebuffer is incomplete: Attachment has zero size. @ http://localhost:3002/:0
[   45527ms] [WARNING] [.WebGL-0x104004f6200] GL_INVALID_FRAMEBUFFER_OPERATION: glClear: Framebuffer is incomplete: Attachment has zero size. @ http://localhost:3002/:0
[   45527ms] [WARNING] [.WebGL-0x104004f6200] GL_INVALID_FRAMEBUFFER_OPERATION: glClear: Framebuffer is incomplete: Attachment has zero size. @ http://localhost:3002/:0
[   45527ms] [WARNING] [.WebGL-0x104004f6200] GL_INVALID_FRAMEBUFFER_OPERATION: glDrawElements: Framebuffer is incomplete: Attachment has zero size. @ http://localhost:3002/:0
[   45527ms] [WARNING] [.WebGL-0x104004f6200] GL_INVALID_FRAMEBUFFER_OPERATION: glDrawElements: Framebuffer is incomplete: Attachment has zero size. @ http://localhost:3002/:0
[   45547ms] [WARNING] [.WebGL-0x104004f6200] GL_INVALID_FRAMEBUFFER_OPERATION: glClear: Framebuffer is incomplete: Attachment has zero size. @ http://localhost:3002/:0
[   45547ms] [WARNING] [.WebGL-0x104004f6200] GL_INVALID_FRAMEBUFFER_OPERATION: glClear: Framebuffer is incomplete: Attachment has zero size. @ http://localhost:3002/:0
[   45547ms] [WARNING] [.WebGL-0x104004f6200] GL_INVALID_FRAMEBUFFER_OPERATION: glDrawElements: Framebuffer is incomplete: Attachment has zero size. @ http://localhost:3002/:0
[   45547ms] [WARNING] [.WebGL-0x104004f6200] GL_INVALID_FRAMEBUFFER_OPERATION: glDrawElements: Framebuffer is incomplete: Attachment has zero size. @ http://localhost:3002/:0
[   45577ms] [WARNING] [.WebGL-0x104004f6200] GL_INVALID_FRAMEBUFFER_OPERATION: glClear: Framebuffer is incomplete: Attachment has zero size. @ http://localhost:3002/:0
[   45577ms] [WARNING] [.WebGL-0x104004f6200] GL_INVALID_FRAMEBUFFER_OPERATION: glClear: Framebuffer is incomplete: Attachment has zero size. @ http://localhost:3002/:0
[   45577ms] [WARNING] [.WebGL-0x104004f6200] GL_INVALID_FRAMEBUFFER_OPERATION: glDrawElements: Framebuffer is incomplete: Attachment has zero size. @ http://localhost:3002/:0
[   45577ms] [WARNING] [.WebGL-0x104004f6200] GL_INVALID_FRAMEBUFFER_OPERATION: glDrawElements: Framebuffer is incomplete: Attachment has zero size. @ http://localhost:3002/:0
[   45606ms] [WARNING] [.WebGL-0x104004f6200] GL_INVALID_FRAMEBUFFER_OPERATION: glClear: Framebuffer is incomplete: Attachment has zero size. @ http://localhost:3002/:0
[   45606ms] [WARNING] [.WebGL-0x104004f6200] GL_INVALID_FRAMEBUFFER_OPERATION: glClear: Framebuffer is incomplete: Attachment has zero size. @ http://localhost:3002/:0
[   45606ms] [WARNING] [.WebGL-0x104004f6200] GL_INVALID_FRAMEBUFFER_OPERATION: glDrawElements: Framebuffer is incomplete: Attachment has zero size. @ http://localhost:3002/:0
[   45606ms] [WARNING] [.WebGL-0x104004f6200] GL_INVALID_FRAMEBUFFER_OPERATION: glDrawElements: Framebuffer is incomplete: Attachment has zero size. @ http://localhost:3002/:0
[   45624ms] [WARNING] [.WebGL-0x104004f6200] GL_INVALID_FRAMEBUFFER_OPERATION: glClear: Framebuffer is incomplete: Attachment has zero size. @ http://localhost:3002/:0
[   45624ms] [WARNING] [.WebGL-0x104004f6200] GL_INVALID_FRAMEBUFFER_OPERATION: glClear: Framebuffer is incomplete: Attachment has zero size. @ http://localhost:3002/:0
[   45624ms] [WARNING] [.WebGL-0x104004f6200] GL_INVALID_FRAMEBUFFER_OPERATION: glDrawElements: Framebuffer is incomplete: Attachment has zero size. @ http://localhost:3002/:0
[   45624ms] [WARNING] [.WebGL-0x104004f6200] GL_INVALID_FRAMEBUFFER_OPERATION: glDrawElements: Framebuffer is incomplete: Attachment has zero size. @ http://localhost:3002/:0
[   45642ms] [WARNING] [.WebGL-0x104004f6200] GL_INVALID_FRAMEBUFFER_OPERATION: glClear: Framebuffer is incomplete: Attachment has zero size. @ http://localhost:3002/:0
[   45642ms] [WARNING] [.WebGL-0x104004f6200] GL_INVALID_FRAMEBUFFER_OPERATION: glClear: Framebuffer is incomplete: Attachment has zero size. @ http://localhost:3002/:0
[   45642ms] [WARNING] [.WebGL-0x104004f6200] GL_INVALID_FRAMEBUFFER_OPERATION: glDrawElements: Framebuffer is incomplete: Attachment has zero size. @ http://localhost:3002/:0
[   45642ms] [WARNING] [.WebGL-0x104004f6200] GL_INVALID_FRAMEBUFFER_OPERATION: glDrawElements: Framebuffer is incomplete: Attachment has zero size. @ http://localhost:3002/:0
[   45671ms] [WARNING] [.WebGL-0x104004f6200] GL_INVALID_FRAMEBUFFER_OPERATION: glClear: Framebuffer is incomplete: Attachment has zero size. @ http://localhost:3002/:0
[   45671ms] [WARNING] [.WebGL-0x104004f6200] GL_INVALID_FRAMEBUFFER_OPERATION: glClear: Framebuffer is incomplete: Attachment has zero size. @ http://localhost:3002/:0
[   45671ms] [WARNING] [.WebGL-0x104004f6200] GL_INVALID_FRAMEBUFFER_OPERATION: glDrawElements: Framebuffer is incomplete: Attachment has zero size. @ http://localhost:3002/:0
[   45671ms] [WARNING] [.WebGL-0x104004f6200] GL_INVALID_FRAMEBUFFER_OPERATION: glDrawElements: Framebuffer is incomplete: Attachment has zero size. @ http://localhost:3002/:0
[   45708ms] [WARNING] [.WebGL-0x104004f6200] GL_INVALID_FRAMEBUFFER_OPERATION: glClear: Framebuffer is incomplete: Attachment has zero size. @ http://localhost:3002/:0
[   45708ms] [WARNING] [.WebGL-0x104004f6200] GL_INVALID_FRAMEBUFFER_OPERATION: glClear: Framebuffer is incomplete: Attachment has zero size. @ http://localhost:3002/:0
[   45708ms] [WARNING] [.WebGL-0x104004f6200] GL_INVALID_FRAMEBUFFER_OPERATION: glDrawElements: Framebuffer is incomplete: Attachment has zero size. @ http://localhost:3002/:0
[   45708ms] [WARNING] [.WebGL-0x104004f6200] GL_INVALID_FRAMEBUFFER_OPERATION: glDrawElements: Framebuffer is incomplete: Attachment has zero size. @ http://localhost:3002/:0
[   45728ms] [WARNING] [.WebGL-0x104004f6200] GL_INVALID_FRAMEBUFFER_OPERATION: glClear: Framebuffer is incomplete: Attachment has zero size. @ http://localhost:3002/:0
[   45728ms] [WARNING] [.WebGL-0x104004f6200] GL_INVALID_FRAMEBUFFER_OPERATION: glClear: Framebuffer is incomplete: Attachment has zero size. @ http://localhost:3002/:0
[   45728ms] [WARNING] [.WebGL-0x104004f6200] GL_INVALID_FRAMEBUFFER_OPERATION: glDrawElements: Framebuffer is incomplete: Attachment has zero size. @ http://localhost:3002/:0
[   45728ms] [WARNING] [.WebGL-0x104004f6200] GL_INVALID_FRAMEBUFFER_OPERATION: glDrawElements: Framebuffer is incomplete: Attachment has zero size. @ http://localhost:3002/:0
[   45756ms] [WARNING] [.WebGL-0x104004f6200] GL_INVALID_FRAMEBUFFER_OPERATION: glClear: Framebuffer is incomplete: Attachment has zero size. @ http://localhost:3002/:0
[   45756ms] [WARNING] [.WebGL-0x104004f6200] GL_INVALID_FRAMEBUFFER_OPERATION: glClear: Framebuffer is incomplete: Attachment has zero size. @ http://localhost:3002/:0
[   45756ms] [WARNING] [.WebGL-0x104004f6200] GL_INVALID_FRAMEBUFFER_OPERATION: glDrawElements: Framebuffer is incomplete: Attachment has zero size. @ http://localhost:3002/:0
[   45756ms] [WARNING] [.WebGL-0x104004f6200] GL_INVALID_FRAMEBUFFER_OPERATION: glDrawElements: Framebuffer is incomplete: Attachment has zero size. @ http://localhost:3002/:0
[   45796ms] [WARNING] [.WebGL-0x104004f6200] GL_INVALID_FRAMEBUFFER_OPERATION: glClear: Framebuffer is incomplete: Attachment has zero size. @ http://localhost:3002/:0
[   45796ms] [WARNING] [.WebGL-0x104004f6200] GL_INVALID_FRAMEBUFFER_OPERATION: glClear: Framebuffer is incomplete: Attachment has zero size. @ http://localhost:3002/:0
[   45796ms] [WARNING] [.WebGL-0x104004f6200] GL_INVALID_FRAMEBUFFER_OPERATION: glDrawElements: Framebuffer is incomplete: Attachment has zero size. @ http://localhost:3002/:0
[   45796ms] [WARNING] [.WebGL-0x104004f6200] GL_INVALID_FRAMEBUFFER_OPERATION: glDrawElements: Framebuffer is incomplete: Attachment has zero size. @ http://localhost:3002/:0
[   45803ms] [WARNING] [.WebGL-0x104004f6200] GL_INVALID_FRAMEBUFFER_OPERATION: glClear: Framebuffer is incomplete: Attachment has zero size. @ http://localhost:3002/:0
[   45803ms] [WARNING] [.WebGL-0x104004f6200] GL_INVALID_FRAMEBUFFER_OPERATION: glClear: Framebuffer is incomplete: Attachment has zero size. @ http://localhost:3002/:0
[   45803ms] [WARNING] [.WebGL-0x104004f6200] GL_INVALID_FRAMEBUFFER_OPERATION: glDrawElements: Framebuffer is incomplete: Attachment has zero size. @ http://localhost:3002/:0
[   45803ms] [WARNING] [.WebGL-0x104004f6200] GL_INVALID_FRAMEBUFFER_OPERATION: glDrawElements: Framebuffer is incomplete: Attachment has zero size. @ http://localhost:3002/:0
[   45825ms] [WARNING] [.WebGL-0x104004f6200] GL_INVALID_FRAMEBUFFER_OPERATION: glClear: Framebuffer is incomplete: Attachment has zero size. @ http://localhost:3002/:0
[   45825ms] [WARNING] [.WebGL-0x104004f6200] GL_INVALID_FRAMEBUFFER_OPERATION: glClear: Framebuffer is incomplete: Attachment has zero size. @ http://localhost:3002/:0
[   45825ms] [WARNING] [.WebGL-0x104004f6200] GL_INVALID_FRAMEBUFFER_OPERATION: glDrawElements: Framebuffer is incomplete: Attachment has zero size. @ http://localhost:3002/:0
[   45825ms] [WARNING] [.WebGL-0x104004f6200] GL_INVALID_FRAMEBUFFER_OPERATION: glDrawElements: Framebuffer is incomplete: Attachment has zero size. @ http://localhost:3002/:0
[   45833ms] [WARNING] [.WebGL-0x104004f6200] GL_INVALID_FRAMEBUFFER_OPERATION: glClear: Framebuffer is incomplete: Attachment has zero size. @ http://localhost:3002/:0
[   45834ms] [WARNING] [.WebGL-0x104004f6200] GL_INVALID_FRAMEBUFFER_OPERATION: glClear: Framebuffer is incomplete: Attachment has zero size. @ http://localhost:3002/:0
[   45834ms] [WARNING] [.WebGL-0x104004f6200] GL_INVALID_FRAMEBUFFER_OPERATION: glDrawElements: Framebuffer is incomplete: Attachment has zero size. @ http://localhost:3002/:0
[   45834ms] [WARNING] [.WebGL-0x104004f6200] GL_INVALID_FRAMEBUFFER_OPERATION: glDrawElements: Framebuffer is incomplete: Attachment has zero size. @ http://localhost:3002/:0
[   45859ms] [WARNING] [.WebGL-0x104004f6200] GL_INVALID_FRAMEBUFFER_OPERATION: glClear: Framebuffer is incomplete: Attachment has zero size. @ http://localhost:3002/:0
[   45859ms] [WARNING] [.WebGL-0x104004f6200] GL_INVALID_FRAMEBUFFER_OPERATION: glClear: Framebuffer is incomplete: Attachment has zero size. @ http://localhost:3002/:0
[   45859ms] [WARNING] [.WebGL-0x104004f6200] GL_INVALID_FRAMEBUFFER_OPERATION: glDrawElements: Framebuffer is incomplete: Attachment has zero size. @ http://localhost:3002/:0
[   45859ms] [WARNING] [.WebGL-0x104004f6200] GL_INVALID_FRAMEBUFFER_OPERATION: glDrawElements: Framebuffer is incomplete: Attachment has zero size. @ http://localhost:3002/:0
[   45883ms] [WARNING] [.WebGL-0x104004f6200] GL_INVALID_FRAMEBUFFER_OPERATION: glClear: Framebuffer is incomplete: Attachment has zero size. @ http://localhost:3002/:0
[   45883ms] [WARNING] [.WebGL-0x104004f6200] GL_INVALID_FRAMEBUFFER_OPERATION: glClear: Framebuffer is incomplete: Attachment has zero size. @ http://localhost:3002/:0
[   45884ms] [WARNING] [.WebGL-0x104004f6200] GL_INVALID_FRAMEBUFFER_OPERATION: glDrawElements: Framebuffer is incomplete: Attachment has zero size. @ http://localhost:3002/:0
[   45884ms] [WARNING] [.WebGL-0x104004f6200] GL_INVALID_FRAMEBUFFER_OPERATION: glDrawElements: Framebuffer is incomplete: Attachment has zero size. @ http://localhost:3002/:0
[   45909ms] [WARNING] [.WebGL-0x104004f6200] GL_INVALID_FRAMEBUFFER_OPERATION: glClear: Framebuffer is incomplete: Attachment has zero size. @ http://localhost:3002/:0
[   45909ms] [WARNING] [.WebGL-0x104004f6200] GL_INVALID_FRAMEBUFFER_OPERATION: glClear: Framebuffer is incomplete: Attachment has zero size. @ http://localhost:3002/:0
[   45909ms] [WARNING] [.WebGL-0x104004f6200] GL_INVALID_FRAMEBUFFER_OPERATION: glDrawElements: Framebuffer is incomplete: Attachment has zero size. @ http://localhost:3002/:0
[   45909ms] [WARNING] [.WebGL-0x104004f6200] GL_INVALID_FRAMEBUFFER_OPERATION: glDrawElements: Framebuffer is incomplete: Attachment has zero size. @ http://localhost:3002/:0
[   45935ms] [WARNING] [.WebGL-0x104004f6200] GL_INVALID_FRAMEBUFFER_OPERATION: glClear: Framebuffer is incomplete: Attachment has zero size. @ http://localhost:3002/:0
[   45935ms] [WARNING] [.WebGL-0x104004f6200] GL_INVALID_FRAMEBUFFER_OPERATION: glClear: Framebuffer is incomplete: Attachment has zero size. @ http://localhost:3002/:0
[   45935ms] [WARNING] [.WebGL-0x104004f6200] GL_INVALID_FRAMEBUFFER_OPERATION: glDrawElements: Framebuffer is incomplete: Attachment has zero size. @ http://localhost:3002/:0
[   45935ms] [WARNING] [.WebGL-0x104004f6200] GL_INVALID_FRAMEBUFFER_OPERATION: glDrawElements: Framebuffer is incomplete: Attachment has zero size. @ http://localhost:3002/:0
[   45959ms] [WARNING] [.WebGL-0x104004f6200] GL_INVALID_FRAMEBUFFER_OPERATION: glClear: Framebuffer is incomplete: Attachment has zero size. @ http://localhost:3002/:0
[   45959ms] [WARNING] [.WebGL-0x104004f6200] GL_INVALID_FRAMEBUFFER_OPERATION: glClear: Framebuffer is incomplete: Attachment has zero size. @ http://localhost:3002/:0
[   45959ms] [WARNING] [.WebGL-0x104004f6200] GL_INVALID_FRAMEBUFFER_OPERATION: glDrawElements: Framebuffer is incomplete: Attachment has zero size. @ http://localhost:3002/:0
[   45959ms] [WARNING] [.WebGL-0x104004f6200] GL_INVALID_FRAMEBUFFER_OPERATION: glDrawElements: Framebuffer is incomplete: Attachment has zero size. @ http://localhost:3002/:0
[   45983ms] [WARNING] [.WebGL-0x104004f6200] GL_INVALID_FRAMEBUFFER_OPERATION: glClear: Framebuffer is incomplete: Attachment has zero size. @ http://localhost:3002/:0
[   45983ms] [WARNING] [.WebGL-0x104004f6200] GL_INVALID_FRAMEBUFFER_OPERATION: glClear: Framebuffer is incomplete: Attachment has zero size. @ http://localhost:3002/:0
[   45984ms] [WARNING] [.WebGL-0x104004f6200] GL_INVALID_FRAMEBUFFER_OPERATION: glDrawElements: Framebuffer is incomplete: Attachment has zero size. @ http://localhost:3002/:0
[   45984ms] [WARNING] [.WebGL-0x104004f6200] GL_INVALID_FRAMEBUFFER_OPERATION: glDrawElements: Framebuffer is incomplete: Attachment has zero size. @ http://localhost:3002/:0
[   46009ms] [WARNING] [.WebGL-0x104004f6200] GL_INVALID_FRAMEBUFFER_OPERATION: glClear: Framebuffer is incomplete: Attachment has zero size. @ http://localhost:3002/:0
[   46009ms] [WARNING] [.WebGL-0x104004f6200] GL_INVALID_FRAMEBUFFER_OPERATION: glClear: Framebuffer is incomplete: Attachment has zero size. @ http://localhost:3002/:0
[   46009ms] [WARNING] [.WebGL-0x104004f6200] GL_INVALID_FRAMEBUFFER_OPERATION: glDrawElements: Framebuffer is incomplete: Attachment has zero size. @ http://localhost:3002/:0
[   46009ms] [WARNING] [.WebGL-0x104004f6200] GL_INVALID_FRAMEBUFFER_OPERATION: glDrawElements: Framebuffer is incomplete: Attachment has zero size. @ http://localhost:3002/:0
[   46034ms] [WARNING] [.WebGL-0x104004f6200] GL_INVALID_FRAMEBUFFER_OPERATION: glClear: Framebuffer is incomplete: Attachment has zero size. @ http://localhost:3002/:0
[   46034ms] [WARNING] [.WebGL-0x104004f6200] GL_INVALID_FRAMEBUFFER_OPERATION: glClear: Framebuffer is incomplete: Attachment has zero size. @ http://localhost:3002/:0
[   46034ms] [WARNING] [.WebGL-0x104004f6200] GL_INVALID_FRAMEBUFFER_OPERATION: glDrawElements: Framebuffer is incomplete: Attachment has zero size. @ http://localhost:3002/:0
[   46034ms] [WARNING] [.WebGL-0x104004f6200] GL_INVALID_FRAMEBUFFER_OPERATION: glDrawElements: Framebuffer is incomplete: Attachment has zero size. @ http://localhost:3002/:0
[   46059ms] [WARNING] [.WebGL-0x104004f6200] GL_INVALID_FRAMEBUFFER_OPERATION: glClear: Framebuffer is incomplete: Attachment has zero size. @ http://localhost:3002/:0
[   46059ms] [WARNING] [.WebGL-0x104004f6200] GL_INVALID_FRAMEBUFFER_OPERATION: glClear: Framebuffer is incomplete: Attachment has zero size. @ http://localhost:3002/:0
[   46067ms] [WARNING] [.WebGL-0x104004f6200] GL_INVALID_FRAMEBUFFER_OPERATION: glDrawElements: Framebuffer is incomplete: Attachment has zero size. @ http://localhost:3002/:0
[   46067ms] [WARNING] [.WebGL-0x104004f6200] GL_INVALID_FRAMEBUFFER_OPERATION: glDrawElements: Framebuffer is incomplete: Attachment has zero size. @ http://localhost:3002/:0
[   46084ms] [WARNING] [.WebGL-0x104004f6200] GL_INVALID_FRAMEBUFFER_OPERATION: glClear: Framebuffer is incomplete: Attachment has zero size. @ http://localhost:3002/:0
[   46084ms] [WARNING] [.WebGL-0x104004f6200] GL_INVALID_FRAMEBUFFER_OPERATION: glClear: Framebuffer is incomplete: Attachment has zero size. @ http://localhost:3002/:0
[   46084ms] [WARNING] [.WebGL-0x104004f6200] GL_INVALID_FRAMEBUFFER_OPERATION: glDrawElements: Framebuffer is incomplete: Attachment has zero size. @ http://localhost:3002/:0
[   46084ms] [WARNING] [.WebGL-0x104004f6200] GL_INVALID_FRAMEBUFFER_OPERATION: glDrawElements: Framebuffer is incomplete: Attachment has zero size. @ http://localhost:3002/:0
[   46108ms] [WARNING] [.WebGL-0x104004f6200] GL_INVALID_FRAMEBUFFER_OPERATION: glClear: Framebuffer is incomplete: Attachment has zero size. @ http://localhost:3002/:0
[   46108ms] [WARNING] [.WebGL-0x104004f6200] GL_INVALID_FRAMEBUFFER_OPERATION: glClear: Framebuffer is incomplete: Attachment has zero size. @ http://localhost:3002/:0
[   46109ms] [WARNING] [.WebGL-0x104004f6200] GL_INVALID_FRAMEBUFFER_OPERATION: glDrawElements: Framebuffer is incomplete: Attachment has zero size. @ http://localhost:3002/:0
[   46109ms] [WARNING] [.WebGL-0x104004f6200] GL_INVALID_FRAMEBUFFER_OPERATION: glDrawElements: Framebuffer is incomplete: Attachment has zero size. @ http://localhost:3002/:0
[   46133ms] [WARNING] [.WebGL-0x104004f6200] GL_INVALID_FRAMEBUFFER_OPERATION: glClear: Framebuffer is incomplete: Attachment has zero size. @ http://localhost:3002/:0
[   46133ms] [WARNING] [.WebGL-0x104004f6200] GL_INVALID_FRAMEBUFFER_OPERATION: glClear: Framebuffer is incomplete: Attachment has zero size. @ http://localhost:3002/:0
[   46134ms] [WARNING] [.WebGL-0x104004f6200] GL_INVALID_FRAMEBUFFER_OPERATION: glDrawElements: Framebuffer is incomplete: Attachment has zero size. @ http://localhost:3002/:0
[   46134ms] [WARNING] [.WebGL-0x104004f6200] GL_INVALID_FRAMEBUFFER_OPERATION: glDrawElements: Framebuffer is incomplete: Attachment has zero size. @ http://localhost:3002/:0
[   46158ms] [WARNING] [.WebGL-0x104004f6200] GL_INVALID_FRAMEBUFFER_OPERATION: glClear: Framebuffer is incomplete: Attachment has zero size. @ http://localhost:3002/:0
[   46158ms] [WARNING] [.WebGL-0x104004f6200] GL_INVALID_FRAMEBUFFER_OPERATION: glClear: Framebuffer is incomplete: Attachment has zero size. @ http://localhost:3002/:0
[   46159ms] [WARNING] [.WebGL-0x104004f6200] GL_INVALID_FRAMEBUFFER_OPERATION: glDrawElements: Framebuffer is incomplete: Attachment has zero size. @ http://localhost:3002/:0
[   46159ms] [WARNING] [.WebGL-0x104004f6200] GL_INVALID_FRAMEBUFFER_OPERATION: glDrawElements: Framebuffer is incomplete: Attachment has zero size. @ http://localhost:3002/:0
[   46184ms] [WARNING] [.WebGL-0x104004f6200] GL_INVALID_FRAMEBUFFER_OPERATION: glClear: Framebuffer is incomplete: Attachment has zero size. @ http://localhost:3002/:0
[   46184ms] [WARNING] [.WebGL-0x104004f6200] GL_INVALID_FRAMEBUFFER_OPERATION: glClear: Framebuffer is incomplete: Attachment has zero size. @ http://localhost:3002/:0
[   46184ms] [WARNING] [.WebGL-0x104004f6200] GL_INVALID_FRAMEBUFFER_OPERATION: glDrawElements: Framebuffer is incomplete: Attachment has zero size. @ http://localhost:3002/:0
[   46184ms] [WARNING] [.WebGL-0x104004f6200] GL_INVALID_FRAMEBUFFER_OPERATION: glDrawElements: Framebuffer is incomplete: Attachment has zero size. @ http://localhost:3002/:0
[   46208ms] [WARNING] [.WebGL-0x104004f6200] GL_INVALID_FRAMEBUFFER_OPERATION: glClear: Framebuffer is incomplete: Attachment has zero size. @ http://localhost:3002/:0
[   46208ms] [WARNING] [.WebGL-0x104004f6200] GL_INVALID_FRAMEBUFFER_OPERATION: glClear: Framebuffer is incomplete: Attachment has zero size. @ http://localhost:3002/:0
[   46209ms] [WARNING] [.WebGL-0x104004f6200] GL_INVALID_FRAMEBUFFER_OPERATION: glDrawElements: Framebuffer is incomplete: Attachment has zero size. @ http://localhost:3002/:0
[   46209ms] [WARNING] [.WebGL-0x104004f6200] GL_INVALID_FRAMEBUFFER_OPERATION: glDrawElements: Framebuffer is incomplete: Attachment has zero size. @ http://localhost:3002/:0
[   46234ms] [WARNING] [.WebGL-0x104004f6200] GL_INVALID_FRAMEBUFFER_OPERATION: glClear: Framebuffer is incomplete: Attachment has zero size. @ http://localhost:3002/:0
[   46234ms] [WARNING] [.WebGL-0x104004f6200] GL_INVALID_FRAMEBUFFER_OPERATION: glClear: Framebuffer is incomplete: Attachment has zero size. @ http://localhost:3002/:0
[   46234ms] [WARNING] [.WebGL-0x104004f6200] GL_INVALID_FRAMEBUFFER_OPERATION: glDrawElements: Framebuffer is incomplete: Attachment has zero size. @ http://localhost:3002/:0
[   46234ms] [WARNING] [.WebGL-0x104004f6200] GL_INVALID_FRAMEBUFFER_OPERATION: glDrawElements: Framebuffer is incomplete: Attachment has zero size. @ http://localhost:3002/:0
[   46258ms] [WARNING] [.WebGL-0x104004f6200] GL_INVALID_FRAMEBUFFER_OPERATION: glClear: Framebuffer is incomplete: Attachment has zero size. @ http://localhost:3002/:0
[   46258ms] [WARNING] [.WebGL-0x104004f6200] GL_INVALID_FRAMEBUFFER_OPERATION: glClear: Framebuffer is incomplete: Attachment has zero size. @ http://localhost:3002/:0
[   46258ms] [WARNING] [.WebGL-0x104004f6200] GL_INVALID_FRAMEBUFFER_OPERATION: glDrawElements: Framebuffer is incomplete: Attachment has zero size. @ http://localhost:3002/:0
[   46259ms] [WARNING] [.WebGL-0x104004f6200] GL_INVALID_FRAMEBUFFER_OPERATION: glDrawElements: Framebuffer is incomplete: Attachment has zero size. @ http://localhost:3002/:0
[   46283ms] [WARNING] [.WebGL-0x104004f6200] GL_INVALID_FRAMEBUFFER_OPERATION: glClear: Framebuffer is incomplete: Attachment has zero size. @ http://localhost:3002/:0
[   46283ms] [WARNING] [.WebGL-0x104004f6200] GL_INVALID_FRAMEBUFFER_OPERATION: glClear: Framebuffer is incomplete: Attachment has zero size. @ http://localhost:3002/:0
[   46284ms] [WARNING] [.WebGL-0x104004f6200] GL_INVALID_FRAMEBUFFER_OPERATION: glDrawElements: Framebuffer is incomplete: Attachment has zero size. @ http://localhost:3002/:0
[   46284ms] [WARNING] [.WebGL-0x104004f6200] GL_INVALID_FRAMEBUFFER_OPERATION: glDrawElements: Framebuffer is incomplete: Attachment has zero size. @ http://localhost:3002/:0
[   46309ms] [WARNING] [.WebGL-0x104004f6200] GL_INVALID_FRAMEBUFFER_OPERATION: glClear: Framebuffer is incomplete: Attachment has zero size. @ http://localhost:3002/:0
[   46309ms] [WARNING] [.WebGL-0x104004f6200] GL_INVALID_FRAMEBUFFER_OPERATION: glClear: Framebuffer is incomplete: Attachment has zero size. @ http://localhost:3002/:0
[   46309ms] [WARNING] [.WebGL-0x104004f6200] GL_INVALID_FRAMEBUFFER_OPERATION: glDrawElements: Framebuffer is incomplete: Attachment has zero size. @ http://localhost:3002/:0
[   46309ms] [WARNING] [.WebGL-0x104004f6200] GL_INVALID_FRAMEBUFFER_OPERATION: glDrawElements: Framebuffer is incomplete: Attachment has zero size. @ http://localhost:3002/:0
[   46333ms] [WARNING] [.WebGL-0x104004f6200] GL_INVALID_FRAMEBUFFER_OPERATION: glClear: Framebuffer is incomplete: Attachment has zero size. @ http://localhost:3002/:0
[   46333ms] [WARNING] [.WebGL-0x104004f6200] GL_INVALID_FRAMEBUFFER_OPERATION: glClear: Framebuffer is incomplete: Attachment has zero size. @ http://localhost:3002/:0
[   46334ms] [WARNING] [.WebGL-0x104004f6200] GL_INVALID_FRAMEBUFFER_OPERATION: glDrawElements: Framebuffer is incomplete: Attachment has zero size. @ http://localhost:3002/:0
[   46334ms] [WARNING] [.WebGL-0x104004f6200] GL_INVALID_FRAMEBUFFER_OPERATION: glDrawElements: Framebuffer is incomplete: Attachment has zero size. @ http://localhost:3002/:0
[   46360ms] [WARNING] [.WebGL-0x104004f6200] GL_INVALID_FRAMEBUFFER_OPERATION: glClear: Framebuffer is incomplete: Attachment has zero size. @ http://localhost:3002/:0
[   46360ms] [WARNING] [.WebGL-0x104004f6200] GL_INVALID_FRAMEBUFFER_OPERATION: glClear: Framebuffer is incomplete: Attachment has zero size. @ http://localhost:3002/:0
[   46360ms] [WARNING] [.WebGL-0x104004f6200] GL_INVALID_FRAMEBUFFER_OPERATION: glDrawElements: Framebuffer is incomplete: Attachment has zero size. @ http://localhost:3002/:0
[   46360ms] [WARNING] [.WebGL-0x104004f6200] GL_INVALID_FRAMEBUFFER_OPERATION: glDrawElements: Framebuffer is incomplete: Attachment has zero size. @ http://localhost:3002/:0
[   46384ms] [WARNING] [.WebGL-0x104004f6200] GL_INVALID_FRAMEBUFFER_OPERATION: glClear: Framebuffer is incomplete: Attachment has zero size. @ http://localhost:3002/:0
[   46384ms] [WARNING] [.WebGL-0x104004f6200] GL_INVALID_FRAMEBUFFER_OPERATION: glClear: Framebuffer is incomplete: Attachment has zero size. @ http://localhost:3002/:0
[   46392ms] [WARNING] [.WebGL-0x104004f6200] GL_INVALID_FRAMEBUFFER_OPERATION: glDrawElements: Framebuffer is incomplete: Attachment has zero size. @ http://localhost:3002/:0
[   46392ms] [WARNING] [.WebGL-0x104004f6200] GL_INVALID_FRAMEBUFFER_OPERATION: glDrawElements: Framebuffer is incomplete: Attachment has zero size. @ http://localhost:3002/:0
[   46434ms] [WARNING] [.WebGL-0x104004f6200] GL_INVALID_FRAMEBUFFER_OPERATION: glClear: Framebuffer is incomplete: Attachment has zero size. @ http://localhost:3002/:0
[   46434ms] [WARNING] [.WebGL-0x104004f6200] GL_INVALID_FRAMEBUFFER_OPERATION: glClear: Framebuffer is incomplete: Attachment has zero size. @ http://localhost:3002/:0
[   46434ms] [WARNING] [.WebGL-0x104004f6200] GL_INVALID_FRAMEBUFFER_OPERATION: glDrawElements: Framebuffer is incomplete: Attachment has zero size. @ http://localhost:3002/:0
[   46434ms] [WARNING] [.WebGL-0x104004f6200] GL_INVALID_FRAMEBUFFER_OPERATION: glDrawElements: Framebuffer is incomplete: Attachment has zero size. @ http://localhost:3002/:0
[   46434ms] [WARNING] [.WebGL-0x104004f6200] GL_INVALID_FRAMEBUFFER_OPERATION: glClear: Framebuffer is incomplete: Attachment has zero size. @ http://localhost:3002/:0
[   46434ms] [WARNING] [.WebGL-0x104004f6200] GL_INVALID_FRAMEBUFFER_OPERATION: glClear: Framebuffer is incomplete: Attachment has zero size. @ http://localhost:3002/:0
[   46457ms] [WARNING] [.WebGL-0x104004f6200] GL_INVALID_FRAMEBUFFER_OPERATION: glDrawElements: Framebuffer is incomplete: Attachment has zero size. @ http://localhost:3002/:0
[   46457ms] [WARNING] [.WebGL-0x104004f6200] GL_INVALID_FRAMEBUFFER_OPERATION: glDrawElements: Framebuffer is incomplete: Attachment has zero size. @ http://localhost:3002/:0
[   46458ms] [WARNING] [.WebGL-0x104004f6200] GL_INVALID_FRAMEBUFFER_OPERATION: glClear: Framebuffer is incomplete: Attachment has zero size. @ http://localhost:3002/:0
[   46482ms] [WARNING] [.WebGL-0x104004f6200] GL_INVALID_FRAMEBUFFER_OPERATION: glClear: Framebuffer is incomplete: Attachment has zero size. @ http://localhost:3002/:0
[   46482ms] [WARNING] [.WebGL-0x104004f6200] GL_INVALID_FRAMEBUFFER_OPERATION: glDrawElements: Framebuffer is incomplete: Attachment has zero size. @ http://localhost:3002/:0
[   46482ms] [WARNING] [.WebGL-0x104004f6200] GL_INVALID_FRAMEBUFFER_OPERATION: glDrawElements: Framebuffer is incomplete: Attachment has zero size. @ http://localhost:3002/:0
[   46483ms] [WARNING] [.WebGL-0x104004f6200] GL_INVALID_FRAMEBUFFER_OPERATION: glClear: Framebuffer is incomplete: Attachment has zero size. @ http://localhost:3002/:0
[   46483ms] [WARNING] [.WebGL-0x104004f6200] GL_INVALID_FRAMEBUFFER_OPERATION: glClear: Framebuffer is incomplete: Attachment has zero size. @ http://localhost:3002/:0
[   46483ms] [WARNING] [.WebGL-0x104004f6200] GL_INVALID_FRAMEBUFFER_OPERATION: glDrawElements: Framebuffer is incomplete: Attachment has zero size. @ http://localhost:3002/:0
[   46507ms] [WARNING] [.WebGL-0x104004f6200] GL_INVALID_FRAMEBUFFER_OPERATION: glDrawElements: Framebuffer is incomplete: Attachment has zero size. @ http://localhost:3002/:0
[   46508ms] [WARNING] [.WebGL-0x104004f6200] GL_INVALID_FRAMEBUFFER_OPERATION: glClear: Framebuffer is incomplete: Attachment has zero size. @ http://localhost:3002/:0
[   46508ms] [WARNING] [.WebGL-0x104004f6200] GL_INVALID_FRAMEBUFFER_OPERATION: glClear: Framebuffer is incomplete: Attachment has zero size. @ http://localhost:3002/:0
[   46533ms] [WARNING] [.WebGL-0x104004f6200] GL_INVALID_FRAMEBUFFER_OPERATION: glDrawElements: Framebuffer is incomplete: Attachment has zero size. @ http://localhost:3002/:0
[   46533ms] [WARNING] [.WebGL-0x104004f6200] GL_INVALID_FRAMEBUFFER_OPERATION: glDrawElements: Framebuffer is incomplete: Attachment has zero size. @ http://localhost:3002/:0
[   46558ms] [WARNING] [.WebGL-0x104004f6200] GL_INVALID_FRAMEBUFFER_OPERATION: glClear: Framebuffer is incomplete: Attachment has zero size. @ http://localhost:3002/:0
[   46558ms] [WARNING] [.WebGL-0x104004f6200] GL_INVALID_FRAMEBUFFER_OPERATION: glClear: Framebuffer is incomplete: Attachment has zero size. @ http://localhost:3002/:0
[   46558ms] [WARNING] [.WebGL-0x104004f6200] GL_INVALID_FRAMEBUFFER_OPERATION: glDrawElements: Framebuffer is incomplete: Attachment has zero size. @ http://localhost:3002/:0
[   46558ms] [WARNING] [.WebGL-0x104004f6200] GL_INVALID_FRAMEBUFFER_OPERATION: glDrawElements: Framebuffer is incomplete: Attachment has zero size. @ http://localhost:3002/:0
[   46559ms] [WARNING] [.WebGL-0x104004f6200] GL_INVALID_FRAMEBUFFER_OPERATION: glClear: Framebuffer is incomplete: Attachment has zero size. @ http://localhost:3002/:0
[   46559ms] [WARNING] [.WebGL-0x104004f6200] GL_INVALID_FRAMEBUFFER_OPERATION: glClear: Framebuffer is incomplete: Attachment has zero size. @ http://localhost:3002/:0
[   46583ms] [WARNING] [.WebGL-0x104004f6200] GL_INVALID_FRAMEBUFFER_OPERATION: glDrawElements: Framebuffer is incomplete: Attachment has zero size. @ http://localhost:3002/:0
[   46583ms] [WARNING] [.WebGL-0x104004f6200] GL_INVALID_FRAMEBUFFER_OPERATION: glDrawElements: Framebuffer is incomplete: Attachment has zero size. @ http://localhost:3002/:0
[   46607ms] [WARNING] [.WebGL-0x104004f6200] GL_INVALID_FRAMEBUFFER_OPERATION: glClear: Framebuffer is incomplete: Attachment has zero size. @ http://localhost:3002/:0
[   46608ms] [WARNING] [.WebGL-0x104004f6200] GL_INVALID_FRAMEBUFFER_OPERATION: glClear: Framebuffer is incomplete: Attachment has zero size. @ http://localhost:3002/:0
[   46608ms] [WARNING] [.WebGL-0x104004f6200] GL_INVALID_FRAMEBUFFER_OPERATION: glDrawElements: Framebuffer is incomplete: Attachment has zero size. @ http://localhost:3002/:0
[   46608ms] [WARNING] [.WebGL-0x104004f6200] GL_INVALID_FRAMEBUFFER_OPERATION: glDrawElements: Framebuffer is incomplete: Attachment has zero size. @ http://localhost:3002/:0
[   46608ms] [WARNING] [.WebGL-0x104004f6200] GL_INVALID_FRAMEBUFFER_OPERATION: glClear: Framebuffer is incomplete: Attachment has zero size. @ http://localhost:3002/:0
[   46608ms] [WARNING] [.WebGL-0x104004f6200] GL_INVALID_FRAMEBUFFER_OPERATION: glClear: Framebuffer is incomplete: Attachment has zero size. @ http://localhost:3002/:0
[   46633ms] [WARNING] [.WebGL-0x104004f6200] GL_INVALID_FRAMEBUFFER_OPERATION: glDrawElements: Framebuffer is incomplete: Attachment has zero size. @ http://localhost:3002/:0
[   46633ms] [WARNING] [.WebGL-0x104004f6200] GL_INVALID_FRAMEBUFFER_OPERATION: glDrawElements: Framebuffer is incomplete: Attachment has zero size. @ http://localhost:3002/:0
[   46658ms] [WARNING] [.WebGL-0x104004f6200] GL_INVALID_FRAMEBUFFER_OPERATION: glClear: Framebuffer is incomplete: Attachment has zero size. @ http://localhost:3002/:0
[   46658ms] [WARNING] [.WebGL-0x104004f6200] GL_INVALID_FRAMEBUFFER_OPERATION: glClear: Framebuffer is incomplete: Attachment has zero size. @ http://localhost:3002/:0
[   46658ms] [WARNING] [.WebGL-0x104004f6200] GL_INVALID_FRAMEBUFFER_OPERATION: glDrawElements: Framebuffer is incomplete: Attachment has zero size. @ http://localhost:3002/:0
[   46658ms] [WARNING] [.WebGL-0x104004f6200] GL_INVALID_FRAMEBUFFER_OPERATION: glDrawElements: Framebuffer is incomplete: Attachment has zero size. @ http://localhost:3002/:0
[   46659ms] [WARNING] [.WebGL-0x104004f6200] GL_INVALID_FRAMEBUFFER_OPERATION: glClear: Framebuffer is incomplete: Attachment has zero size. @ http://localhost:3002/:0
[   46659ms] [WARNING] [.WebGL-0x104004f6200] GL_INVALID_FRAMEBUFFER_OPERATION: glClear: Framebuffer is incomplete: Attachment has zero size. @ http://localhost:3002/:0
[   46685ms] [WARNING] [.WebGL-0x104004f6200] GL_INVALID_FRAMEBUFFER_OPERATION: glDrawElements: Framebuffer is incomplete: Attachment has zero size. @ http://localhost:3002/:0
[   46685ms] [WARNING] [.WebGL-0x104004f6200] GL_INVALID_FRAMEBUFFER_OPERATION: glDrawElements: Framebuffer is incomplete: Attachment has zero size. @ http://localhost:3002/:0
[   46686ms] [WARNING] [.WebGL-0x104004f6200] GL_INVALID_FRAMEBUFFER_OPERATION: glClear: Framebuffer is incomplete: Attachment has zero size. @ http://localhost:3002/:0
[   46686ms] [WARNING] [.WebGL-0x104004f6200] GL_INVALID_FRAMEBUFFER_OPERATION: glClear: Framebuffer is incomplete: Attachment has zero size. @ http://localhost:3002/:0
[   46711ms] [WARNING] [.WebGL-0x104004f6200] GL_INVALID_FRAMEBUFFER_OPERATION: glDrawElements: Framebuffer is incomplete: Attachment has zero size. @ http://localhost:3002/:0
[   46711ms] [WARNING] [.WebGL-0x104004f6200] GL_INVALID_FRAMEBUFFER_OPERATION: glDrawElements: Framebuffer is incomplete: Attachment has zero size. @ http://localhost:3002/:0
[   46711ms] [WARNING] [.WebGL-0x104004f6200] GL_INVALID_FRAMEBUFFER_OPERATION: glClear: Framebuffer is incomplete: Attachment has zero size. @ http://localhost:3002/:0
[   46711ms] [WARNING] [.WebGL-0x104004f6200] GL_INVALID_FRAMEBUFFER_OPERATION: glClear: Framebuffer is incomplete: Attachment has zero size. @ http://localhost:3002/:0
[   46711ms] [WARNING] [.WebGL-0x104004f6200] GL_INVALID_FRAMEBUFFER_OPERATION: glDrawElements: Framebuffer is incomplete: Attachment has zero size. @ http://localhost:3002/:0
[   46733ms] [WARNING] [.WebGL-0x104004f6200] GL_INVALID_FRAMEBUFFER_OPERATION: glDrawElements: Framebuffer is incomplete: Attachment has zero size. @ http://localhost:3002/:0
[   46733ms] [WARNING] WebGL: too many errors, no more errors will be reported to the console for this context. @ http://localhost:3002/:0
[   52042ms] [WARNING] THREE.Color: Alpha component of rgba(59,130,246,0.3) will be ignored. @ http://localhost:3002/node_modules/.vite/deps/react-globe__gl.js?v=8c6aa4bf:614
[   52044ms] [WARNING] THREE.Color: Alpha component of rgba(59,130,246,0.3) will be ignored. @ http://localhost:3002/node_modules/.vite/deps/react-globe__gl.js?v=8c6aa4bf:614
[   55251ms] [WARNING] THREE.Color: Alpha component of rgba(59,130,246,0.3) will be ignored. @ http://localhost:3002/node_modules/.vite/deps/react-globe__gl.js?v=8c6aa4bf:614
[   55252ms] [WARNING] THREE.Color: Alpha component of rgba(59,130,246,0.3) will be ignored. @ http://localhost:3002/node_modules/.vite/deps/react-globe__gl.js?v=8c6aa4bf:614
[   56509ms] [INFO] %cDownload the React DevTools for a better development experience: https://reactjs.org/link/react-devtools font-weight:bold @ http://localhost:3002/node_modules/.vite/deps/chunk-5FIUFYUJ.js?v=8c6aa4bf:21550
[   56596ms] [WARNING] ⚠️ React Router Future Flag Warning: React Router will begin wrapping state updates in `React.startTransition` in v7. You can use the `v7_startTransition` future flag to opt-in early. For more information, see https://reactrouter.com/v6/upgrading/future#v7_starttransition. @ http://localhost:3002/node_modules/.vite/deps/react-router-dom.js?v=8c6aa4bf:4435
[   56596ms] [WARNING] ⚠️ React Router Future Flag Warning: Relative route resolution within Splat routes is changing in v7. You can use the `v7_relativeSplatPath` future flag to opt-in early. For more information, see https://reactrouter.com/v6/upgrading/future#v7_relativesplatpath. @ http://localhost:3002/node_modules/.vite/deps/react-router-dom.js?v=8c6aa4bf:4435
[   56608ms] [WARNING] THREE.Color: Alpha component of rgba(59,130,246,0.3) will be ignored. @ http://localhost:3002/node_modules/.vite/deps/react-globe__gl.js?v=8c6aa4bf:614
[   56611ms] [WARNING] THREE.Color: Alpha component of rgba(59,130,246,0.3) will be ignored. @ http://localhost:3002/node_modules/.vite/deps/react-globe__gl.js?v=8c6aa4bf:614
[   78094ms] [INFO] %cDownload the React DevTools for a better development experience: https://reactjs.org/link/react-devtools font-weight:bold @ http://localhost:3002/node_modules/.vite/deps/chunk-5FIUFYUJ.js?v=8c6aa4bf:21550
[   78170ms] [WARNING] ⚠️ React Router Future Flag Warning: React Router will begin wrapping state updates in `React.startTransition` in v7. You can use the `v7_startTransition` future flag to opt-in early. For more information, see https://reactrouter.com/v6/upgrading/future#v7_starttransition. @ http://localhost:3002/node_modules/.vite/deps/react-router-dom.js?v=8c6aa4bf:4435
[   78170ms] [WARNING] ⚠️ React Router Future Flag Warning: Relative route resolution within Splat routes is changing in v7. You can use the `v7_relativeSplatPath` future flag to opt-in early. For more information, see https://reactrouter.com/v6/upgrading/future#v7_relativesplatpath. @ http://localhost:3002/node_modules/.vite/deps/react-router-dom.js?v=8c6aa4bf:4435
[   78183ms] [WARNING] THREE.Color: Alpha component of rgba(59,130,246,0.3) will be ignored. @ http://localhost:3002/node_modules/.vite/deps/react-globe__gl.js?v=8c6aa4bf:614
[   78185ms] [WARNING] THREE.Color: Alpha component of rgba(59,130,246,0.3) will be ignored. @ http://localhost:3002/node_modules/.vite/deps/react-globe__gl.js?v=8c6aa4bf:614
